../Core/Src/main.c:68:6:calcsin	16	static
../Core/Src/main.c:76:6:calchanning	16	static
../Core/Src/main.c:82:7:bessel_jn	48	static
../Core/Src/main.c:96:5:sgn	16	static
../Core/Src/main.c:104:7:arccot	16	static
../Core/Src/main.c:150:10:Read_ADC	8	static
../Core/Src/main.c:155:6:Reset_PWM	16	static
../Core/Src/main.c:159:6:Sweep_PWM	40	static
../Core/Src/main.c:188:6:HAL_ADC_ConvHalfCpltCallback	24	static
../Core/Src/main.c:197:6:HAL_ADC_ConvCpltCallback	24	static
../Core/Src/main.c:210:6:Calc_FFT	56	static
../Core/Src/main.c:293:5:main	856	static
../Core/Src/main.c:502:6:SystemClock_Config	96	static
../Core/Src/main.c:553:13:MX_ADC1_Init	48	static
../Core/Src/main.c:620:13:MX_DAC1_Init	48	static
../Core/Src/main.c:671:13:MX_TIM1_Init	40	static
../Core/Src/main.c:718:13:MX_TIM2_Init	64	static
../Core/Src/main.c:781:13:MX_TIM3_Init	64	static
../Core/Src/main.c:840:13:MX_TIM6_Init	24	static
../Core/Src/main.c:878:13:MX_USART2_UART_Init	8	static
../Core/Src/main.c:911:13:MX_DMA_Init	16	static
../Core/Src/main.c:932:13:MX_GPIO_Init	48	static
../Core/Src/main.c:955:6:MX_ADC1_Init2	48	static
../Core/Src/main.c:1025:6:Error_Handler	4	static,ignoring_inline_asm
