../Core/Src/main.c:71:7:getPhaseAngle	32	static
../Core/Src/main.c:88:6:calcsin	16	static
../Core/Src/main.c:96:6:calchanning	16	static
../Core/Src/main.c:102:7:bessel_jn	48	static
../Core/Src/main.c:116:5:sgn	16	static
../Core/Src/main.c:124:7:arccot	16	static
../Core/Src/main.c:171:10:Read_ADC	8	static
../Core/Src/main.c:176:6:Reset_PWM	16	static
../Core/Src/main.c:180:6:Sweep_PWM	40	static
../Core/Src/main.c:209:6:HAL_ADC_ConvHalfCpltCallback	24	static
../Core/Src/main.c:218:6:HAL_ADC_ConvCpltCallback	24	static
../Core/Src/main.c:231:6:Calc_FFT	64	static
../Core/Src/main.c:317:5:main	1624	static
../Core/Src/main.c:547:6:SystemClock_Config	96	static
../Core/Src/main.c:598:13:MX_ADC1_Init	48	static
../Core/Src/main.c:665:13:MX_DAC1_Init	48	static
../Core/Src/main.c:716:13:MX_TIM1_Init	40	static
../Core/Src/main.c:763:13:MX_TIM2_Init	64	static
../Core/Src/main.c:826:13:MX_TIM3_Init	64	static
../Core/Src/main.c:885:13:MX_TIM6_Init	24	static
../Core/Src/main.c:923:13:MX_USART2_UART_Init	8	static
../Core/Src/main.c:956:13:MX_DMA_Init	16	static
../Core/Src/main.c:977:13:MX_GPIO_Init	48	static
../Core/Src/main.c:1000:6:MX_ADC1_Init2	48	static
../Core/Src/main.c:1070:6:Error_Handler	4	static,ignoring_inline_asm
