Archive member included to satisfy reference by file (symbol)

C:\Users\jensc\STM32CubeIDE\workspace_1.17.0\MZMbias\phase-shift-meas\lib\libarm_cortexM4l_math.a(arm_rfft_fast_init_f32.o)
                              ./Core/Src/main.o (arm_rfft_fast_init_f32)
C:\Users\jensc\STM32CubeIDE\workspace_1.17.0\MZMbias\phase-shift-meas\lib\libarm_cortexM4l_math.a(arm_rfft_fast_f32.o)
                              ./Core/Src/main.o (arm_rfft_fast_f32)
C:\Users\jensc\STM32CubeIDE\workspace_1.17.0\MZMbias\phase-shift-meas\lib\libarm_cortexM4l_math.a(arm_cfft_f32.o)
                              C:\Users\jensc\STM32CubeIDE\workspace_1.17.0\MZMbias\phase-shift-meas\lib\libarm_cortexM4l_math.a(arm_rfft_fast_f32.o) (arm_cfft_f32)
C:\Users\jensc\STM32CubeIDE\workspace_1.17.0\MZMbias\phase-shift-meas\lib\libarm_cortexM4l_math.a(arm_common_tables.o)
                              C:\Users\jensc\STM32CubeIDE\workspace_1.17.0\MZMbias\phase-shift-meas\lib\libarm_cortexM4l_math.a(arm_rfft_fast_init_f32.o) (twiddleCoef_rfft_4096)
C:\Users\jensc\STM32CubeIDE\workspace_1.17.0\MZMbias\phase-shift-meas\lib\libarm_cortexM4l_math.a(arm_bitreversal2.o)
                              C:\Users\jensc\STM32CubeIDE\workspace_1.17.0\MZMbias\phase-shift-meas\lib\libarm_cortexM4l_math.a(arm_cfft_f32.o) (arm_bitreversal_32)
C:\Users\jensc\STM32CubeIDE\workspace_1.17.0\MZMbias\phase-shift-meas\lib\libarm_cortexM4l_math.a(arm_cfft_radix8_f32.o)
                              C:\Users\jensc\STM32CubeIDE\workspace_1.17.0\MZMbias\phase-shift-meas\lib\libarm_cortexM4l_math.a(arm_cfft_f32.o) (arm_radix8_butterfly_f32)
C:/ST/STM32CubeIDE_1.17.0/STM32CubeIDE/plugins/com.st.stm32cube.ide.mcu.externaltools.gnu-tools-for-stm32.12.3.rel1.win32_1.1.0.202410251130/tools/bin/../lib/gcc/arm-none-eabi/12.3.1/../../../../arm-none-eabi/lib/thumb/v7e-m+fp/softfp\libc_nano.a(libc_a-exit.o)
                              C:/ST/STM32CubeIDE_1.17.0/STM32CubeIDE/plugins/com.st.stm32cube.ide.mcu.externaltools.gnu-tools-for-stm32.12.3.rel1.win32_1.1.0.202410251130/tools/bin/../lib/gcc/arm-none-eabi/12.3.1/../../../../arm-none-eabi/lib/thumb/v7e-m+fp/softfp/crt0.o (exit)
C:/ST/STM32CubeIDE_1.17.0/STM32CubeIDE/plugins/com.st.stm32cube.ide.mcu.externaltools.gnu-tools-for-stm32.12.3.rel1.win32_1.1.0.202410251130/tools/bin/../lib/gcc/arm-none-eabi/12.3.1/../../../../arm-none-eabi/lib/thumb/v7e-m+fp/softfp\libc_nano.a(libc_a-findfp.o)
                              C:/ST/STM32CubeIDE_1.17.0/STM32CubeIDE/plugins/com.st.stm32cube.ide.mcu.externaltools.gnu-tools-for-stm32.12.3.rel1.win32_1.1.0.202410251130/tools/bin/../lib/gcc/arm-none-eabi/12.3.1/../../../../arm-none-eabi/lib/thumb/v7e-m+fp/softfp\libc_nano.a(libc_a-exit.o) (__stdio_exit_handler)
C:/ST/STM32CubeIDE_1.17.0/STM32CubeIDE/plugins/com.st.stm32cube.ide.mcu.externaltools.gnu-tools-for-stm32.12.3.rel1.win32_1.1.0.202410251130/tools/bin/../lib/gcc/arm-none-eabi/12.3.1/../../../../arm-none-eabi/lib/thumb/v7e-m+fp/softfp\libc_nano.a(libc_a-fwalk.o)
                              C:/ST/STM32CubeIDE_1.17.0/STM32CubeIDE/plugins/com.st.stm32cube.ide.mcu.externaltools.gnu-tools-for-stm32.12.3.rel1.win32_1.1.0.202410251130/tools/bin/../lib/gcc/arm-none-eabi/12.3.1/../../../../arm-none-eabi/lib/thumb/v7e-m+fp/softfp\libc_nano.a(libc_a-findfp.o) (_fwalk_sglue)
C:/ST/STM32CubeIDE_1.17.0/STM32CubeIDE/plugins/com.st.stm32cube.ide.mcu.externaltools.gnu-tools-for-stm32.12.3.rel1.win32_1.1.0.202410251130/tools/bin/../lib/gcc/arm-none-eabi/12.3.1/../../../../arm-none-eabi/lib/thumb/v7e-m+fp/softfp\libc_nano.a(libc_a-sprintf.o)
                              ./Core/Src/main.o (sprintf)
C:/ST/STM32CubeIDE_1.17.0/STM32CubeIDE/plugins/com.st.stm32cube.ide.mcu.externaltools.gnu-tools-for-stm32.12.3.rel1.win32_1.1.0.202410251130/tools/bin/../lib/gcc/arm-none-eabi/12.3.1/../../../../arm-none-eabi/lib/thumb/v7e-m+fp/softfp\libc_nano.a(libc_a-stdio.o)
                              C:/ST/STM32CubeIDE_1.17.0/STM32CubeIDE/plugins/com.st.stm32cube.ide.mcu.externaltools.gnu-tools-for-stm32.12.3.rel1.win32_1.1.0.202410251130/tools/bin/../lib/gcc/arm-none-eabi/12.3.1/../../../../arm-none-eabi/lib/thumb/v7e-m+fp/softfp\libc_nano.a(libc_a-findfp.o) (__sread)
C:/ST/STM32CubeIDE_1.17.0/STM32CubeIDE/plugins/com.st.stm32cube.ide.mcu.externaltools.gnu-tools-for-stm32.12.3.rel1.win32_1.1.0.202410251130/tools/bin/../lib/gcc/arm-none-eabi/12.3.1/../../../../arm-none-eabi/lib/thumb/v7e-m+fp/softfp\libc_nano.a(libc_a-memset.o)
                              C:/ST/STM32CubeIDE_1.17.0/STM32CubeIDE/plugins/com.st.stm32cube.ide.mcu.externaltools.gnu-tools-for-stm32.12.3.rel1.win32_1.1.0.202410251130/tools/bin/../lib/gcc/arm-none-eabi/12.3.1/../../../../arm-none-eabi/lib/thumb/v7e-m+fp/softfp/crt0.o (memset)
C:/ST/STM32CubeIDE_1.17.0/STM32CubeIDE/plugins/com.st.stm32cube.ide.mcu.externaltools.gnu-tools-for-stm32.12.3.rel1.win32_1.1.0.202410251130/tools/bin/../lib/gcc/arm-none-eabi/12.3.1/../../../../arm-none-eabi/lib/thumb/v7e-m+fp/softfp\libc_nano.a(libc_a-closer.o)
[...]
Memory Configuration

Name             Origin             Length             Attributes
RAM              0x20000000         0x00018000         xrw
RAM2             0x10000000         0x00008000         xrw
FLASH            0x08000000         0x00100000         xr
*default*        0x00000000         0xffffffff

Linker script and memory map

LOAD C:/ST/STM32CubeIDE_1.17.0/STM32CubeIDE/plugins/com.st.stm32cube.ide.mcu.externaltools.gnu-tools-for-stm32.12.3.rel1.win32_1.1.0.202410251130/tools/bin/../lib/gcc/arm-none-eabi/12.3.1/thumb/v7e-m+fp/softfp/crti.o
LOAD C:/ST/STM32CubeIDE_1.17.0/STM32CubeIDE/plugins/com.st.stm32cube.ide.mcu.externaltools.gnu-tools-for-stm32.12.3.rel1.win32_1.1.0.202410251130/tools/bin/../lib/gcc/arm-none-eabi/12.3.1/thumb/v7e-m+fp/softfp/crtbegin.o
LOAD C:/ST/STM32CubeIDE_1.17.0/STM32CubeIDE/plugins/com.st.stm32cube.ide.mcu.externaltools.gnu-tools-for-stm32.12.3.rel1.win32_1.1.0.202410251130/tools/bin/../lib/gcc/arm-none-eabi/12.3.1/../../../../arm-none-eabi/lib/thumb/v7e-m+fp/softfp/crt0.o
LOAD ./Core/Src/main.o
LOAD ./Core/Src/stm32l4xx_hal_msp.o
LOAD ./Core/Src/stm32l4xx_it.o
LOAD ./Core/Src/syscalls.o
LOAD ./Core/Src/sysmem.o
LOAD ./Core/Src/system_stm32l4xx.o
LOAD ./Core/Startup/startup_stm32l476rgtx.o
LOAD ./Drivers/STM32L4xx_HAL_Driver/Src/stm32l4xx_hal.o
LOAD ./Drivers/STM32L4xx_HAL_Driver/Src/stm32l4xx_hal_adc.o
LOAD ./Drivers/STM32L4xx_HAL_Driver/Src/stm32l4xx_hal_adc_ex.o
LOAD ./Drivers/STM32L4xx_HAL_Driver/Src/stm32l4xx_hal_cortex.o
LOAD ./Drivers/STM32L4xx_HAL_Driver/Src/stm32l4xx_hal_dac.o
LOAD ./Drivers/STM32L4xx_HAL_Driver/Src/stm32l4xx_hal_dac_ex.o
LOAD ./Drivers/STM32L4xx_HAL_Driver/Src/stm32l4xx_hal_dma.o
LOAD ./Drivers/STM32L4xx_HAL_Driver/Src/stm32l4xx_hal_dma_ex.o
LOAD ./Drivers/STM32L4xx_HAL_Driver/Src/stm32l4xx_hal_exti.o
LOAD ./Drivers/STM32L4xx_HAL_Driver/Src/stm32l4xx_hal_flash.o
LOAD ./Drivers/STM32L4xx_HAL_Driver/Src/stm32l4xx_hal_flash_ex.o
LOAD ./Drivers/STM32L4xx_HAL_Driver/Src/stm32l4xx_hal_flash_ramfunc.o
LOAD ./Drivers/STM32L4xx_HAL_Driver/Src/stm32l4xx_hal_gpio.o
LOAD ./Drivers/STM32L4xx_HAL_Driver/Src/stm32l4xx_hal_i2c.o
LOAD ./Drivers/STM32L4xx_HAL_Driver/Src/stm32l4xx_hal_i2c_ex.o
LOAD ./Drivers/STM32L4xx_HAL_Driver/Src/stm32l4xx_hal_pwr.o
LOAD ./Drivers/STM32L4xx_HAL_Driver/Src/stm32l4xx_hal_pwr_ex.o
LOAD ./Drivers/STM32L4xx_HAL_Driver/Src/stm32l4xx_hal_rcc.o
LOAD ./Drivers/STM32L4xx_HAL_Driver/Src/stm32l4xx_hal_rcc_ex.o
LOAD ./Drivers/STM32L4xx_HAL_Driver/Src/stm32l4xx_hal_tim.o
LOAD ./Drivers/STM32L4xx_HAL_Driver/Src/stm32l4xx_hal_tim_ex.o
LOAD ./Drivers/STM32L4xx_HAL_Driver/Src/stm32l4xx_hal_uart.o
LOAD ./Drivers/STM32L4xx_HAL_Driver/Src/stm32l4xx_hal_uart_ex.o
LOAD C:\Users\jensc\STM32CubeIDE\workspace_1.17.0\MZMbias\phase-shift-meas\lib\libarm_cortexM4l_math.a
START GROUP
LOAD C:/ST/STM32CubeIDE_1.17.0/STM32CubeIDE/plugins/com.st.stm32cube.ide.mcu.externaltools.gnu-tools-for-stm32.12.3.rel1.win32_1.1.0.202410251130/tools/bin/../lib/gcc/arm-none-eabi/12.3.1/../../../../arm-none-eabi/lib/thumb/v7e-m+fp/softfp\libc_nano.a
LOAD C:/ST/STM32CubeIDE_1.17.0/STM32CubeIDE/plugins/com.st.stm32cube.ide.mcu.externaltools.gnu-tools-for-stm32.12.3.rel1.win32_1.1.0.202410251130/tools/bin/../lib/gcc/arm-none-eabi/12.3.1/../../../../arm-none-eabi/lib/thumb/v7e-m+fp/softfp\libm.a
END GROUP
START GROUP
LOAD C:/ST/STM32CubeIDE_1.17.0/STM32CubeIDE/plugins/com.st.stm32cube.ide.mcu.externaltools.gnu-tools-for-stm32.12.3.rel1.win32_1.1.0.202410251130/tools/bin/../lib/gcc/arm-none-eabi/12.3.1/thumb/v7e-m+fp/softfp\libgcc.a
LOAD C:/ST/STM32CubeIDE_1.17.0/STM32CubeIDE/plugins/com.st.stm32cube.ide.mcu.externaltools.gnu-tools-for-stm32.12.3.rel1.win32_1.1.0.202410251130/tools/bin/../lib/gcc/arm-none-eabi/12.3.1/../../../../arm-none-eabi/lib/thumb/v7e-m+fp/softfp\libc_nano.a
END GROUP
START GROUP
LOAD C:/ST/STM32CubeIDE_1.17.0/STM32CubeIDE/plugins/com.st.stm32cube.ide.mcu.externaltools.gnu-tools-for-stm32.12.3.rel1.win32_1.1.0.202410251130/tools/bin/../lib/gcc/arm-none-eabi/12.3.1/thumb/v7e-m+fp/softfp\libgcc.a
LOAD C:/ST/STM32CubeIDE_1.17.0/STM32CubeIDE/plugins/com.st.stm32cube.ide.mcu.externaltools.gnu-tools-for-stm32.12.3.rel1.win32_1.1.0.202410251130/tools/bin/../lib/gcc/arm-none-eabi/12.3.1/../../../../arm-none-eabi/lib/thumb/v7e-m+fp/softfp\libc_nano.a
LOAD C:/ST/STM32CubeIDE_1.17.0/STM32CubeIDE/plugins/com.st.stm32cube.ide.mcu.externaltools.gnu-tools-for-stm32.12.3.rel1.win32_1.1.0.202410251130/tools/bin/../lib/gcc/arm-none-eabi/12.3.1/../../../../arm-none-eabi/lib/thumb/v7e-m+fp/softfp\libnosys.a
END GROUP
START GROUP
LOAD C:/ST/STM32CubeIDE_1.17.0/STM32CubeIDE/plugins/com.st.stm32cube.ide.mcu.externaltools.gnu-tools-for-stm32.12.3.rel1.win32_1.1.0.202410251130/tools/bin/../lib/gcc/arm-none-eabi/12.3.1/thumb/v7e-m+fp/softfp\libgcc.a
LOAD C:/ST/STM32CubeIDE_1.17.0/STM32CubeIDE/plugins/com.st.stm32cube.ide.mcu.externaltools.gnu-tools-for-stm32.12.3.rel1.win32_1.1.0.202410251130/tools/bin/../lib/gcc/arm-none-eabi/12.3.1/../../../../arm-none-eabi/lib/thumb/v7e-m+fp/softfp\libc_nano.a
LOAD C:/ST/STM32CubeIDE_1.17.0/STM32CubeIDE/plugins/com.st.stm32cube.ide.mcu.externaltools.gnu-tools-for-stm32.12.3.rel1.win32_1.1.0.202410251130/tools/bin/../lib/gcc/arm-none-eabi/12.3.1/../../../../arm-none-eabi/lib/thumb/v7e-m+fp/softfp\libnosys.a
END GROUP
LOAD C:/ST/STM32CubeIDE_1.17.0/STM32CubeIDE/plugins/com.st.stm32cube.ide.mcu.externaltools.gnu-tools-for-stm32.12.3.rel1.win32_1.1.0.202410251130/tools/bin/../lib/gcc/arm-none-eabi/12.3.1/thumb/v7e-m+fp/softfp/crtend.o
LOAD C:/ST/STM32CubeIDE_1.17.0/STM32CubeIDE/plugins/com.st.stm32cube.ide.mcu.externaltools.gnu-tools-for-stm32.12.3.rel1.win32_1.1.0.202410251130/tools/bin/../lib/gcc/arm-none-eabi/12.3.1/thumb/v7e-m+fp/softfp/crtn.o
                0x20018000                        _estack = (ORIGIN (RAM) + LENGTH (RAM))
                0x00000200                        _Min_Heap_Size = 0x200
                0x00000400                        _Min_Stack_Size = 0x400

.isr_vector     0x08000000      0x188
                0x08000000                        . = ALIGN (0x4)
 *(.isr_vector)
 .isr_vector    0x08000000      0x188 ./Core/Startup/startup_stm32l476rgtx.o
                0x08000000                g_pfnVectors
                0x08000188                        . = ALIGN (0x4)

.text           0x08000190     0xb2f0
                0x08000190                        . = ALIGN (0x4)
 *(.text)
 .text          0x08000190       0x40 C:/ST/STM32CubeIDE_1.17.0/STM32CubeIDE/plugins/com.st.stm32cube.ide.mcu.externaltools.gnu-tools-for-stm32.12.3.rel1.win32_1.1.0.202410251130/tools/bin/../lib/gcc/arm-none-eabi/12.3.1/thumb/v7e-m+fp/softfp/crtbegin.o
 .text          0x080001d0       0xc0 C:\Users\jensc\STM32CubeIDE\workspace_1.17.0\MZMbias\phase-shift-meas\lib\libarm_cortexM4l_math.a(arm_bitreversal2.o)
                0x080001d0                arm_bitreversal_32
                0x0800023a                arm_bitreversal_16
 .text          0x08000290       0x10 C:/ST/STM32CubeIDE_1.17.0/STM32CubeIDE/plugins/com.st.stm32cube.ide.mcu.externaltools.gnu-tools-for-stm32.12.3.rel1.win32_1.1.0.202410251130/tools/bin/../lib/gcc/arm-none-eabi/12.3.1/../../../../arm-none-eabi/lib/thumb/v7e-m+fp/softfp\libc_nano.a(libc_a-strlen.o)
                0x08000290                strlen
 .text          0x080002a0       0xa0 C:/ST/STM32CubeIDE_1.17.0/STM32CubeIDE/plugins/com.st.stm32cube.ide.mcu.externaltools.gnu-tools-for-stm32.12.3.rel1.win32_1.1.0.202410251130/tools/bin/../lib/gcc/arm-none-eabi/12.3.1/../../../../arm-none-eabi/lib/thumb/v7e-m+fp/softfp\libc_nano.a(libc_a-memchr.o)
                0x080002a0                memchr
 .text          0x08000340      0x378 C:/ST/STM32CubeIDE_1.17.0/STM32CubeIDE/plugins/com.st.stm32cube.ide.mcu.externaltools.gnu-tools-for-stm32.12.3.rel1.win32_1.1.0.202410251130/tools/bin/../lib/gcc/arm-none-eabi/12.3.1/thumb/v7e-m+fp/softfp\libgcc.a(_arm_addsubdf3.o)
                0x08000340                __aeabi_drsub
                0x08000348                __aeabi_dsub
                0x08000348                __subdf3
                0x0800034c                __aeabi_dadd
                0x0800034c                __adddf3
                0x080005c4                __floatunsidf
                0x080005c4                __aeabi_ui2d
                0x080005e4                __floatsidf
                0x080005e4                __aeabi_i2d
                0x08000608                __aeabi_f2d
                0x08000608                __extendsfdf2
                0x0800064c                __floatundidf
                0x0800064c                __aeabi_ul2d
                0x0800065c                __floatdidf
                0x0800065c                __aeabi_l2d
 .text          0x080006b8      0x424 C:/ST/STM32CubeIDE_1.17.0/STM32CubeIDE/plugins/com.st.stm32cube.ide.mcu.externaltools.gnu-tools-for-stm32.12.3.rel1.win32_1.1.0.202410251130/tools/bin/../lib/gcc/arm-none-eabi/12.3.1/thumb/v7e-m+fp/softfp\libgcc.a(_arm_muldivdf3.o)
                0x080006b8                __aeabi_dmul
                0x080006b8                __muldf3
                0x0800090c                __divdf3
                0x0800090c                __aeabi_ddiv
 .text          0x08000adc      0x110 C:/ST/STM32CubeIDE_1.17.0/STM32CubeIDE/plugins/com.st.stm32cube.ide.mcu.externaltools.gnu-tools-for-stm32.12.3.rel1.win32_1.1.0.202410251130/tools/bin/../lib/gcc/arm-none-eabi/12.3.1/thumb/v7e-m+fp/softfp\libgcc.a(_arm_cmpdf2.o)
                0x08000adc                __gtdf2
                0x08000adc                __gedf2
                0x08000ae4                __ltdf2
                0x08000ae4                __ledf2
                0x08000aec                __nedf2
                0x08000aec                __eqdf2
                0x08000aec                __cmpdf2
                0x08000b68                __aeabi_cdrcmple
                0x08000b78                __aeabi_cdcmpeq
                0x08000b78                __aeabi_cdcmple
                0x08000b88                __aeabi_dcmpeq
                0x08000b9c                __aeabi_dcmplt
                0x08000bb0                __aeabi_dcmple
                0x08000bc4                __aeabi_dcmpge
                0x08000bd8                __aeabi_dcmpgt
 .text          0x08000bec       0x50 C:/ST/STM32CubeIDE_1.17.0/STM32CubeIDE/plugins/com.st.stm32cube.ide.mcu.externaltools.gnu-tools-for-stm32.12.3.rel1.win32_1.1.0.202410251130/tools/bin/../lib/gcc/arm-none-eabi/12.3.1/thumb/v7e-m+fp/softfp\libgcc.a(_arm_fixdfsi.o)
                0x08000bec                __aeabi_d2iz
                0x08000bec                __fixdfsi
 .text          0x08000c3c       0x40 C:/ST/STM32CubeIDE_1.17.0/STM32CubeIDE/plugins/com.st.stm32cube.ide.mcu.externaltools.gnu-tools-for-stm32.12.3.rel1.win32_1.1.0.202410251130/tools/bin/../lib/gcc/arm-none-eabi/12.3.1/thumb/v7e-m+fp/softfp\libgcc.a(_arm_fixunsdfsi.o)
                0x08000c3c                __aeabi_d2uiz
                0x08000c3c                __fixunsdfsi
 .text          0x08000c7c      0x21c C:/ST/STM32CubeIDE_1.17.0/STM32CubeIDE/plugins/com.st.stm32cube.ide.mcu.externaltools.gnu-tools-for-stm32.12.3.rel1.win32_1.1.0.202410251130/tools/bin/../lib/gcc/arm-none-eabi/12.3.1/thumb/v7e-m+fp/softfp\libgcc.a(_arm_addsubsf3.o)
                0x08000c7c                __aeabi_frsub
                0x08000c84                __subsf3
                0x08000c84                __aeabi_fsub
                0x08000c88                __aeabi_fadd
                0x08000c88                __addsf3
                0x08000de8                __aeabi_ui2f
                0x08000de8                __floatunsisf
                0x08000df0                __aeabi_i2f
                0x08000df0                __floatsisf
                0x08000e0c                __aeabi_ul2f
                0x08000e0c                __floatundisf
                0x08000e1c                __aeabi_l2f
                0x08000e1c                __floatdisf
 .text          0x08000e98      0x2a0 C:/ST/STM32CubeIDE_1.17.0/STM32CubeIDE/plugins/com.st.stm32cube.ide.mcu.externaltools.gnu-tools-for-stm32.12.3.rel1.win32_1.1.0.202410251130/tools/bin/../lib/gcc/arm-none-eabi/12.3.1/thumb/v7e-m+fp/softfp\libgcc.a(_arm_muldivsf3.o)
                0x08000e98                __mulsf3
                0x08000e98                __aeabi_fmul
                0x08001000                __aeabi_fdiv
                0x08001000                __divsf3
 .text          0x08001138       0x30 C:/ST/STM32CubeIDE_1.17.0/STM32CubeIDE/plugins/com.st.stm32cube.ide.mcu.externaltools.gnu-tools-for-stm32.12.3.rel1.win32_1.1.0.202410251130/tools/bin/../lib/gcc/arm-none-eabi/12.3.1/thumb/v7e-m+fp/softfp\libgcc.a(_aeabi_uldivmod.o)
                0x08001138                __aeabi_uldivmod
 .text          0x08001168      0x2bc C:/ST/STM32CubeIDE_1.17.0/STM32CubeIDE/plugins/com.st.stm32cube.ide.mcu.externaltools.gnu-tools-for-stm32.12.3.rel1.win32_1.1.0.202410251130/tools/bin/../lib/gcc/arm-none-eabi/12.3.1/thumb/v7e-m+fp/softfp\libgcc.a(_udivmoddi4.o)
                0x08001168                __udivmoddi4
 .text          0x08001424        0x4 C:/ST/STM32CubeIDE_1.17.0/STM32CubeIDE/plugins/com.st.stm32cube.ide.mcu.externaltools.gnu-tools-for-stm32.12.3.rel1.win32_1.1.0.202410251130/tools/bin/../lib/gcc/arm-none-eabi/12.3.1/thumb/v7e-m+fp/softfp\libgcc.a(_dvmd_tls.o)
                0x08001424                __aeabi_idiv0
                0x08001424                __aeabi_ldiv0
 *(.text*)
 .text.calcsin  0x08001428       0xd0 ./Core/Src/main.o
                0x08001428                calcsin
 .text.calchanning
                0x080014f8       0xc0 ./Core/Src/main.o
                0x080014f8                calchanning
 .text.sgn      0x080015b8       0x2a ./Core/Src/main.o
                0x080015b8                sgn
 *fill*         0x080015e2        0x2 
 .text.Read_ADC
                0x080015e4       0x24 ./Core/Src/main.o
                0x080015e4                Read_ADC
 .text.HAL_ADC_ConvHalfCpltCallback
                0x08001608       0x60 ./Core/Src/main.o
                0x08001608                HAL_ADC_ConvHalfCpltCallback
 .text.HAL_ADC_ConvCpltCallback
                0x08001668       0x54 ./Core/Src/main.o
                0x08001668                HAL_ADC_ConvCpltCallback
 .text.Calc_FFT
                0x080016bc      0x200 ./Core/Src/main.o
                0x080016bc                Calc_FFT
 *fill*         0x080018bc        0x4 
 .text.main     0x080018c0      0x2d0 ./Core/Src/main.o
                0x080018c0                main
 .text.SystemClock_Config
                0x08001b90       0xa4 ./Core/Src/main.o
                0x08001b90                SystemClock_Config
 .text.MX_ADC1_Init
                0x08001c34       0xf0 ./Core/Src/main.o
 .text.MX_DAC1_Init
                0x08001d24       0x7c ./Core/Src/main.o
 .text.MX_TIM1_Init
                0x08001da0       0xa8 ./Core/Src/main.o
 .text.MX_TIM6_Init
                0x08001e48       0x6c ./Core/Src/main.o
 .text.MX_USART2_UART_Init
                0x08001eb4       0x60 ./Core/Src/main.o
 .text.MX_DMA_Init
                0x08001f14       0x4c ./Core/Src/main.o
 .text.MX_GPIO_Init
                0x08001f60       0xa4 ./Core/Src/main.o
 .text.MX_ADC1_Init2
                0x08002004       0xf4 ./Core/Src/main.o
                0x08002004                MX_ADC1_Init2
 .text.Error_Handler
                0x080020f8        0xc ./Core/Src/main.o
                0x080020f8                Error_Handler
 .text.HAL_MspInit
                0x08002104       0x48 ./Core/Src/stm32l4xx_hal_msp.o
                0x08002104                HAL_MspInit
 .text.HAL_ADC_MspInit
                0x0800214c      0x140 ./Core/Src/stm32l4xx_hal_msp.o
                0x0800214c                HAL_ADC_MspInit
 .text.HAL_DAC_MspInit
                0x0800228c       0xdc ./Core/Src/stm32l4xx_hal_msp.o
                0x0800228c                HAL_DAC_MspInit
 .text.HAL_TIM_Base_MspInit
                0x08002368       0x68 ./Core/Src/stm32l4xx_hal_msp.o
                0x08002368                HAL_TIM_Base_MspInit
 .text.HAL_UART_MspInit
                0x080023d0       0xb8 ./Core/Src/stm32l4xx_hal_msp.o
                0x080023d0                HAL_UART_MspInit
 .text.NMI_Handler
                0x08002488        0x8 ./Core/Src/stm32l4xx_it.o
                0x08002488                NMI_Handler
 .text.HardFault_Handler
                0x08002490        0x8 ./Core/Src/stm32l4xx_it.o
                0x08002490                HardFault_Handler
 .text.MemManage_Handler
                0x08002498        0x8 ./Core/Src/stm32l4xx_it.o
                0x08002498                MemManage_Handler
 .text.BusFault_Handler
                0x080024a0        0x8 ./Core/Src/stm32l4xx_it.o
                0x080024a0                BusFault_Handler
 .text.UsageFault_Handler
                0x080024a8        0x8 ./Core/Src/stm32l4xx_it.o
                0x080024a8                UsageFault_Handler
 .text.SVC_Handler
                0x080024b0        0xe ./Core/Src/stm32l4xx_it.o
                0x080024b0                SVC_Handler
 .text.DebugMon_Handler
                0x080024be        0xe ./Core/Src/stm32l4xx_it.o
                0x080024be                DebugMon_Handler
 .text.PendSV_Handler
                0x080024cc        0xe ./Core/Src/stm32l4xx_it.o
                0x080024cc                PendSV_Handler
 .text.SysTick_Handler
                0x080024da        0xc ./Core/Src/stm32l4xx_it.o
                0x080024da                SysTick_Handler
 *fill*         0x080024e6        0x2 
 .text.DMA1_Channel1_IRQHandler
                0x080024e8       0x14 ./Core/Src/stm32l4xx_it.o
                0x080024e8                DMA1_Channel1_IRQHandler
 .text.DMA1_Channel4_IRQHandler
                0x080024fc       0x14 ./Core/Src/stm32l4xx_it.o
                0x080024fc                DMA1_Channel4_IRQHandler
 .text.ADC1_2_IRQHandler
                0x08002510       0x14 ./Core/Src/stm32l4xx_it.o
                0x08002510                ADC1_2_IRQHandler
 .text._sbrk    0x08002524       0x6c ./Core/Src/sysmem.o
                0x08002524                _sbrk
 .text.SystemInit
                0x08002590       0x24 ./Core/Src/system_stm32l4xx.o
                0x08002590                SystemInit
 .text.Reset_Handler
                0x080025b4       0x50 ./Core/Startup/startup_stm32l476rgtx.o
                0x080025b4                Reset_Handler
 .text.Default_Handler
                0x08002604        0x2 ./Core/Startup/startup_stm32l476rgtx.o
                0x08002604                RTC_Alarm_IRQHandler
                0x08002604                EXTI2_IRQHandler
                0x08002604                TIM8_TRG_COM_IRQHandler
                0x08002604                TIM8_CC_IRQHandler
                0x08002604                TIM1_CC_IRQHandler
                0x08002604                TSC_IRQHandler
                0x08002604                TAMP_STAMP_IRQHandler
                0x08002604                EXTI3_IRQHandler
                0x08002604                LPTIM2_IRQHandler
                0x08002604                DFSDM1_FLT1_IRQHandler
                0x08002604                I2C3_ER_IRQHandler
                0x08002604                DFSDM1_FLT2_IRQHandler
                0x08002604                EXTI0_IRQHandler
                0x08002604                I2C2_EV_IRQHandler
                0x08002604                CAN1_RX0_IRQHandler
                0x08002604                FPU_IRQHandler
                0x08002604                TIM1_UP_TIM16_IRQHandler
                0x08002604                SPI1_IRQHandler
                0x08002604                TIM6_DAC_IRQHandler
                0x08002604                TIM8_UP_IRQHandler
                0x08002604                DMA2_Channel2_IRQHandler
                0x08002604                SAI2_IRQHandler
                0x08002604                DFSDM1_FLT3_IRQHandler
                0x08002604                USART3_IRQHandler
                0x08002604                DMA1_Channel7_IRQHandler
                0x08002604                CAN1_RX1_IRQHandler
                0x08002604                LCD_IRQHandler
                0x08002604                UART5_IRQHandler
                0x08002604                ADC3_IRQHandler
                0x08002604                TIM4_IRQHandler
                0x08002604                DMA2_Channel1_IRQHandler
                0x08002604                QUADSPI_IRQHandler
                0x08002604                I2C1_EV_IRQHandler
                0x08002604                DMA1_Channel6_IRQHandler
                0x08002604                UART4_IRQHandler
                0x08002604                DMA2_Channel4_IRQHandler
                0x08002604                TIM3_IRQHandler
                0x08002604                RCC_IRQHandler
                0x08002604                Default_Handler
                0x08002604                DMA2_Channel7_IRQHandler
                0x08002604                EXTI15_10_IRQHandler
                0x08002604                TIM7_IRQHandler
                0x08002604                SDMMC1_IRQHandler
                0x08002604                TIM5_IRQHandler
                0x08002604                I2C3_EV_IRQHandler
                0x08002604                EXTI9_5_IRQHandler
                0x08002604                RTC_WKUP_IRQHandler
                0x08002604                PVD_PVM_IRQHandler
                0x08002604                SPI2_IRQHandler
                0x08002604                CAN1_TX_IRQHandler
                0x08002604                DMA2_Channel5_IRQHandler
                0x08002604                DMA1_Channel5_IRQHandler
                0x08002604                EXTI4_IRQHandler
                0x08002604                RNG_IRQHandler
                0x08002604                TIM1_TRG_COM_TIM17_IRQHandler
                0x08002604                DMA1_Channel3_IRQHandler
                0x08002604                COMP_IRQHandler
                0x08002604                WWDG_IRQHandler
                0x08002604                LPUART1_IRQHandler
                0x08002604                DMA2_Channel6_IRQHandler
                0x08002604                TIM2_IRQHandler
                0x08002604                EXTI1_IRQHandler
                0x08002604                USART2_IRQHandler
                0x08002604                DFSDM1_FLT0_IRQHandler
                0x08002604                I2C2_ER_IRQHandler
                0x08002604                DMA1_Channel2_IRQHandler
                0x08002604                TIM8_BRK_IRQHandler
                0x08002604                CAN1_SCE_IRQHandler
                0x08002604                FLASH_IRQHandler
                0x08002604                USART1_IRQHandler
                0x08002604                OTG_FS_IRQHandler
                0x08002604                SPI3_IRQHandler
                0x08002604                I2C1_ER_IRQHandler
                0x08002604                FMC_IRQHandler
                0x08002604                SWPMI1_IRQHandler
                0x08002604                LPTIM1_IRQHandler
                0x08002604                SAI1_IRQHandler
                0x08002604                DMA2_Channel3_IRQHandler
                0x08002604                TIM1_BRK_TIM15_IRQHandler
 *fill*         0x08002606        0x2 
 .text.HAL_Init
                0x08002608       0x40 ./Drivers/STM32L4xx_HAL_Driver/Src/stm32l4xx_hal.o
                0x08002608                HAL_Init
 .text.HAL_InitTick
                0x08002648       0x78 ./Drivers/STM32L4xx_HAL_Driver/Src/stm32l4xx_hal.o
                0x08002648                HAL_InitTick
 .text.HAL_IncTick
                0x080026c0       0x28 ./Drivers/STM32L4xx_HAL_Driver/Src/stm32l4xx_hal.o
                0x080026c0                HAL_IncTick
 .text.HAL_GetTick
                0x080026e8       0x18 ./Drivers/STM32L4xx_HAL_Driver/Src/stm32l4xx_hal.o
                0x080026e8                HAL_GetTick
 .text.HAL_Delay
                0x08002700       0x48 ./Drivers/STM32L4xx_HAL_Driver/Src/stm32l4xx_hal.o
                0x08002700                HAL_Delay
 .text.LL_ADC_SetCommonClock
                0x08002748       0x26 ./Drivers/STM32L4xx_HAL_Driver/Src/stm32l4xx_hal_adc.o
 .text.LL_ADC_SetCommonPathInternalCh
                0x0800276e       0x26 ./Drivers/STM32L4xx_HAL_Driver/Src/stm32l4xx_hal_adc.o
 .text.LL_ADC_GetCommonPathInternalCh
                0x08002794       0x1c ./Drivers/STM32L4xx_HAL_Driver/Src/stm32l4xx_hal_adc.o
 .text.LL_ADC_SetOffset
                0x080027b0       0x48 ./Drivers/STM32L4xx_HAL_Driver/Src/stm32l4xx_hal_adc.o
 .text.LL_ADC_GetOffsetChannel
                0x080027f8       0x2c ./Drivers/STM32L4xx_HAL_Driver/Src/stm32l4xx_hal_adc.o
 .text.LL_ADC_SetOffsetState
                0x08002824       0x36 ./Drivers/STM32L4xx_HAL_Driver/Src/stm32l4xx_hal_adc.o
 .text.LL_ADC_REG_IsTriggerSourceSWStart
                0x0800285a       0x26 ./Drivers/STM32L4xx_HAL_Driver/Src/stm32l4xx_hal_adc.o
 .text.LL_ADC_REG_SetSequencerRanks
                0x08002880       0x58 ./Drivers/STM32L4xx_HAL_Driver/Src/stm32l4xx_hal_adc.o
 .text.LL_ADC_INJ_IsTriggerSourceSWStart
                0x080028d8       0x26 ./Drivers/STM32L4xx_HAL_Driver/Src/stm32l4xx_hal_adc.o
 .text.LL_ADC_SetChannelSamplingTime
                0x080028fe       0x56 ./Drivers/STM32L4xx_HAL_Driver/Src/stm32l4xx_hal_adc.o
 .text.LL_ADC_SetChannelSingleDiff
                0x08002954       0x48 ./Drivers/STM32L4xx_HAL_Driver/Src/stm32l4xx_hal_adc.o
 .text.LL_ADC_GetMultimode
                0x0800299c       0x1c ./Drivers/STM32L4xx_HAL_Driver/Src/stm32l4xx_hal_adc.o
 .text.LL_ADC_GetMultiDMATransfer
                0x080029b8       0x1c ./Drivers/STM32L4xx_HAL_Driver/Src/stm32l4xx_hal_adc.o
 .text.LL_ADC_DisableDeepPowerDown
                0x080029d4       0x24 ./Drivers/STM32L4xx_HAL_Driver/Src/stm32l4xx_hal_adc.o
 .text.LL_ADC_IsDeepPowerDownEnabled
                0x080029f8       0x28 ./Drivers/STM32L4xx_HAL_Driver/Src/stm32l4xx_hal_adc.o
 .text.LL_ADC_EnableInternalRegulator
                0x08002a20       0x28 ./Drivers/STM32L4xx_HAL_Driver/Src/stm32l4xx_hal_adc.o
 .text.LL_ADC_IsInternalRegulatorEnabled
                0x08002a48       0x28 ./Drivers/STM32L4xx_HAL_Driver/Src/stm32l4xx_hal_adc.o
 .text.LL_ADC_Enable
                0x08002a70       0x28 ./Drivers/STM32L4xx_HAL_Driver/Src/stm32l4xx_hal_adc.o
 .text.LL_ADC_Disable
                0x08002a98       0x28 ./Drivers/STM32L4xx_HAL_Driver/Src/stm32l4xx_hal_adc.o
 .text.LL_ADC_IsEnabled
                0x08002ac0       0x26 ./Drivers/STM32L4xx_HAL_Driver/Src/stm32l4xx_hal_adc.o
 .text.LL_ADC_IsDisableOngoing
                0x08002ae6       0x26 ./Drivers/STM32L4xx_HAL_Driver/Src/stm32l4xx_hal_adc.o
 .text.LL_ADC_REG_StartConversion
                0x08002b0c       0x28 ./Drivers/STM32L4xx_HAL_Driver/Src/stm32l4xx_hal_adc.o
 .text.LL_ADC_REG_StopConversion
                0x08002b34       0x28 ./Drivers/STM32L4xx_HAL_Driver/Src/stm32l4xx_hal_adc.o
 .text.LL_ADC_REG_IsConversionOngoing
                0x08002b5c       0x26 ./Drivers/STM32L4xx_HAL_Driver/Src/stm32l4xx_hal_adc.o
 .text.LL_ADC_INJ_StopConversion
                0x08002b82       0x28 ./Drivers/STM32L4xx_HAL_Driver/Src/stm32l4xx_hal_adc.o
 .text.LL_ADC_INJ_IsConversionOngoing
                0x08002baa       0x26 ./Drivers/STM32L4xx_HAL_Driver/Src/stm32l4xx_hal_adc.o
 .text.HAL_ADC_Init
                0x08002bd0      0x2a0 ./Drivers/STM32L4xx_HAL_Driver/Src/stm32l4xx_hal_adc.o
                0x08002bd0                HAL_ADC_Init
 .text.HAL_ADC_Start
                0x08002e70      0x174 ./Drivers/STM32L4xx_HAL_Driver/Src/stm32l4xx_hal_adc.o
                0x08002e70                HAL_ADC_Start
 .text.HAL_ADC_Stop
                0x08002fe4       0x66 ./Drivers/STM32L4xx_HAL_Driver/Src/stm32l4xx_hal_adc.o
                0x08002fe4                HAL_ADC_Stop
 *fill*         0x0800304a        0x2 
 .text.HAL_ADC_PollForConversion
                0x0800304c      0x1b0 ./Drivers/STM32L4xx_HAL_Driver/Src/stm32l4xx_hal_adc.o
                0x0800304c                HAL_ADC_PollForConversion
 .text.HAL_ADC_Start_DMA
                0x080031fc      0x178 ./Drivers/STM32L4xx_HAL_Driver/Src/stm32l4xx_hal_adc.o
                0x080031fc                HAL_ADC_Start_DMA
 .text.HAL_ADC_GetValue
                0x08003374       0x1a ./Drivers/STM32L4xx_HAL_Driver/Src/stm32l4xx_hal_adc.o
                0x08003374                HAL_ADC_GetValue
 *fill*         0x0800338e        0x2 
 .text.HAL_ADC_IRQHandler
                0x08003390      0x434 ./Drivers/STM32L4xx_HAL_Driver/Src/stm32l4xx_hal_adc.o
                0x08003390                HAL_ADC_IRQHandler
 .text.HAL_ADC_LevelOutOfWindowCallback
                0x080037c4       0x14 ./Drivers/STM32L4xx_HAL_Driver/Src/stm32l4xx_hal_adc.o
                0x080037c4                HAL_ADC_LevelOutOfWindowCallback
 .text.HAL_ADC_ErrorCallback
                0x080037d8       0x14 ./Drivers/STM32L4xx_HAL_Driver/Src/stm32l4xx_hal_adc.o
                0x080037d8                HAL_ADC_ErrorCallback
 .text.HAL_ADC_ConfigChannel
                0x080037ec      0x7e4 ./Drivers/STM32L4xx_HAL_Driver/Src/stm32l4xx_hal_adc.o
                0x080037ec                HAL_ADC_ConfigChannel
 .text.ADC_ConversionStop
                0x08003fd0      0x178 ./Drivers/STM32L4xx_HAL_Driver/Src/stm32l4xx_hal_adc.o
                0x08003fd0                ADC_ConversionStop
 .text.ADC_Enable
                0x08004148      0x10c ./Drivers/STM32L4xx_HAL_Driver/Src/stm32l4xx_hal_adc.o
                0x08004148                ADC_Enable
 .text.ADC_Disable
                0x08004254       0xbe ./Drivers/STM32L4xx_HAL_Driver/Src/stm32l4xx_hal_adc.o
                0x08004254                ADC_Disable
 .text.ADC_DMAConvCplt
                0x08004312       0xd8 ./Drivers/STM32L4xx_HAL_Driver/Src/stm32l4xx_hal_adc.o
                0x08004312                ADC_DMAConvCplt
 .text.ADC_DMAHalfConvCplt
                0x080043ea       0x1c ./Drivers/STM32L4xx_HAL_Driver/Src/stm32l4xx_hal_adc.o
                0x080043ea                ADC_DMAHalfConvCplt
 .text.ADC_DMAError
                0x08004406       0x34 ./Drivers/STM32L4xx_HAL_Driver/Src/stm32l4xx_hal_adc.o
                0x08004406                ADC_DMAError
 .text.LL_ADC_IsEnabled
                0x0800443a       0x26 ./Drivers/STM32L4xx_HAL_Driver/Src/stm32l4xx_hal_adc_ex.o
 .text.LL_ADC_StartCalibration
                0x08004460       0x32 ./Drivers/STM32L4xx_HAL_Driver/Src/stm32l4xx_hal_adc_ex.o
 .text.LL_ADC_IsCalibrationOnGoing
                0x08004492       0x28 ./Drivers/STM32L4xx_HAL_Driver/Src/stm32l4xx_hal_adc_ex.o
 .text.LL_ADC_REG_IsConversionOngoing
                0x080044ba       0x26 ./Drivers/STM32L4xx_HAL_Driver/Src/stm32l4xx_hal_adc_ex.o
 .text.HAL_ADCEx_Calibration_Start
                0x080044e0       0xc0 ./Drivers/STM32L4xx_HAL_Driver/Src/stm32l4xx_hal_adc_ex.o
                0x080044e0                HAL_ADCEx_Calibration_Start
 .text.HAL_ADCEx_InjectedConvCpltCallback
                0x080045a0       0x14 ./Drivers/STM32L4xx_HAL_Driver/Src/stm32l4xx_hal_adc_ex.o
                0x080045a0                HAL_ADCEx_InjectedConvCpltCallback
 .text.HAL_ADCEx_InjectedQueueOverflowCallback
                0x080045b4       0x14 ./Drivers/STM32L4xx_HAL_Driver/Src/stm32l4xx_hal_adc_ex.o
                0x080045b4                HAL_ADCEx_InjectedQueueOverflowCallback
 .text.HAL_ADCEx_LevelOutOfWindow2Callback
                0x080045c8       0x14 ./Drivers/STM32L4xx_HAL_Driver/Src/stm32l4xx_hal_adc_ex.o
                0x080045c8                HAL_ADCEx_LevelOutOfWindow2Callback
 .text.HAL_ADCEx_LevelOutOfWindow3Callback
                0x080045dc       0x14 ./Drivers/STM32L4xx_HAL_Driver/Src/stm32l4xx_hal_adc_ex.o
                0x080045dc                HAL_ADCEx_LevelOutOfWindow3Callback
 .text.HAL_ADCEx_EndOfSamplingCallback
                0x080045f0       0x14 ./Drivers/STM32L4xx_HAL_Driver/Src/stm32l4xx_hal_adc_ex.o
                0x080045f0                HAL_ADCEx_EndOfSamplingCallback
 .text.HAL_ADCEx_MultiModeConfigChannel
                0x08004604      0x160 ./Drivers/STM32L4xx_HAL_Driver/Src/stm32l4xx_hal_adc_ex.o
                0x08004604                HAL_ADCEx_MultiModeConfigChannel
 .text.__NVIC_SetPriorityGrouping
                0x08004764       0x48 ./Drivers/STM32L4xx_HAL_Driver/Src/stm32l4xx_hal_cortex.o
 .text.__NVIC_GetPriorityGrouping
                0x080047ac       0x1c ./Drivers/STM32L4xx_HAL_Driver/Src/stm32l4xx_hal_cortex.o
 .text.__NVIC_EnableIRQ
                0x080047c8       0x3c ./Drivers/STM32L4xx_HAL_Driver/Src/stm32l4xx_hal_cortex.o
 .text.__NVIC_SetPriority
                0x08004804       0x54 ./Drivers/STM32L4xx_HAL_Driver/Src/stm32l4xx_hal_cortex.o
 .text.NVIC_EncodePriority
                0x08004858       0x66 ./Drivers/STM32L4xx_HAL_Driver/Src/stm32l4xx_hal_cortex.o
 *fill*         0x080048be        0x2 
 .text.SysTick_Config
                0x080048c0       0x44 ./Drivers/STM32L4xx_HAL_Driver/Src/stm32l4xx_hal_cortex.o
 .text.HAL_NVIC_SetPriorityGrouping
                0x08004904       0x16 ./Drivers/STM32L4xx_HAL_Driver/Src/stm32l4xx_hal_cortex.o
                0x08004904                HAL_NVIC_SetPriorityGrouping
 .text.HAL_NVIC_SetPriority
                0x0800491a       0x38 ./Drivers/STM32L4xx_HAL_Driver/Src/stm32l4xx_hal_cortex.o
                0x0800491a                HAL_NVIC_SetPriority
 .text.HAL_NVIC_EnableIRQ
                0x08004952       0x1c ./Drivers/STM32L4xx_HAL_Driver/Src/stm32l4xx_hal_cortex.o
                0x08004952                HAL_NVIC_EnableIRQ
 .text.HAL_SYSTICK_Config
                0x0800496e       0x18 ./Drivers/STM32L4xx_HAL_Driver/Src/stm32l4xx_hal_cortex.o
                0x0800496e                HAL_SYSTICK_Config
 .text.HAL_DAC_Init
                0x08004986       0x44 ./Drivers/STM32L4xx_HAL_Driver/Src/stm32l4xx_hal_dac.o
                0x08004986                HAL_DAC_Init
 .text.HAL_DAC_Start
                0x080049ca       0x9a ./Drivers/STM32L4xx_HAL_Driver/Src/stm32l4xx_hal_dac.o
                0x080049ca                HAL_DAC_Start
 .text.HAL_DAC_Start_DMA
                0x08004a64      0x198 ./Drivers/STM32L4xx_HAL_Driver/Src/stm32l4xx_hal_dac.o
                0x08004a64                HAL_DAC_Start_DMA
 .text.HAL_DAC_SetValue
                0x08004bfc       0x4a ./Drivers/STM32L4xx_HAL_Driver/Src/stm32l4xx_hal_dac.o
                0x08004bfc                HAL_DAC_SetValue
 .text.HAL_DAC_ConvCpltCallbackCh1
                0x08004c46       0x14 ./Drivers/STM32L4xx_HAL_Driver/Src/stm32l4xx_hal_dac.o
                0x08004c46                HAL_DAC_ConvCpltCallbackCh1
 .text.HAL_DAC_ConvHalfCpltCallbackCh1
                0x08004c5a       0x14 ./Drivers/STM32L4xx_HAL_Driver/Src/stm32l4xx_hal_dac.o
                0x08004c5a                HAL_DAC_ConvHalfCpltCallbackCh1
 .text.HAL_DAC_ErrorCallbackCh1
                0x08004c6e       0x14 ./Drivers/STM32L4xx_HAL_Driver/Src/stm32l4xx_hal_dac.o
                0x08004c6e                HAL_DAC_ErrorCallbackCh1
 .text.HAL_DAC_ConfigChannel
                0x08004c82      0x24e ./Drivers/STM32L4xx_HAL_Driver/Src/stm32l4xx_hal_dac.o
                0x08004c82                HAL_DAC_ConfigChannel
 .text.DAC_DMAConvCpltCh1
                0x08004ed0       0x22 ./Drivers/STM32L4xx_HAL_Driver/Src/stm32l4xx_hal_dac.o
                0x08004ed0                DAC_DMAConvCpltCh1
 .text.DAC_DMAHalfConvCpltCh1
                0x08004ef2       0x1c ./Drivers/STM32L4xx_HAL_Driver/Src/stm32l4xx_hal_dac.o
                0x08004ef2                DAC_DMAHalfConvCpltCh1
 .text.DAC_DMAErrorCh1
                0x08004f0e       0x2e ./Drivers/STM32L4xx_HAL_Driver/Src/stm32l4xx_hal_dac.o
                0x08004f0e                DAC_DMAErrorCh1
 .text.HAL_DACEx_ConvCpltCallbackCh2
                0x08004f3c       0x14 ./Drivers/STM32L4xx_HAL_Driver/Src/stm32l4xx_hal_dac_ex.o
                0x08004f3c                HAL_DACEx_ConvCpltCallbackCh2
 .text.HAL_DACEx_ConvHalfCpltCallbackCh2
                0x08004f50       0x14 ./Drivers/STM32L4xx_HAL_Driver/Src/stm32l4xx_hal_dac_ex.o
                0x08004f50                HAL_DACEx_ConvHalfCpltCallbackCh2
 .text.HAL_DACEx_ErrorCallbackCh2
                0x08004f64       0x14 ./Drivers/STM32L4xx_HAL_Driver/Src/stm32l4xx_hal_dac_ex.o
                0x08004f64                HAL_DACEx_ErrorCallbackCh2
 .text.DAC_DMAConvCpltCh2
                0x08004f78       0x22 ./Drivers/STM32L4xx_HAL_Driver/Src/stm32l4xx_hal_dac_ex.o
                0x08004f78                DAC_DMAConvCpltCh2
 .text.DAC_DMAHalfConvCpltCh2
                0x08004f9a       0x1c ./Drivers/STM32L4xx_HAL_Driver/Src/stm32l4xx_hal_dac_ex.o
                0x08004f9a                DAC_DMAHalfConvCpltCh2
 .text.DAC_DMAErrorCh2
                0x08004fb6       0x2e ./Drivers/STM32L4xx_HAL_Driver/Src/stm32l4xx_hal_dac_ex.o
                0x08004fb6                DAC_DMAErrorCh2
 .text.HAL_DMA_Init
                0x08004fe4      0x170 ./Drivers/STM32L4xx_HAL_Driver/Src/stm32l4xx_hal_dma.o
                0x08004fe4                HAL_DMA_Init
 .text.HAL_DMA_Start_IT
                0x08005154       0xc0 ./Drivers/STM32L4xx_HAL_Driver/Src/stm32l4xx_hal_dma.o
                0x08005154                HAL_DMA_Start_IT
 .text.HAL_DMA_IRQHandler
                0x08005214      0x15e ./Drivers/STM32L4xx_HAL_Driver/Src/stm32l4xx_hal_dma.o
                0x08005214                HAL_DMA_IRQHandler
 .text.DMA_SetConfig
                0x08005372       0x60 ./Drivers/STM32L4xx_HAL_Driver/Src/stm32l4xx_hal_dma.o
 *fill*         0x080053d2        0x2 
 .text.HAL_GPIO_Init
                0x080053d4      0x354 ./Drivers/STM32L4xx_HAL_Driver/Src/stm32l4xx_hal_gpio.o
                0x080053d4                HAL_GPIO_Init
 .text.HAL_PWREx_GetVoltageRange
                0x08005728       0x1c ./Drivers/STM32L4xx_HAL_Driver/Src/stm32l4xx_hal_pwr_ex.o
                0x08005728                HAL_PWREx_GetVoltageRange
 .text.HAL_PWREx_ControlVoltageScaling
                0x08005744       0xac ./Drivers/STM32L4xx_HAL_Driver/Src/stm32l4xx_hal_pwr_ex.o
                0x08005744                HAL_PWREx_ControlVoltageScaling
 .text.HAL_RCC_OscConfig
                0x080057f0      0x7b8 ./Drivers/STM32L4xx_HAL_Driver/Src/stm32l4xx_hal_rcc.o
                0x080057f0                HAL_RCC_OscConfig
 .text.HAL_RCC_ClockConfig
                0x08005fa8      0x200 ./Drivers/STM32L4xx_HAL_Driver/Src/stm32l4xx_hal_rcc.o
                0x08005fa8                HAL_RCC_ClockConfig
 .text.HAL_RCC_GetSysClockFreq
                0x080061a8      0x118 ./Drivers/STM32L4xx_HAL_Driver/Src/stm32l4xx_hal_rcc.o
                0x080061a8                HAL_RCC_GetSysClockFreq
 .text.HAL_RCC_GetHCLKFreq
                0x080062c0       0x18 ./Drivers/STM32L4xx_HAL_Driver/Src/stm32l4xx_hal_rcc.o
                0x080062c0                HAL_RCC_GetHCLKFreq
 .text.HAL_RCC_GetPCLK1Freq
                0x080062d8       0x2c ./Drivers/STM32L4xx_HAL_Driver/Src/stm32l4xx_hal_rcc.o
                0x080062d8                HAL_RCC_GetPCLK1Freq
 .text.HAL_RCC_GetPCLK2Freq
                0x08006304       0x2c ./Drivers/STM32L4xx_HAL_Driver/Src/stm32l4xx_hal_rcc.o
                0x08006304                HAL_RCC_GetPCLK2Freq
 .text.RCC_SetFlashLatencyFromMSIRange
                0x08006330       0xc0 ./Drivers/STM32L4xx_HAL_Driver/Src/stm32l4xx_hal_rcc.o
 .text.HAL_RCCEx_PeriphCLKConfig
                0x080063f0      0x5d4 ./Drivers/STM32L4xx_HAL_Driver/Src/stm32l4xx_hal_rcc_ex.o
                0x080063f0                HAL_RCCEx_PeriphCLKConfig
 .text.RCCEx_PLLSAI1_Config
                0x080069c4      0x1e8 ./Drivers/STM32L4xx_HAL_Driver/Src/stm32l4xx_hal_rcc_ex.o
 .text.RCCEx_PLLSAI2_Config
                0x08006bac      0x1bc ./Drivers/STM32L4xx_HAL_Driver/Src/stm32l4xx_hal_rcc_ex.o
 .text.HAL_TIM_Base_Init
                0x08006d68       0xae ./Drivers/STM32L4xx_HAL_Driver/Src/stm32l4xx_hal_tim.o
                0x08006d68                HAL_TIM_Base_Init
 *fill*         0x08006e16        0x2 
 .text.HAL_TIM_Base_Start
                0x08006e18       0xd0 ./Drivers/STM32L4xx_HAL_Driver/Src/stm32l4xx_hal_tim.o
                0x08006e18                HAL_TIM_Base_Start
 .text.HAL_TIM_ConfigClockSource
                0x08006ee8      0x192 ./Drivers/STM32L4xx_HAL_Driver/Src/stm32l4xx_hal_tim.o
                0x08006ee8                HAL_TIM_ConfigClockSource
 *fill*         0x0800707a        0x2 
 .text.TIM_Base_SetConfig
                0x0800707c      0x14c ./Drivers/STM32L4xx_HAL_Driver/Src/stm32l4xx_hal_tim.o
                0x0800707c                TIM_Base_SetConfig
 .text.TIM_TI1_ConfigInputStage
                0x080071c8       0x5e ./Drivers/STM32L4xx_HAL_Driver/Src/stm32l4xx_hal_tim.o
 .text.TIM_TI2_ConfigInputStage
                0x08007226       0x60 ./Drivers/STM32L4xx_HAL_Driver/Src/stm32l4xx_hal_tim.o
 .text.TIM_ITRx_SetConfig
                0x08007286       0x36 ./Drivers/STM32L4xx_HAL_Driver/Src/stm32l4xx_hal_tim.o
 .text.TIM_ETR_SetConfig
                0x080072bc       0x40 ./Drivers/STM32L4xx_HAL_Driver/Src/stm32l4xx_hal_tim.o
                0x080072bc                TIM_ETR_SetConfig
 .text.HAL_TIMEx_MasterConfigSynchronization
                0x080072fc      0x110 ./Drivers/STM32L4xx_HAL_Driver/Src/stm32l4xx_hal_tim_ex.o
                0x080072fc                HAL_TIMEx_MasterConfigSynchronization
 .text.HAL_UART_Init
                0x0800740c       0x9c ./Drivers/STM32L4xx_HAL_Driver/Src/stm32l4xx_hal_uart.o
                0x0800740c                HAL_UART_Init
 .text.HAL_UART_Transmit
                0x080074a8      0x112 ./Drivers/STM32L4xx_HAL_Driver/Src/stm32l4xx_hal_uart.o
                0x080074a8                HAL_UART_Transmit
 *fill*         0x080075ba        0x2 
 .text.UART_SetConfig
                0x080075bc      0x570 ./Drivers/STM32L4xx_HAL_Driver/Src/stm32l4xx_hal_uart.o
                0x080075bc                UART_SetConfig
 .text.UART_AdvFeatureConfig
                0x08007b2c      0x144 ./Drivers/STM32L4xx_HAL_Driver/Src/stm32l4xx_hal_uart.o
                0x08007b2c                UART_AdvFeatureConfig
 .text.UART_CheckIdleState
                0x08007c70      0x150 ./Drivers/STM32L4xx_HAL_Driver/Src/stm32l4xx_hal_uart.o
                0x08007c70                UART_CheckIdleState
 .text.UART_WaitOnFlagUntilTimeout
                0x08007dc0       0xda ./Drivers/STM32L4xx_HAL_Driver/Src/stm32l4xx_hal_uart.o
                0x08007dc0                UART_WaitOnFlagUntilTimeout
 .text.UART_EndRxTransfer
                0x08007e9a       0xc8 ./Drivers/STM32L4xx_HAL_Driver/Src/stm32l4xx_hal_uart.o
 *fill*         0x08007f62        0x2 
 .text.arm_rfft_fast_init_f32
                0x08007f64      0x108 C:\Users\jensc\STM32CubeIDE\workspace_1.17.0\MZMbias\phase-shift-meas\lib\libarm_cortexM4l_math.a(arm_rfft_fast_init_f32.o)
                0x08007f64                arm_rfft_fast_init_f32
 .text.arm_rfft_fast_f32
                0x0800806c      0x26c C:\Users\jensc\STM32CubeIDE\workspace_1.17.0\MZMbias\phase-shift-meas\lib\libarm_cortexM4l_math.a(arm_rfft_fast_f32.o)
                0x0800806c                arm_rfft_fast_f32
 .text.arm_cfft_radix8by2_f32
                0x080082d8      0x2b4 C:\Users\jensc\STM32CubeIDE\workspace_1.17.0\MZMbias\phase-shift-meas\lib\libarm_cortexM4l_math.a(arm_cfft_f32.o)
                0x080082d8                arm_cfft_radix8by2_f32
 .text.arm_cfft_radix8by4_f32
                0x0800858c      0x76c C:\Users\jensc\STM32CubeIDE\workspace_1.17.0\MZMbias\phase-shift-meas\lib\libarm_cortexM4l_math.a(arm_cfft_f32.o)
                0x0800858c                arm_cfft_radix8by4_f32
 .text.arm_cfft_f32
                0x08008cf8       0xfc C:\Users\jensc\STM32CubeIDE\workspace_1.17.0\MZMbias\phase-shift-meas\lib\libarm_cortexM4l_math.a(arm_cfft_f32.o)
                0x08008cf8                arm_cfft_f32
 .text.arm_radix8_butterfly_f32
                0x08008df4      0x960 C:\Users\jensc\STM32CubeIDE\workspace_1.17.0\MZMbias\phase-shift-meas\lib\libarm_cortexM4l_math.a(arm_cfft_radix8_f32.o)
                0x08008df4                arm_radix8_butterfly_f32
 .text.sprintf  0x08009754       0x40 C:/ST/STM32CubeIDE_1.17.0/STM32CubeIDE/plugins/com.st.stm32cube.ide.mcu.externaltools.gnu-tools-for-stm32.12.3.rel1.win32_1.1.0.202410251130/tools/bin/../lib/gcc/arm-none-eabi/12.3.1/../../../../arm-none-eabi/lib/thumb/v7e-m+fp/softfp\libc_nano.a(libc_a-sprintf.o)
                0x08009754                siprintf
                0x08009754                sprintf
 .text.memset   0x08009794       0x10 C:/ST/STM32CubeIDE_1.17.0/STM32CubeIDE/plugins/com.st.stm32cube.ide.mcu.externaltools.gnu-tools-for-stm32.12.3.rel1.win32_1.1.0.202410251130/tools/bin/../lib/gcc/arm-none-eabi/12.3.1/../../../../arm-none-eabi/lib/thumb/v7e-m+fp/softfp\libc_nano.a(libc_a-memset.o)
                0x08009794                memset
 .text.__errno  0x080097a4        0xc C:/ST/STM32CubeIDE_1.17.0/STM32CubeIDE/plugins/com.st.stm32cube.ide.mcu.externaltools.gnu-tools-for-stm32.12.3.rel1.win32_1.1.0.202410251130/tools/bin/../lib/gcc/arm-none-eabi/12.3.1/../../../../arm-none-eabi/lib/thumb/v7e-m+fp/softfp\libc_nano.a(libc_a-errno.o)
                0x080097a4                __errno
 .text.__libc_init_array
                0x080097b0       0x48 C:/ST/STM32CubeIDE_1.17.0/STM32CubeIDE/plugins/com.st.stm32cube.ide.mcu.externaltools.gnu-tools-for-stm32.12.3.rel1.win32_1.1.0.202410251130/tools/bin/../lib/gcc/arm-none-eabi/12.3.1/../../../../arm-none-eabi/lib/thumb/v7e-m+fp/softfp\libc_nano.a(libc_a-init.o)
                0x080097b0                __libc_init_array
 .text.__retarget_lock_acquire_recursive
                0x080097f8        0x2 C:/ST/STM32CubeIDE_1.17.0/STM32CubeIDE/plugins/com.st.stm32cube.ide.mcu.externaltools.gnu-tools-for-stm32.12.3.rel1.win32_1.1.0.202410251130/tools/bin/../lib/gcc/arm-none-eabi/12.3.1/../../../../arm-none-eabi/lib/thumb/v7e-m+fp/softfp\libc_nano.a(libc_a-lock.o)
                0x080097f8                __retarget_lock_acquire_recursive
 .text.__retarget_lock_release_recursive
                0x080097fa        0x2 C:/ST/STM32CubeIDE_1.17.0/STM32CubeIDE/plugins/com.st.stm32cube.ide.mcu.externaltools.gnu-tools-for-stm32.12.3.rel1.win32_1.1.0.202410251130/tools/bin/../lib/gcc/arm-none-eabi/12.3.1/../../../../arm-none-eabi/lib/thumb/v7e-m+fp/softfp\libc_nano.a(libc_a-lock.o)
                0x080097fa                __retarget_lock_release_recursive
 .text._free_r  0x080097fc       0x94 C:/ST/STM32CubeIDE_1.17.0/STM32CubeIDE/plugins/com.st.stm32cube.ide.mcu.externaltools.gnu-tools-for-stm32.12.3.rel1.win32_1.1.0.202410251130/tools/bin/../lib/gcc/arm-none-eabi/12.3.1/../../../../arm-none-eabi/lib/thumb/v7e-m+fp/softfp\libc_nano.a(libc_a-freer.o)
                0x080097fc                _free_r
 .text.sbrk_aligned
                0x08009890       0x44 C:/ST/STM32CubeIDE_1.17.0/STM32CubeIDE/plugins/com.st.stm32cube.ide.mcu.externaltools.gnu-tools-for-stm32.12.3.rel1.win32_1.1.0.202410251130/tools/bin/../lib/gcc/arm-none-eabi/12.3.1/../../../../arm-none-eabi/lib/thumb/v7e-m+fp/softfp\libc_nano.a(libc_a-mallocr.o)
 .text._malloc_r
                0x080098d4      0x100 C:/ST/STM32CubeIDE_1.17.0/STM32CubeIDE/plugins/com.st.stm32cube.ide.mcu.externaltools.gnu-tools-for-stm32.12.3.rel1.win32_1.1.0.202410251130/tools/bin/../lib/gcc/arm-none-eabi/12.3.1/../../../../arm-none-eabi/lib/thumb/v7e-m+fp/softfp\libc_nano.a(libc_a-mallocr.o)
                0x080098d4                _malloc_r
 .text.__malloc_lock
                0x080099d4        0xc C:/ST/STM32CubeIDE_1.17.0/STM32CubeIDE/plugins/com.st.stm32cube.ide.mcu.externaltools.gnu-tools-for-stm32.12.3.rel1.win32_1.1.0.202410251130/tools/bin/../lib/gcc/arm-none-eabi/12.3.1/../../../../arm-none-eabi/lib/thumb/v7e-m+fp/softfp\libc_nano.a(libc_a-mlock.o)
                0x080099d4                __malloc_lock
 .text.__malloc_unlock
                0x080099e0        0xc C:/ST/STM32CubeIDE_1.17.0/STM32CubeIDE/plugins/com.st.stm32cube.ide.mcu.externaltools.gnu-tools-for-stm32.12.3.rel1.win32_1.1.0.202410251130/tools/bin/../lib/gcc/arm-none-eabi/12.3.1/../../../../arm-none-eabi/lib/thumb/v7e-m+fp/softfp\libc_nano.a(libc_a-mlock.o)
                0x080099e0                __malloc_unlock
 .text.__ssputs_r
                0x080099ec       0xb6 C:/ST/STM32CubeIDE_1.17.0/STM32CubeIDE/plugins/com.st.stm32cube.ide.mcu.externaltools.gnu-tools-for-stm32.12.3.rel1.win32_1.1.0.202410251130/tools/bin/../lib/gcc/arm-none-eabi/12.3.1/../../../../arm-none-eabi/lib/thumb/v7e-m+fp/softfp\libc_nano.a(libc_a-nano-svfprintf.o)
                0x080099ec                __ssputs_r
 *fill*         0x08009aa2        0x2 
 .text._svfprintf_r
                0x08009aa4      0x1f8 C:/ST/STM32CubeIDE_1.17.0/STM32CubeIDE/plugins/com.st.stm32cube.ide.mcu.externaltools.gnu-tools-for-stm32.12.3.rel1.win32_1.1.0.202410251130/tools/bin/../lib/gcc/arm-none-eabi/12.3.1/../../../../arm-none-eabi/lib/thumb/v7e-m+fp/softfp\libc_nano.a(libc_a-nano-svfprintf.o)
                0x08009aa4                _svfiprintf_r
                0x08009aa4                _svfprintf_r
 .text._printf_common
                0x08009c9c       0xda C:/ST/STM32CubeIDE_1.17.0/STM32CubeIDE/plugins/com.st.stm32cube.ide.mcu.externaltools.gnu-tools-for-stm32.12.3.rel1.win32_1.1.0.202410251130/tools/bin/../lib/gcc/arm-none-eabi/12.3.1/../../../../arm-none-eabi/lib/thumb/v7e-m+fp/softfp\libc_nano.a(libc_a-nano-vfprintf_i.o)
                0x08009c9c                _printf_common
 *fill*         0x08009d76        0x2 
 .text._printf_i
                0x08009d78      0x240 C:/ST/STM32CubeIDE_1.17.0/STM32CubeIDE/plugins/com.st.stm32cube.ide.mcu.externaltools.gnu-tools-for-stm32.12.3.rel1.win32_1.1.0.202410251130/tools/bin/../lib/gcc/arm-none-eabi/12.3.1/../../../../arm-none-eabi/lib/thumb/v7e-m+fp/softfp\libc_nano.a(libc_a-nano-vfprintf_i.o)
                0x08009d78                _printf_i
 .text.memmove  0x08009fb8       0x34 C:/ST/STM32CubeIDE_1.17.0/STM32CubeIDE/plugins/com.st.stm32cube.ide.mcu.externaltools.gnu-tools-for-stm32.12.3.rel1.win32_1.1.0.202410251130/tools/bin/../lib/gcc/arm-none-eabi/12.3.1/../../../../arm-none-eabi/lib/thumb/v7e-m+fp/softfp\libc_nano.a(libc_a-memmove.o)
                0x08009fb8                memmove
 .text._sbrk_r  0x08009fec       0x20 C:/ST/STM32CubeIDE_1.17.0/STM32CubeIDE/plugins/com.st.stm32cube.ide.mcu.externaltools.gnu-tools-for-stm32.12.3.rel1.win32_1.1.0.202410251130/tools/bin/../lib/gcc/arm-none-eabi/12.3.1/../../../../arm-none-eabi/lib/thumb/v7e-m+fp/softfp\libc_nano.a(libc_a-sbrkr.o)
                0x08009fec                _sbrk_r
 .text.memcpy   0x0800a00c       0x1c C:/ST/STM32CubeIDE_1.17.0/STM32CubeIDE/plugins/com.st.stm32cube.ide.mcu.externaltools.gnu-tools-for-stm32.12.3.rel1.win32_1.1.0.202410251130/tools/bin/../lib/gcc/arm-none-eabi/12.3.1/../../../../arm-none-eabi/lib/thumb/v7e-m+fp/softfp\libc_nano.a(libc_a-memcpy-stub.o)
                0x0800a00c                memcpy
 .text._realloc_r
                0x0800a028       0x5c C:/ST/STM32CubeIDE_1.17.0/STM32CubeIDE/plugins/com.st.stm32cube.ide.mcu.externaltools.gnu-tools-for-stm32.12.3.rel1.win32_1.1.0.202410251130/tools/bin/../lib/gcc/arm-none-eabi/12.3.1/../../../../arm-none-eabi/lib/thumb/v7e-m+fp/softfp\libc_nano.a(libc_a-reallocr.o)
                0x0800a028                _realloc_r
 .text._malloc_usable_size_r
                0x0800a084       0x10 C:/ST/STM32CubeIDE_1.17.0/STM32CubeIDE/plugins/com.st.stm32cube.ide.mcu.externaltools.gnu-tools-for-stm32.12.3.rel1.win32_1.1.0.202410251130/tools/bin/../lib/gcc/arm-none-eabi/12.3.1/../../../../arm-none-eabi/lib/thumb/v7e-m+fp/softfp\libc_nano.a(libc_a-msizer.o)
                0x0800a084                _malloc_usable_size_r
 .text.cos      0x0800a094       0x8c C:/ST/STM32CubeIDE_1.17.0/STM32CubeIDE/plugins/com.st.stm32cube.ide.mcu.externaltools.gnu-tools-for-stm32.12.3.rel1.win32_1.1.0.202410251130/tools/bin/../lib/gcc/arm-none-eabi/12.3.1/../../../../arm-none-eabi/lib/thumb/v7e-m+fp/softfp\libm.a(libm_a-s_cos.o)
                0x0800a094                cos
 .text.fabs     0x0800a120        0x8 C:/ST/STM32CubeIDE_1.17.0/STM32CubeIDE/plugins/com.st.stm32cube.ide.mcu.externaltools.gnu-tools-for-stm32.12.3.rel1.win32_1.1.0.202410251130/tools/bin/../lib/gcc/arm-none-eabi/12.3.1/../../../../arm-none-eabi/lib/thumb/v7e-m+fp/softfp\libm.a(libm_a-s_fabs.o)
                0x0800a120                fabs
 .text.sin      0x0800a128       0x8c C:/ST/STM32CubeIDE_1.17.0/STM32CubeIDE/plugins/com.st.stm32cube.ide.mcu.externaltools.gnu-tools-for-stm32.12.3.rel1.win32_1.1.0.202410251130/tools/bin/../lib/gcc/arm-none-eabi/12.3.1/../../../../arm-none-eabi/lib/thumb/v7e-m+fp/softfp\libm.a(libm_a-s_sin.o)
                0x0800a128                sin
 .text.atan2f   0x0800a1b4        0x4 C:/ST/STM32CubeIDE_1.17.0/STM32CubeIDE/plugins/com.st.stm32cube.ide.mcu.externaltools.gnu-tools-for-stm32.12.3.rel1.win32_1.1.0.202410251130/tools/bin/../lib/gcc/arm-none-eabi/12.3.1/../../../../arm-none-eabi/lib/thumb/v7e-m+fp/softfp\libm.a(libm_a-wf_atan2.o)
                0x0800a1b4                atan2f
 .text.sqrtf    0x0800a1b8       0x44 C:/ST/STM32CubeIDE_1.17.0/STM32CubeIDE/plugins/com.st.stm32cube.ide.mcu.externaltools.gnu-tools-for-stm32.12.3.rel1.win32_1.1.0.202410251130/tools/bin/../lib/gcc/arm-none-eabi/12.3.1/../../../../arm-none-eabi/lib/thumb/v7e-m+fp/softfp\libm.a(libm_a-wf_sqrt.o)
                0x0800a1b8                sqrtf
 .text.__ieee754_sqrtf
                0x0800a1fc        0xe C:/ST/STM32CubeIDE_1.17.0/STM32CubeIDE/plugins/com.st.stm32cube.ide.mcu.externaltools.gnu-tools-for-stm32.12.3.rel1.win32_1.1.0.202410251130/tools/bin/../lib/gcc/arm-none-eabi/12.3.1/../../../../arm-none-eabi/lib/thumb/v7e-m+fp/softfp\libm.a(libm_a-ef_sqrt.o)
                0x0800a1fc                __ieee754_sqrtf
 *fill*         0x0800a20a        0x6 
 .text.floor    0x0800a210      0x100 C:/ST/STM32CubeIDE_1.17.0/STM32CubeIDE/plugins/com.st.stm32cube.ide.mcu.externaltools.gnu-tools-for-stm32.12.3.rel1.win32_1.1.0.202410251130/tools/bin/../lib/gcc/arm-none-eabi/12.3.1/../../../../arm-none-eabi/lib/thumb/v7e-m+fp/softfp\libm.a(libm_a-s_floor.o)
                0x0800a210                floor
 .text.__kernel_cos
                0x0800a310      0x17c C:/ST/STM32CubeIDE_1.17.0/STM32CubeIDE/plugins/com.st.stm32cube.ide.mcu.externaltools.gnu-tools-for-stm32.12.3.rel1.win32_1.1.0.202410251130/tools/bin/../lib/gcc/arm-none-eabi/12.3.1/../../../../arm-none-eabi/lib/thumb/v7e-m+fp/softfp\libm.a(libm_a-k_cos.o)
                0x0800a310                __kernel_cos
 *fill*         0x0800a48c        0x4 
 .text.__kernel_sin
                0x0800a490      0x16c C:/ST/STM32CubeIDE_1.17.0/STM32CubeIDE/plugins/com.st.stm32cube.ide.mcu.externaltools.gnu-tools-for-stm32.12.3.rel1.win32_1.1.0.202410251130/tools/bin/../lib/gcc/arm-none-eabi/12.3.1/../../../../arm-none-eabi/lib/thumb/v7e-m+fp/softfp\libm.a(libm_a-k_sin.o)
                0x0800a490                __kernel_sin
 *fill*         0x0800a5fc        0x4 
 .text.__ieee754_rem_pio2
                0x0800a600      0x3ec C:/ST/STM32CubeIDE_1.17.0/STM32CubeIDE/plugins/com.st.stm32cube.ide.mcu.externaltools.gnu-tools-for-stm32.12.3.rel1.win32_1.1.0.202410251130/tools/bin/../lib/gcc/arm-none-eabi/12.3.1/../../../../arm-none-eabi/lib/thumb/v7e-m+fp/softfp\libm.a(libm_a-e_rem_pio2.o)
                0x0800a600                __ieee754_rem_pio2
 .text.__ieee754_atan2f
                0x0800a9ec      0x144 C:/ST/STM32CubeIDE_1.17.0/STM32CubeIDE/plugins/com.st.stm32cube.ide.mcu.externaltools.gnu-tools-for-stm32.12.3.rel1.win32_1.1.0.202410251130/tools/bin/../lib/gcc/arm-none-eabi/12.3.1/../../../../arm-none-eabi/lib/thumb/v7e-m+fp/softfp\libm.a(libm_a-ef_atan2.o)
                0x0800a9ec                __ieee754_atan2f
 .text.atanf    0x0800ab30      0x1ac C:/ST/STM32CubeIDE_1.17.0/STM32CubeIDE/plugins/com.st.stm32cube.ide.mcu.externaltools.gnu-tools-for-stm32.12.3.rel1.win32_1.1.0.202410251130/tools/bin/../lib/gcc/arm-none-eabi/12.3.1/../../../../arm-none-eabi/lib/thumb/v7e-m+fp/softfp\libm.a(libm_a-sf_atan.o)
                0x0800ab30                atanf
 .text.fabsf    0x0800acdc        0x6 C:/ST/STM32CubeIDE_1.17.0/STM32CubeIDE/plugins/com.st.stm32cube.ide.mcu.externaltools.gnu-tools-for-stm32.12.3.rel1.win32_1.1.0.202410251130/tools/bin/../lib/gcc/arm-none-eabi/12.3.1/../../../../arm-none-eabi/lib/thumb/v7e-m+fp/softfp\libm.a(libm_a-sf_fabs.o)
                0x0800acdc                fabsf
 *fill*         0x0800ace2        0x6 
 .text.scalbn   0x0800ace8       0xf4 C:/ST/STM32CubeIDE_1.17.0/STM32CubeIDE/plugins/com.st.stm32cube.ide.mcu.externaltools.gnu-tools-for-stm32.12.3.rel1.win32_1.1.0.202410251130/tools/bin/../lib/gcc/arm-none-eabi/12.3.1/../../../../arm-none-eabi/lib/thumb/v7e-m+fp/softfp\libm.a(libm_a-s_scalbn.o)
                0x0800ace8                scalbn
 *fill*         0x0800addc        0x4 
 .text.__kernel_rem_pio2
                0x0800ade0      0x688 C:/ST/STM32CubeIDE_1.17.0/STM32CubeIDE/plugins/com.st.stm32cube.ide.mcu.externaltools.gnu-tools-for-stm32.12.3.rel1.win32_1.1.0.202410251130/tools/bin/../lib/gcc/arm-none-eabi/12.3.1/../../../../arm-none-eabi/lib/thumb/v7e-m+fp/softfp\libm.a(libm_a-k_rem_pio2.o)
                0x0800ade0                __kernel_rem_pio2
 *(.glue_7)
 .glue_7        0x0800b468        0x0 linker stubs
 *(.glue_7t)
 .glue_7t       0x0800b468        0x0 linker stubs
 *(.eh_frame)
 .eh_frame      0x0800b468        0x0 C:/ST/STM32CubeIDE_1.17.0/STM32CubeIDE/plugins/com.st.stm32cube.ide.mcu.externaltools.gnu-tools-for-stm32.12.3.rel1.win32_1.1.0.202410251130/tools/bin/../lib/gcc/arm-none-eabi/12.3.1/thumb/v7e-m+fp/softfp/crtbegin.o
 *(.init)
 .init          0x0800b468        0x4 C:/ST/STM32CubeIDE_1.17.0/STM32CubeIDE/plugins/com.st.stm32cube.ide.mcu.externaltools.gnu-tools-for-stm32.12.3.rel1.win32_1.1.0.202410251130/tools/bin/../lib/gcc/arm-none-eabi/12.3.1/thumb/v7e-m+fp/softfp/crti.o
                0x0800b468                _init
 .init          0x0800b46c        0x8 C:/ST/STM32CubeIDE_1.17.0/STM32CubeIDE/plugins/com.st.stm32cube.ide.mcu.externaltools.gnu-tools-for-stm32.12.3.rel1.win32_1.1.0.202410251130/tools/bin/../lib/gcc/arm-none-eabi/12.3.1/thumb/v7e-m+fp/softfp/crtn.o
 *(.fini)
 .fini          0x0800b474        0x4 C:/ST/STM32CubeIDE_1.17.0/STM32CubeIDE/plugins/com.st.stm32cube.ide.mcu.externaltools.gnu-tools-for-stm32.12.3.rel1.win32_1.1.0.202410251130/tools/bin/../lib/gcc/arm-none-eabi/12.3.1/thumb/v7e-m+fp/softfp/crti.o
                0x0800b474                _fini
 .fini          0x0800b478        0x8 C:/ST/STM32CubeIDE_1.17.0/STM32CubeIDE/plugins/com.st.stm32cube.ide.mcu.externaltools.gnu-tools-for-stm32.12.3.rel1.win32_1.1.0.202410251130/tools/bin/../lib/gcc/arm-none-eabi/12.3.1/thumb/v7e-m+fp/softfp/crtn.o
                0x0800b480                        . = ALIGN (0x4)
                0x0800b480                        _etext = .

.vfp11_veneer   0x0800b480        0x0
 .vfp11_veneer  0x0800b480        0x0 linker stubs

.v4_bx          0x0800b480        0x0
 .v4_bx         0x0800b480        0x0 linker stubs

.iplt           0x0800b480        0x0
 .iplt          0x0800b480        0x0 C:/ST/STM32CubeIDE_1.17.0/STM32CubeIDE/plugins/com.st.stm32cube.ide.mcu.externaltools.gnu-tools-for-stm32.12.3.rel1.win32_1.1.0.202410251130/tools/bin/../lib/gcc/arm-none-eabi/12.3.1/thumb/v7e-m+fp/softfp/crtbegin.o

.rodata         0x0800b480    0x13718
                0x0800b480                        . = ALIGN (0x4)
 *(.rodata)
 .rodata        0x0800b480       0x33 ./Core/Src/main.o
 *(.rodata*)
 *fill*         0x0800b4b3        0x1 
 .rodata.AHBPrescTable
                0x0800b4b4       0x10 ./Core/Src/system_stm32l4xx.o
                0x0800b4b4                AHBPrescTable
 .rodata.APBPrescTable
                0x0800b4c4        0x8 ./Core/Src/system_stm32l4xx.o
                0x0800b4c4                APBPrescTable
 .rodata.MSIRangeTable
                0x0800b4cc       0x30 ./Core/Src/system_stm32l4xx.o
                0x0800b4cc                MSIRangeTable
 .rodata.twiddleCoef_2048
                0x0800b4fc     0x4000 C:\Users\jensc\STM32CubeIDE\workspace_1.17.0\MZMbias\phase-shift-meas\lib\libarm_cortexM4l_math.a(arm_common_tables.o)
                0x0800b4fc                twiddleCoef_2048
 .rodata.twiddleCoef_rfft_64
                0x0800f4fc      0x100 C:\Users\jensc\STM32CubeIDE\workspace_1.17.0\MZMbias\phase-shift-meas\lib\libarm_cortexM4l_math.a(arm_common_tables.o)
                0x0800f4fc                twiddleCoef_rfft_64
 .rodata.armBitRevIndexTable64
                0x0800f5fc       0x70 C:\Users\jensc\STM32CubeIDE\workspace_1.17.0\MZMbias\phase-shift-meas\lib\libarm_cortexM4l_math.a(arm_common_tables.o)
                0x0800f5fc                armBitRevIndexTable64
 .rodata.twiddleCoef_rfft_2048
                0x0800f66c     0x2000 C:\Users\jensc\STM32CubeIDE\workspace_1.17.0\MZMbias\phase-shift-meas\lib\libarm_cortexM4l_math.a(arm_common_tables.o)
                0x0800f66c                twiddleCoef_rfft_2048
 .rodata.twiddleCoef_rfft_4096
                0x0801166c     0x4000 C:\Users\jensc\STM32CubeIDE\workspace_1.17.0\MZMbias\phase-shift-meas\lib\libarm_cortexM4l_math.a(arm_common_tables.o)
                0x0801166c                twiddleCoef_rfft_4096
 .rodata.twiddleCoef_256
                0x0801566c      0x800 C:\Users\jensc\STM32CubeIDE\workspace_1.17.0\MZMbias\phase-shift-meas\lib\libarm_cortexM4l_math.a(arm_common_tables.o)
                0x0801566c                twiddleCoef_256
 .rodata.twiddleCoef_16
                0x08015e6c       0x80 C:\Users\jensc\STM32CubeIDE\workspace_1.17.0\MZMbias\phase-shift-meas\lib\libarm_cortexM4l_math.a(arm_common_tables.o)
                0x08015e6c                twiddleCoef_16
 .rodata.twiddleCoef_1024
                0x08015eec     0x2000 C:\Users\jensc\STM32CubeIDE\workspace_1.17.0\MZMbias\phase-shift-meas\lib\libarm_cortexM4l_math.a(arm_common_tables.o)
                0x08015eec                twiddleCoef_1024
 .rodata.twiddleCoef_32
                0x08017eec      0x100 C:\Users\jensc\STM32CubeIDE\workspace_1.17.0\MZMbias\phase-shift-meas\lib\libarm_cortexM4l_math.a(arm_common_tables.o)
                0x08017eec                twiddleCoef_32
 .rodata.armBitRevIndexTable1024
                0x08017fec      0xe10 C:\Users\jensc\STM32CubeIDE\workspace_1.17.0\MZMbias\phase-shift-meas\lib\libarm_cortexM4l_math.a(arm_common_tables.o)
                0x08017fec                armBitRevIndexTable1024
 .rodata.armBitRevIndexTable16
                0x08018dfc       0x28 C:\Users\jensc\STM32CubeIDE\workspace_1.17.0\MZMbias\phase-shift-meas\lib\libarm_cortexM4l_math.a(arm_common_tables.o)
                0x08018dfc                armBitRevIndexTable16
 .rodata.twiddleCoef_rfft_32
                0x08018e24       0x80 C:\Users\jensc\STM32CubeIDE\workspace_1.17.0\MZMbias\phase-shift-meas\lib\libarm_cortexM4l_math.a(arm_common_tables.o)
                0x08018e24                twiddleCoef_rfft_32
 .rodata.armBitRevIndexTable32
                0x08018ea4       0x60 C:\Users\jensc\STM32CubeIDE\workspace_1.17.0\MZMbias\phase-shift-meas\lib\libarm_cortexM4l_math.a(arm_common_tables.o)
                0x08018ea4                armBitRevIndexTable32
 .rodata.twiddleCoef_128
                0x08018f04      0x400 C:\Users\jensc\STM32CubeIDE\workspace_1.17.0\MZMbias\phase-shift-meas\lib\libarm_cortexM4l_math.a(arm_common_tables.o)
                0x08018f04                twiddleCoef_128
 .rodata.twiddleCoef_512
                0x08019304     0x1000 C:\Users\jensc\STM32CubeIDE\workspace_1.17.0\MZMbias\phase-shift-meas\lib\libarm_cortexM4l_math.a(arm_common_tables.o)
                0x08019304                twiddleCoef_512
 .rodata.armBitRevIndexTable2048
                0x0801a304     0x1dc0 C:\Users\jensc\STM32CubeIDE\workspace_1.17.0\MZMbias\phase-shift-meas\lib\libarm_cortexM4l_math.a(arm_common_tables.o)
                0x0801a304                armBitRevIndexTable2048
 .rodata.twiddleCoef_64
                0x0801c0c4      0x200 C:\Users\jensc\STM32CubeIDE\workspace_1.17.0\MZMbias\phase-shift-meas\lib\libarm_cortexM4l_math.a(arm_common_tables.o)
                0x0801c0c4                twiddleCoef_64
 .rodata.twiddleCoef_rfft_512
                0x0801c2c4      0x800 C:\Users\jensc\STM32CubeIDE\workspace_1.17.0\MZMbias\phase-shift-meas\lib\libarm_cortexM4l_math.a(arm_common_tables.o)
                0x0801c2c4                twiddleCoef_rfft_512
 .rodata.armBitRevIndexTable512
                0x0801cac4      0x380 C:\Users\jensc\STM32CubeIDE\workspace_1.17.0\MZMbias\phase-shift-meas\lib\libarm_cortexM4l_math.a(arm_common_tables.o)
                0x0801cac4                armBitRevIndexTable512
 .rodata.twiddleCoef_rfft_1024
                0x0801ce44     0x1000 C:\Users\jensc\STM32CubeIDE\workspace_1.17.0\MZMbias\phase-shift-meas\lib\libarm_cortexM4l_math.a(arm_common_tables.o)
                0x0801ce44                twiddleCoef_rfft_1024
 .rodata.twiddleCoef_rfft_256
                0x0801de44      0x400 C:\Users\jensc\STM32CubeIDE\workspace_1.17.0\MZMbias\phase-shift-meas\lib\libarm_cortexM4l_math.a(arm_common_tables.o)
                0x0801de44                twiddleCoef_rfft_256
 .rodata.armBitRevIndexTable256
                0x0801e244      0x370 C:\Users\jensc\STM32CubeIDE\workspace_1.17.0\MZMbias\phase-shift-meas\lib\libarm_cortexM4l_math.a(arm_common_tables.o)
                0x0801e244                armBitRevIndexTable256
 .rodata.twiddleCoef_rfft_128
                0x0801e5b4      0x200 C:\Users\jensc\STM32CubeIDE\workspace_1.17.0\MZMbias\phase-shift-meas\lib\libarm_cortexM4l_math.a(arm_common_tables.o)
                0x0801e5b4                twiddleCoef_rfft_128
 .rodata.armBitRevIndexTable128
                0x0801e7b4      0x1a0 C:\Users\jensc\STM32CubeIDE\workspace_1.17.0\MZMbias\phase-shift-meas\lib\libarm_cortexM4l_math.a(arm_common_tables.o)
                0x0801e7b4                armBitRevIndexTable128
 .rodata._svfprintf_r.str1.1
                0x0801e954       0x11 C:/ST/STM32CubeIDE_1.17.0/STM32CubeIDE/plugins/com.st.stm32cube.ide.mcu.externaltools.gnu-tools-for-stm32.12.3.rel1.win32_1.1.0.202410251130/tools/bin/../lib/gcc/arm-none-eabi/12.3.1/../../../../arm-none-eabi/lib/thumb/v7e-m+fp/softfp\libc_nano.a(libc_a-nano-svfprintf.o)
 .rodata._printf_i.str1.1
                0x0801e965       0x22 C:/ST/STM32CubeIDE_1.17.0/STM32CubeIDE/plugins/com.st.stm32cube.ide.mcu.externaltools.gnu-tools-for-stm32.12.3.rel1.win32_1.1.0.202410251130/tools/bin/../lib/gcc/arm-none-eabi/12.3.1/../../../../arm-none-eabi/lib/thumb/v7e-m+fp/softfp\libc_nano.a(libc_a-nano-vfprintf_i.o)
 *fill*         0x0801e987        0x1 
 .rodata.npio2_hw
                0x0801e988       0x80 C:/ST/STM32CubeIDE_1.17.0/STM32CubeIDE/plugins/com.st.stm32cube.ide.mcu.externaltools.gnu-tools-for-stm32.12.3.rel1.win32_1.1.0.202410251130/tools/bin/../lib/gcc/arm-none-eabi/12.3.1/../../../../arm-none-eabi/lib/thumb/v7e-m+fp/softfp\libm.a(libm_a-e_rem_pio2.o)
 .rodata.two_over_pi
                0x0801ea08      0x108 C:/ST/STM32CubeIDE_1.17.0/STM32CubeIDE/plugins/com.st.stm32cube.ide.mcu.externaltools.gnu-tools-for-stm32.12.3.rel1.win32_1.1.0.202410251130/tools/bin/../lib/gcc/arm-none-eabi/12.3.1/../../../../arm-none-eabi/lib/thumb/v7e-m+fp/softfp\libm.a(libm_a-e_rem_pio2.o)
 .rodata.CSWTCH.9
                0x0801eb10        0xc C:/ST/STM32CubeIDE_1.17.0/STM32CubeIDE/plugins/com.st.stm32cube.ide.mcu.externaltools.gnu-tools-for-stm32.12.3.rel1.win32_1.1.0.202410251130/tools/bin/../lib/gcc/arm-none-eabi/12.3.1/../../../../arm-none-eabi/lib/thumb/v7e-m+fp/softfp\libm.a(libm_a-ef_atan2.o)
 .rodata.CSWTCH.8
                0x0801eb1c        0xc C:/ST/STM32CubeIDE_1.17.0/STM32CubeIDE/plugins/com.st.stm32cube.ide.mcu.externaltools.gnu-tools-for-stm32.12.3.rel1.win32_1.1.0.202410251130/tools/bin/../lib/gcc/arm-none-eabi/12.3.1/../../../../arm-none-eabi/lib/thumb/v7e-m+fp/softfp\libm.a(libm_a-ef_atan2.o)
 .rodata.atanlo
                0x0801eb28       0x10 C:/ST/STM32CubeIDE_1.17.0/STM32CubeIDE/plugins/com.st.stm32cube.ide.mcu.externaltools.gnu-tools-for-stm32.12.3.rel1.win32_1.1.0.202410251130/tools/bin/../lib/gcc/arm-none-eabi/12.3.1/../../../../arm-none-eabi/lib/thumb/v7e-m+fp/softfp\libm.a(libm_a-sf_atan.o)
 .rodata.atanhi
                0x0801eb38       0x10 C:/ST/STM32CubeIDE_1.17.0/STM32CubeIDE/plugins/com.st.stm32cube.ide.mcu.externaltools.gnu-tools-for-stm32.12.3.rel1.win32_1.1.0.202410251130/tools/bin/../lib/gcc/arm-none-eabi/12.3.1/../../../../arm-none-eabi/lib/thumb/v7e-m+fp/softfp\libm.a(libm_a-sf_atan.o)
 .rodata.PIo2   0x0801eb48       0x40 C:/ST/STM32CubeIDE_1.17.0/STM32CubeIDE/plugins/com.st.stm32cube.ide.mcu.externaltools.gnu-tools-for-stm32.12.3.rel1.win32_1.1.0.202410251130/tools/bin/../lib/gcc/arm-none-eabi/12.3.1/../../../../arm-none-eabi/lib/thumb/v7e-m+fp/softfp\libm.a(libm_a-k_rem_pio2.o)
 .rodata.init_jk
                0x0801eb88       0x10 C:/ST/STM32CubeIDE_1.17.0/STM32CubeIDE/plugins/com.st.stm32cube.ide.mcu.externaltools.gnu-tools-for-stm32.12.3.rel1.win32_1.1.0.202410251130/tools/bin/../lib/gcc/arm-none-eabi/12.3.1/../../../../arm-none-eabi/lib/thumb/v7e-m+fp/softfp\libm.a(libm_a-k_rem_pio2.o)
                0x0801eb98                        . = ALIGN (0x4)

.ARM.extab      0x0801eb98        0x0
                0x0801eb98                        . = ALIGN (0x4)
 *(.ARM.extab* .gnu.linkonce.armextab.*)
                0x0801eb98                        . = ALIGN (0x4)

.ARM            0x0801eb98        0x8
                0x0801eb98                        . = ALIGN (0x4)
                0x0801eb98                        __exidx_start = .
 *(.ARM.exidx*)
 .ARM.exidx     0x0801eb98        0x8 C:/ST/STM32CubeIDE_1.17.0/STM32CubeIDE/plugins/com.st.stm32cube.ide.mcu.externaltools.gnu-tools-for-stm32.12.3.rel1.win32_1.1.0.202410251130/tools/bin/../lib/gcc/arm-none-eabi/12.3.1/../../../../arm-none-eabi/lib/thumb/v7e-m+fp/softfp\libc_nano.a(libc_a-strlen.o)
 .ARM.exidx     0x0801eba0        0x0 C:/ST/STM32CubeIDE_1.17.0/STM32CubeIDE/plugins/com.st.stm32cube.ide.mcu.externaltools.gnu-tools-for-stm32.12.3.rel1.win32_1.1.0.202410251130/tools/bin/../lib/gcc/arm-none-eabi/12.3.1/../../../../arm-none-eabi/lib/thumb/v7e-m+fp/softfp\libc_nano.a(libc_a-memchr.o)
                                  0x8 (size before relaxing)
 .ARM.exidx     0x0801eba0        0x0 C:/ST/STM32CubeIDE_1.17.0/STM32CubeIDE/plugins/com.st.stm32cube.ide.mcu.externaltools.gnu-tools-for-stm32.12.3.rel1.win32_1.1.0.202410251130/tools/bin/../lib/gcc/arm-none-eabi/12.3.1/thumb/v7e-m+fp/softfp\libgcc.a(_udivmoddi4.o)
                                  0x8 (size before relaxing)
                0x0801eba0                        __exidx_end = .
                0x0801eba0                        . = ALIGN (0x4)

.preinit_array  0x0801eba0        0x0
                0x0801eba0                        . = ALIGN (0x4)
                0x0801eba0                        PROVIDE (__preinit_array_start = .)
 *(.preinit_array*)
                0x0801eba0                        PROVIDE (__preinit_array_end = .)
                0x0801eba0                        . = ALIGN (0x4)

.init_array     0x0801eba0        0x4
                0x0801eba0                        . = ALIGN (0x4)
                0x0801eba0                        PROVIDE (__init_array_start = .)
 *(SORT_BY_NAME(.init_array.*))
 *(.init_array*)
 .init_array    0x0801eba0        0x4 C:/ST/STM32CubeIDE_1.17.0/STM32CubeIDE/plugins/com.st.stm32cube.ide.mcu.externaltools.gnu-tools-for-stm32.12.3.rel1.win32_1.1.0.202410251130/tools/bin/../lib/gcc/arm-none-eabi/12.3.1/thumb/v7e-m+fp/softfp/crtbegin.o
                0x0801eba4                        PROVIDE (__init_array_end = .)
                0x0801eba4                        . = ALIGN (0x4)

.fini_array     0x0801eba4        0x4
                0x0801eba4                        . = ALIGN (0x4)
                [!provide]                        PROVIDE (__fini_array_start = .)
 *(SORT_BY_NAME(.fini_array.*))
 *(.fini_array*)
 .fini_array    0x0801eba4        0x4 C:/ST/STM32CubeIDE_1.17.0/STM32CubeIDE/plugins/com.st.stm32cube.ide.mcu.externaltools.gnu-tools-for-stm32.12.3.rel1.win32_1.1.0.202410251130/tools/bin/../lib/gcc/arm-none-eabi/12.3.1/thumb/v7e-m+fp/softfp/crtbegin.o
                [!provide]                        PROVIDE (__fini_array_end = .)
                0x0801eba8                        . = ALIGN (0x4)
                0x0801eba8                        _sidata = LOADADDR (.data)

.rel.dyn        0x0801eba8        0x0
 .rel.iplt      0x0801eba8        0x0 C:/ST/STM32CubeIDE_1.17.0/STM32CubeIDE/plugins/com.st.stm32cube.ide.mcu.externaltools.gnu-tools-for-stm32.12.3.rel1.win32_1.1.0.202410251130/tools/bin/../lib/gcc/arm-none-eabi/12.3.1/thumb/v7e-m+fp/softfp/crtbegin.o

.data           0x20000000       0x60 load address 0x0801eba8
                0x20000000                        . = ALIGN (0x4)
                0x20000000                        _sdata = .
 *(.data)
 *(.data*)
 .data.sample_count_1khz
                0x20000000        0x2 ./Core/Src/main.o
                0x20000000                sample_count_1khz
 *fill*         0x20000002        0x2 
 .data.SystemCoreClock
                0x20000004        0x4 ./Core/Src/system_stm32l4xx.o
                0x20000004                SystemCoreClock
 .data.uwTickPrio
                0x20000008        0x4 ./Drivers/STM32L4xx_HAL_Driver/Src/stm32l4xx_hal.o
                0x20000008                uwTickPrio
 .data.uwTickFreq
                0x2000000c        0x1 ./Drivers/STM32L4xx_HAL_Driver/Src/stm32l4xx_hal.o
                0x2000000c                uwTickFreq
 *fill*         0x2000000d        0x3 
 .data._impure_ptr
                0x20000010        0x4 C:/ST/STM32CubeIDE_1.17.0/STM32CubeIDE/plugins/com.st.stm32cube.ide.mcu.externaltools.gnu-tools-for-stm32.12.3.rel1.win32_1.1.0.202410251130/tools/bin/../lib/gcc/arm-none-eabi/12.3.1/../../../../arm-none-eabi/lib/thumb/v7e-m+fp/softfp\libc_nano.a(libc_a-impure.o)
                0x20000010                _impure_ptr
 .data._impure_data
                0x20000014       0x4c C:/ST/STM32CubeIDE_1.17.0/STM32CubeIDE/plugins/com.st.stm32cube.ide.mcu.externaltools.gnu-tools-for-stm32.12.3.rel1.win32_1.1.0.202410251130/tools/bin/../lib/gcc/arm-none-eabi/12.3.1/../../../../arm-none-eabi/lib/thumb/v7e-m+fp/softfp\libc_nano.a(libc_a-impure.o)
                0x20000014                _impure_data
 *(.RamFunc)
 *(.RamFunc*)
                0x20000060                        . = ALIGN (0x4)
                0x20000060                        _edata = .

.igot.plt       0x20000060        0x0 load address 0x0801ec08
 .igot.plt      0x20000060        0x0 C:/ST/STM32CubeIDE_1.17.0/STM32CubeIDE/plugins/com.st.stm32cube.ide.mcu.externaltools.gnu-tools-for-stm32.12.3.rel1.win32_1.1.0.202410251130/tools/bin/../lib/gcc/arm-none-eabi/12.3.1/thumb/v7e-m+fp/softfp/crtbegin.o
                0x20000060                        . = ALIGN (0x4)

.bss            0x20000060     0x758c load address 0x0801ec08
                0x20000060                        _sbss = .
                0x20000060                        __bss_start__ = _sbss
 *(.bss)
 .bss           0x20000060       0x1c C:/ST/STM32CubeIDE_1.17.0/STM32CubeIDE/plugins/com.st.stm32cube.ide.mcu.externaltools.gnu-tools-for-stm32.12.3.rel1.win32_1.1.0.202410251130/tools/bin/../lib/gcc/arm-none-eabi/12.3.1/thumb/v7e-m+fp/softfp/crtbegin.o
 *(.bss*)
 .bss.hadc1     0x2000007c       0x64 ./Core/Src/main.o
                0x2000007c                hadc1
 .bss.hdma_adc1
                0x200000e0       0x48 ./Core/Src/main.o
                0x200000e0                hdma_adc1
 .bss.hdac1     0x20000128       0x14 ./Core/Src/main.o
                0x20000128                hdac1
 .bss.hdma_dac_ch2
                0x2000013c       0x48 ./Core/Src/main.o
                0x2000013c                hdma_dac_ch2
 .bss.htim1     0x20000184       0x4c ./Core/Src/main.o
                0x20000184                htim1
 .bss.htim6     0x200001d0       0x4c ./Core/Src/main.o
                0x200001d0                htim6
 .bss.huart2    0x2000021c       0x88 ./Core/Src/main.o
                0x2000021c                huart2
 .bss.sine_val  0x200002a4      0x190 ./Core/Src/main.o
                0x200002a4                sine_val
 .bss.hanning_array
                0x20000434     0x1000 ./Core/Src/main.o
                0x20000434                hanning_array
 .bss.fftHandler
                0x20001434       0x18 ./Core/Src/main.o
                0x20001434                fftHandler
 .bss.ADC_val   0x2000144c     0x2000 ./Core/Src/main.o
                0x2000144c                ADC_val
 .bss.fftBufIn  0x2000344c     0x2000 ./Core/Src/main.o
                0x2000344c                fftBufIn
 .bss.fftBufOut
                0x2000544c     0x2000 ./Core/Src/main.o
                0x2000544c                fftBufOut
 .bss.data      0x2000744c       0x32 ./Core/Src/main.o
                0x2000744c                data
 .bss.fft_count
                0x2000747e        0x2 ./Core/Src/main.o
                0x2000747e                fft_count
 .bss.avg       0x20007480        0x4 ./Core/Src/main.o
                0x20007480                avg
 .bss.freq_mag  0x20007484        0xc ./Core/Src/main.o
                0x20007484                freq_mag
 .bss.avgPhaseShift
                0x20007490        0x4 ./Core/Src/main.o
                0x20007490                avgPhaseShift
 .bss.avgPhase1
                0x20007494        0x4 ./Core/Src/main.o
                0x20007494                avgPhase1
 .bss.avgPhase2
                0x20007498        0x4 ./Core/Src/main.o
                0x20007498                avgPhase2
 .bss.__sbrk_heap_end
                0x2000749c        0x4 ./Core/Src/sysmem.o
 .bss.uwTick    0x200074a0        0x4 ./Drivers/STM32L4xx_HAL_Driver/Src/stm32l4xx_hal.o
                0x200074a0                uwTick
 .bss.__sf      0x200074a4      0x138 C:/ST/STM32CubeIDE_1.17.0/STM32CubeIDE/plugins/com.st.stm32cube.ide.mcu.externaltools.gnu-tools-for-stm32.12.3.rel1.win32_1.1.0.202410251130/tools/bin/../lib/gcc/arm-none-eabi/12.3.1/../../../../arm-none-eabi/lib/thumb/v7e-m+fp/softfp\libc_nano.a(libc_a-findfp.o)
                0x200074a4                __sf
 .bss.errno     0x200075dc        0x4 C:/ST/STM32CubeIDE_1.17.0/STM32CubeIDE/plugins/com.st.stm32cube.ide.mcu.externaltools.gnu-tools-for-stm32.12.3.rel1.win32_1.1.0.202410251130/tools/bin/../lib/gcc/arm-none-eabi/12.3.1/../../../../arm-none-eabi/lib/thumb/v7e-m+fp/softfp\libc_nano.a(libc_a-reent.o)
                0x200075dc                errno
 .bss.__lock___malloc_recursive_mutex
                0x200075e0        0x1 C:/ST/STM32CubeIDE_1.17.0/STM32CubeIDE/plugins/com.st.stm32cube.ide.mcu.externaltools.gnu-tools-for-stm32.12.3.rel1.win32_1.1.0.202410251130/tools/bin/../lib/gcc/arm-none-eabi/12.3.1/../../../../arm-none-eabi/lib/thumb/v7e-m+fp/softfp\libc_nano.a(libc_a-lock.o)
                0x200075e0                __lock___malloc_recursive_mutex
 *fill*         0x200075e1        0x3 
 .bss.__malloc_sbrk_start
                0x200075e4        0x4 C:/ST/STM32CubeIDE_1.17.0/STM32CubeIDE/plugins/com.st.stm32cube.ide.mcu.externaltools.gnu-tools-for-stm32.12.3.rel1.win32_1.1.0.202410251130/tools/bin/../lib/gcc/arm-none-eabi/12.3.1/../../../../arm-none-eabi/lib/thumb/v7e-m+fp/softfp\libc_nano.a(libc_a-mallocr.o)
                0x200075e4                __malloc_sbrk_start
 .bss.__malloc_free_list
                0x200075e8        0x4 C:/ST/STM32CubeIDE_1.17.0/STM32CubeIDE/plugins/com.st.stm32cube.ide.mcu.externaltools.gnu-tools-for-stm32.12.3.rel1.win32_1.1.0.202410251130/tools/bin/../lib/gcc/arm-none-eabi/12.3.1/../../../../arm-none-eabi/lib/thumb/v7e-m+fp/softfp\libc_nano.a(libc_a-mallocr.o)
                0x200075e8                __malloc_free_list
 *(COMMON)
                0x200075ec                        . = ALIGN (0x4)
                0x200075ec                        _ebss = .
                0x200075ec                        __bss_end__ = _ebss

._user_heap_stack
                0x200075ec      0x604 load address 0x0801ec08
                0x200075f0                        . = ALIGN (0x8)
 *fill*         0x200075ec        0x4 
                [!provide]                        PROVIDE (end = .)
                0x200075f0                        PROVIDE (_end = .)
                0x200077f0                        . = (. + _Min_Heap_Size)
 *fill*         0x200075f0      0x200 
                0x20007bf0                        . = (. + _Min_Stack_Size)
 *fill*         0x200077f0      0x400 
                0x20007bf0                        . = ALIGN (0x8)

/DISCARD/
 libc.a(*)
 libm.a(*)
 libgcc.a(*)

.ARM.attributes
                0x00000000       0x2e
 *(.ARM.attributes)
 .ARM.attributes
                0x00000000       0x22 C:/ST/STM32CubeIDE_1.17.0/STM32CubeIDE/plugins/com.st.stm32cube.ide.mcu.externaltools.gnu-tools-for-stm32.12.3.rel1.win32_1.1.0.202410251130/tools/bin/../lib/gcc/arm-none-eabi/12.3.1/thumb/v7e-m+fp/softfp/crti.o
 .ARM.attributes
                0x00000022       0x32 C:/ST/STM32CubeIDE_1.17.0/STM32CubeIDE/plugins/com.st.stm32cube.ide.mcu.externaltools.gnu-tools-for-stm32.12.3.rel1.win32_1.1.0.202410251130/tools/bin/../lib/gcc/arm-none-eabi/12.3.1/thumb/v7e-m+fp/softfp/crtbegin.o
 .ARM.attributes
                0x00000054       0x32 ./Core/Src/main.o
 .ARM.attributes
                0x00000086       0x32 ./Core/Src/stm32l4xx_hal_msp.o
 .ARM.attributes
                0x000000b8       0x32 ./Core/Src/stm32l4xx_it.o
 .ARM.attributes
                0x000000ea       0x32 ./Core/Src/sysmem.o
 .ARM.attributes
                0x0000011c       0x32 ./Core/Src/system_stm32l4xx.o
 .ARM.attributes
                0x0000014e       0x21 ./Core/Startup/startup_stm32l476rgtx.o
 .ARM.attributes
                0x0000016f       0x32 ./Drivers/STM32L4xx_HAL_Driver/Src/stm32l4xx_hal.o
 .ARM.attributes
                0x000001a1       0x32 ./Drivers/STM32L4xx_HAL_Driver/Src/stm32l4xx_hal_adc.o
 .ARM.attributes
                0x000001d3       0x32 ./Drivers/STM32L4xx_HAL_Driver/Src/stm32l4xx_hal_adc_ex.o
 .ARM.attributes
                0x00000205       0x32 ./Drivers/STM32L4xx_HAL_Driver/Src/stm32l4xx_hal_cortex.o
 .ARM.attributes
                0x00000237       0x32 ./Drivers/STM32L4xx_HAL_Driver/Src/stm32l4xx_hal_dac.o
 .ARM.attributes
                0x00000269       0x32 ./Drivers/STM32L4xx_HAL_Driver/Src/stm32l4xx_hal_dac_ex.o
 .ARM.attributes
                0x0000029b       0x32 ./Drivers/STM32L4xx_HAL_Driver/Src/stm32l4xx_hal_dma.o
 .ARM.attributes
                0x000002cd       0x32 ./Drivers/STM32L4xx_HAL_Driver/Src/stm32l4xx_hal_gpio.o
 .ARM.attributes
                0x000002ff       0x32 ./Drivers/STM32L4xx_HAL_Driver/Src/stm32l4xx_hal_pwr_ex.o
 .ARM.attributes
                0x00000331       0x32 ./Drivers/STM32L4xx_HAL_Driver/Src/stm32l4xx_hal_rcc.o
 .ARM.attributes
                0x00000363       0x32 ./Drivers/STM32L4xx_HAL_Driver/Src/stm32l4xx_hal_rcc_ex.o
 .ARM.attributes
                0x00000395       0x32 ./Drivers/STM32L4xx_HAL_Driver/Src/stm32l4xx_hal_tim.o
 .ARM.attributes
                0x000003c7       0x32 ./Drivers/STM32L4xx_HAL_Driver/Src/stm32l4xx_hal_tim_ex.o
 .ARM.attributes
                0x000003f9       0x32 ./Drivers/STM32L4xx_HAL_Driver/Src/stm32l4xx_hal_uart.o
 .ARM.attributes
                0x0000042b       0x33 C:\Users\jensc\STM32CubeIDE\workspace_1.17.0\MZMbias\phase-shift-meas\lib\libarm_cortexM4l_math.a(arm_rfft_fast_init_f32.o)
 .ARM.attributes
                0x0000045e       0x33 C:\Users\jensc\STM32CubeIDE\workspace_1.17.0\MZMbias\phase-shift-meas\lib\libarm_cortexM4l_math.a(arm_rfft_fast_f32.o)
 .ARM.attributes
                0x00000491       0x33 C:\Users\jensc\STM32CubeIDE\workspace_1.17.0\MZMbias\phase-shift-meas\lib\libarm_cortexM4l_math.a(arm_cfft_f32.o)
 .ARM.attributes
                0x000004c4       0x33 C:\Users\jensc\STM32CubeIDE\workspace_1.17.0\MZMbias\phase-shift-meas\lib\libarm_cortexM4l_math.a(arm_common_tables.o)
 .ARM.attributes
                0x000004f7       0x21 C:\Users\jensc\STM32CubeIDE\workspace_1.17.0\MZMbias\phase-shift-meas\lib\libarm_cortexM4l_math.a(arm_bitreversal2.o)
 .ARM.attributes
                0x00000518       0x33 C:\Users\jensc\STM32CubeIDE\workspace_1.17.0\MZMbias\phase-shift-meas\lib\libarm_cortexM4l_math.a(arm_cfft_radix8_f32.o)
 .ARM.attributes
                0x0000054b       0x32 C:/ST/STM32CubeIDE_1.17.0/STM32CubeIDE/plugins/com.st.stm32cube.ide.mcu.externaltools.gnu-tools-for-stm32.12.3.rel1.win32_1.1.0.202410251130/tools/bin/../lib/gcc/arm-none-eabi/12.3.1/../../../../arm-none-eabi/lib/thumb/v7e-m+fp/softfp\libc_nano.a(libc_a-findfp.o)
 .ARM.attributes
                0x0000057d       0x32 C:/ST/STM32CubeIDE_1.17.0/STM32CubeIDE/plugins/com.st.stm32cube.ide.mcu.externaltools.gnu-tools-for-stm32.12.3.rel1.win32_1.1.0.202410251130/tools/bin/../lib/gcc/arm-none-eabi/12.3.1/../../../../arm-none-eabi/lib/thumb/v7e-m+fp/softfp\libc_nano.a(libc_a-sprintf.o)
 .ARM.attributes
                0x000005af       0x32 C:/ST/STM32CubeIDE_1.17.0/STM32CubeIDE/plugins/com.st.stm32cube.ide.mcu.externaltools.gnu-tools-for-stm32.12.3.rel1.win32_1.1.0.202410251130/tools/bin/../lib/gcc/arm-none-eabi/12.3.1/../../../../arm-none-eabi/lib/thumb/v7e-m+fp/softfp\libc_nano.a(libc_a-memset.o)
 .ARM.attributes
                0x000005e1       0x32 C:/ST/STM32CubeIDE_1.17.0/STM32CubeIDE/plugins/com.st.stm32cube.ide.mcu.externaltools.gnu-tools-for-stm32.12.3.rel1.win32_1.1.0.202410251130/tools/bin/../lib/gcc/arm-none-eabi/12.3.1/../../../../arm-none-eabi/lib/thumb/v7e-m+fp/softfp\libc_nano.a(libc_a-reent.o)
 .ARM.attributes
                0x00000613       0x32 C:/ST/STM32CubeIDE_1.17.0/STM32CubeIDE/plugins/com.st.stm32cube.ide.mcu.externaltools.gnu-tools-for-stm32.12.3.rel1.win32_1.1.0.202410251130/tools/bin/../lib/gcc/arm-none-eabi/12.3.1/../../../../arm-none-eabi/lib/thumb/v7e-m+fp/softfp\libc_nano.a(libc_a-impure.o)
 .ARM.attributes
                0x00000645       0x32 C:/ST/STM32CubeIDE_1.17.0/STM32CubeIDE/plugins/com.st.stm32cube.ide.mcu.externaltools.gnu-tools-for-stm32.12.3.rel1.win32_1.1.0.202410251130/tools/bin/../lib/gcc/arm-none-eabi/12.3.1/../../../../arm-none-eabi/lib/thumb/v7e-m+fp/softfp\libc_nano.a(libc_a-errno.o)
 .ARM.attributes
                0x00000677       0x32 C:/ST/STM32CubeIDE_1.17.0/STM32CubeIDE/plugins/com.st.stm32cube.ide.mcu.externaltools.gnu-tools-for-stm32.12.3.rel1.win32_1.1.0.202410251130/tools/bin/../lib/gcc/arm-none-eabi/12.3.1/../../../../arm-none-eabi/lib/thumb/v7e-m+fp/softfp\libc_nano.a(libc_a-init.o)
 .ARM.attributes
                0x000006a9       0x32 C:/ST/STM32CubeIDE_1.17.0/STM32CubeIDE/plugins/com.st.stm32cube.ide.mcu.externaltools.gnu-tools-for-stm32.12.3.rel1.win32_1.1.0.202410251130/tools/bin/../lib/gcc/arm-none-eabi/12.3.1/../../../../arm-none-eabi/lib/thumb/v7e-m+fp/softfp\libc_nano.a(libc_a-lock.o)
 .ARM.attributes
                0x000006db       0x17 C:/ST/STM32CubeIDE_1.17.0/STM32CubeIDE/plugins/com.st.stm32cube.ide.mcu.externaltools.gnu-tools-for-stm32.12.3.rel1.win32_1.1.0.202410251130/tools/bin/../lib/gcc/arm-none-eabi/12.3.1/../../../../arm-none-eabi/lib/thumb/v7e-m+fp/softfp\libc_nano.a(libc_a-strlen.o)
 .ARM.attributes
                0x000006f2       0x32 C:/ST/STM32CubeIDE_1.17.0/STM32CubeIDE/plugins/com.st.stm32cube.ide.mcu.externaltools.gnu-tools-for-stm32.12.3.rel1.win32_1.1.0.202410251130/tools/bin/../lib/gcc/arm-none-eabi/12.3.1/../../../../arm-none-eabi/lib/thumb/v7e-m+fp/softfp\libc_nano.a(libc_a-freer.o)
 .ARM.attributes
                0x00000724       0x32 C:/ST/STM32CubeIDE_1.17.0/STM32CubeIDE/plugins/com.st.stm32cube.ide.mcu.externaltools.gnu-tools-for-stm32.12.3.rel1.win32_1.1.0.202410251130/tools/bin/../lib/gcc/arm-none-eabi/12.3.1/../../../../arm-none-eabi/lib/thumb/v7e-m+fp/softfp\libc_nano.a(libc_a-mallocr.o)
 .ARM.attributes
                0x00000756       0x32 C:/ST/STM32CubeIDE_1.17.0/STM32CubeIDE/plugins/com.st.stm32cube.ide.mcu.externaltools.gnu-tools-for-stm32.12.3.rel1.win32_1.1.0.202410251130/tools/bin/../lib/gcc/arm-none-eabi/12.3.1/../../../../arm-none-eabi/lib/thumb/v7e-m+fp/softfp\libc_nano.a(libc_a-mlock.o)
 .ARM.attributes
                0x00000788       0x32 C:/ST/STM32CubeIDE_1.17.0/STM32CubeIDE/plugins/com.st.stm32cube.ide.mcu.externaltools.gnu-tools-for-stm32.12.3.rel1.win32_1.1.0.202410251130/tools/bin/../lib/gcc/arm-none-eabi/12.3.1/../../../../arm-none-eabi/lib/thumb/v7e-m+fp/softfp\libc_nano.a(libc_a-nano-svfprintf.o)
 .ARM.attributes
                0x000007ba       0x32 C:/ST/STM32CubeIDE_1.17.0/STM32CubeIDE/plugins/com.st.stm32cube.ide.mcu.externaltools.gnu-tools-for-stm32.12.3.rel1.win32_1.1.0.202410251130/tools/bin/../lib/gcc/arm-none-eabi/12.3.1/../../../../arm-none-eabi/lib/thumb/v7e-m+fp/softfp\libc_nano.a(libc_a-nano-vfprintf_i.o)
 .ARM.attributes
                0x000007ec       0x32 C:/ST/STM32CubeIDE_1.17.0/STM32CubeIDE/plugins/com.st.stm32cube.ide.mcu.externaltools.gnu-tools-for-stm32.12.3.rel1.win32_1.1.0.202410251130/tools/bin/../lib/gcc/arm-none-eabi/12.3.1/../../../../arm-none-eabi/lib/thumb/v7e-m+fp/softfp\libc_nano.a(libc_a-memmove.o)
 .ARM.attributes
                0x0000081e       0x32 C:/ST/STM32CubeIDE_1.17.0/STM32CubeIDE/plugins/com.st.stm32cube.ide.mcu.externaltools.gnu-tools-for-stm32.12.3.rel1.win32_1.1.0.202410251130/tools/bin/../lib/gcc/arm-none-eabi/12.3.1/../../../../arm-none-eabi/lib/thumb/v7e-m+fp/softfp\libc_nano.a(libc_a-sbrkr.o)
 .ARM.attributes
                0x00000850       0x1c C:/ST/STM32CubeIDE_1.17.0/STM32CubeIDE/plugins/com.st.stm32cube.ide.mcu.externaltools.gnu-tools-for-stm32.12.3.rel1.win32_1.1.0.202410251130/tools/bin/../lib/gcc/arm-none-eabi/12.3.1/../../../../arm-none-eabi/lib/thumb/v7e-m+fp/softfp\libc_nano.a(libc_a-memchr.o)
 .ARM.attributes
                0x0000086c       0x32 C:/ST/STM32CubeIDE_1.17.0/STM32CubeIDE/plugins/com.st.stm32cube.ide.mcu.externaltools.gnu-tools-for-stm32.12.3.rel1.win32_1.1.0.202410251130/tools/bin/../lib/gcc/arm-none-eabi/12.3.1/../../../../arm-none-eabi/lib/thumb/v7e-m+fp/softfp\libc_nano.a(libc_a-memcpy-stub.o)
 .ARM.attributes
                0x0000089e       0x32 C:/ST/STM32CubeIDE_1.17.0/STM32CubeIDE/plugins/com.st.stm32cube.ide.mcu.externaltools.gnu-tools-for-stm32.12.3.rel1.win32_1.1.0.202410251130/tools/bin/../lib/gcc/arm-none-eabi/12.3.1/../../../../arm-none-eabi/lib/thumb/v7e-m+fp/softfp\libc_nano.a(libc_a-reallocr.o)
 .ARM.attributes
                0x000008d0       0x32 C:/ST/STM32CubeIDE_1.17.0/STM32CubeIDE/plugins/com.st.stm32cube.ide.mcu.externaltools.gnu-tools-for-stm32.12.3.rel1.win32_1.1.0.202410251130/tools/bin/../lib/gcc/arm-none-eabi/12.3.1/../../../../arm-none-eabi/lib/thumb/v7e-m+fp/softfp\libc_nano.a(libc_a-msizer.o)
 .ARM.attributes
                0x00000902       0x32 C:/ST/STM32CubeIDE_1.17.0/STM32CubeIDE/plugins/com.st.stm32cube.ide.mcu.externaltools.gnu-tools-for-stm32.12.3.rel1.win32_1.1.0.202410251130/tools/bin/../lib/gcc/arm-none-eabi/12.3.1/../../../../arm-none-eabi/lib/thumb/v7e-m+fp/softfp\libm.a(libm_a-s_cos.o)
 .ARM.attributes
                0x00000934       0x32 C:/ST/STM32CubeIDE_1.17.0/STM32CubeIDE/plugins/com.st.stm32cube.ide.mcu.externaltools.gnu-tools-for-stm32.12.3.rel1.win32_1.1.0.202410251130/tools/bin/../lib/gcc/arm-none-eabi/12.3.1/../../../../arm-none-eabi/lib/thumb/v7e-m+fp/softfp\libm.a(libm_a-s_fabs.o)
 .ARM.attributes
                0x00000966       0x32 C:/ST/STM32CubeIDE_1.17.0/STM32CubeIDE/plugins/com.st.stm32cube.ide.mcu.externaltools.gnu-tools-for-stm32.12.3.rel1.win32_1.1.0.202410251130/tools/bin/../lib/gcc/arm-none-eabi/12.3.1/../../../../arm-none-eabi/lib/thumb/v7e-m+fp/softfp\libm.a(libm_a-s_sin.o)
 .ARM.attributes
                0x00000998       0x32 C:/ST/STM32CubeIDE_1.17.0/STM32CubeIDE/plugins/com.st.stm32cube.ide.mcu.externaltools.gnu-tools-for-stm32.12.3.rel1.win32_1.1.0.202410251130/tools/bin/../lib/gcc/arm-none-eabi/12.3.1/../../../../arm-none-eabi/lib/thumb/v7e-m+fp/softfp\libm.a(libm_a-wf_atan2.o)
 .ARM.attributes
                0x000009ca       0x32 C:/ST/STM32CubeIDE_1.17.0/STM32CubeIDE/plugins/com.st.stm32cube.ide.mcu.externaltools.gnu-tools-for-stm32.12.3.rel1.win32_1.1.0.202410251130/tools/bin/../lib/gcc/arm-none-eabi/12.3.1/../../../../arm-none-eabi/lib/thumb/v7e-m+fp/softfp\libm.a(libm_a-wf_sqrt.o)
 .ARM.attributes
                0x000009fc       0x32 C:/ST/STM32CubeIDE_1.17.0/STM32CubeIDE/plugins/com.st.stm32cube.ide.mcu.externaltools.gnu-tools-for-stm32.12.3.rel1.win32_1.1.0.202410251130/tools/bin/../lib/gcc/arm-none-eabi/12.3.1/../../../../arm-none-eabi/lib/thumb/v7e-m+fp/softfp\libm.a(libm_a-ef_sqrt.o)
 .ARM.attributes
                0x00000a2e       0x32 C:/ST/STM32CubeIDE_1.17.0/STM32CubeIDE/plugins/com.st.stm32cube.ide.mcu.externaltools.gnu-tools-for-stm32.12.3.rel1.win32_1.1.0.202410251130/tools/bin/../lib/gcc/arm-none-eabi/12.3.1/../../../../arm-none-eabi/lib/thumb/v7e-m+fp/softfp\libm.a(libm_a-s_floor.o)
 .ARM.attributes
                0x00000a60       0x32 C:/ST/STM32CubeIDE_1.17.0/STM32CubeIDE/plugins/com.st.stm32cube.ide.mcu.externaltools.gnu-tools-for-stm32.12.3.rel1.win32_1.1.0.202410251130/tools/bin/../lib/gcc/arm-none-eabi/12.3.1/../../../../arm-none-eabi/lib/thumb/v7e-m+fp/softfp\libm.a(libm_a-k_cos.o)
 .ARM.attributes
                0x00000a92       0x32 C:/ST/STM32CubeIDE_1.17.0/STM32CubeIDE/plugins/com.st.stm32cube.ide.mcu.externaltools.gnu-tools-for-stm32.12.3.rel1.win32_1.1.0.202410251130/tools/bin/../lib/gcc/arm-none-eabi/12.3.1/../../../../arm-none-eabi/lib/thumb/v7e-m+fp/softfp\libm.a(libm_a-k_sin.o)
 .ARM.attributes
                0x00000ac4       0x32 C:/ST/STM32CubeIDE_1.17.0/STM32CubeIDE/plugins/com.st.stm32cube.ide.mcu.externaltools.gnu-tools-for-stm32.12.3.rel1.win32_1.1.0.202410251130/tools/bin/../lib/gcc/arm-none-eabi/12.3.1/../../../../arm-none-eabi/lib/thumb/v7e-m+fp/softfp\libm.a(libm_a-e_rem_pio2.o)
 .ARM.attributes
                0x00000af6       0x32 C:/ST/STM32CubeIDE_1.17.0/STM32CubeIDE/plugins/com.st.stm32cube.ide.mcu.externaltools.gnu-tools-for-stm32.12.3.rel1.win32_1.1.0.202410251130/tools/bin/../lib/gcc/arm-none-eabi/12.3.1/../../../../arm-none-eabi/lib/thumb/v7e-m+fp/softfp\libm.a(libm_a-ef_atan2.o)
 .ARM.attributes