Archive member included to satisfy reference by file (symbol)

C:\Users\jensc\STM32CubeIDE\workspace_1.11.2\MZMbias\phase-shift-meas\lib\libarm_cortexM4l_math.a(arm_rfft_fast_init_f32.o)
                              ./Core/Src/main.o (arm_rfft_fast_init_f32)
C:\Users\jensc\STM32CubeIDE\workspace_1.11.2\MZMbias\phase-shift-meas\lib\libarm_cortexM4l_math.a(arm_rfft_fast_f32.o)
                              ./Core/Src/main.o (arm_rfft_fast_f32)
C:\Users\jensc\STM32CubeIDE\workspace_1.11.2\MZMbias\phase-shift-meas\lib\libarm_cortexM4l_math.a(arm_cfft_f32.o)
                              C:\Users\jensc\STM32CubeIDE\workspace_1.11.2\MZMbias\phase-shift-meas\lib\libarm_cortexM4l_math.a(arm_rfft_fast_f32.o) (arm_cfft_f32)
C:\Users\jensc\STM32CubeIDE\workspace_1.11.2\MZMbias\phase-shift-meas\lib\libarm_cortexM4l_math.a(arm_common_tables.o)
                              C:\Users\jensc\STM32CubeIDE\workspace_1.11.2\MZMbias\phase-shift-meas\lib\libarm_cortexM4l_math.a(arm_rfft_fast_init_f32.o) (twiddleCoef_rfft_4096)
C:\Users\jensc\STM32CubeIDE\workspace_1.11.2\MZMbias\phase-shift-meas\lib\libarm_cortexM4l_math.a(arm_bitreversal2.o)
                              C:\Users\jensc\STM32CubeIDE\workspace_1.11.2\MZMbias\phase-shift-meas\lib\libarm_cortexM4l_math.a(arm_cfft_f32.o) (arm_bitreversal_32)
C:\Users\jensc\STM32CubeIDE\workspace_1.11.2\MZMbias\phase-shift-meas\lib\libarm_cortexM4l_math.a(arm_cfft_radix8_f32.o)
                              C:\Users\jensc\STM32CubeIDE\workspace_1.11.2\MZMbias\phase-shift-meas\lib\libarm_cortexM4l_math.a(arm_cfft_f32.o) (arm_radix8_butterfly_f32)
C:/ST/STM32CubeIDE_1.11.2/STM32CubeIDE/plugins/com.st.stm32cube.ide.mcu.externaltools.gnu-tools-for-stm32.12.3.rel1.win32_1.1.0.202410251130/tools/bin/../lib/gcc/arm-none-eabi/12.3.1/../../../../arm-none-eabi/lib/thumb/v7e-m+fp/softfp\libc_nano.a(libc_a-exit.o)
                              C:/ST/STM32CubeIDE_1.11.2/STM32CubeIDE/plugins/com.st.stm32cube.ide.mcu.externaltools.gnu-tools-for-stm32.12.3.rel1.win32_1.1.0.202410251130/tools/bin/../lib/gcc/arm-none-eabi/12.3.1/../../../../arm-none-eabi/lib/thumb/v7e-m+fp/softfp/crt0.o (exit)
C:/ST/STM32CubeIDE_1.11.2/STM32CubeIDE/plugins/com.st.stm32cube.ide.mcu.externaltools.gnu-tools-for-stm32.12.3.rel1.win32_1.1.0.202410251130/tools/bin/../lib/gcc/arm-none-eabi/12.3.1/../../../../arm-none-eabi/lib/thumb/v7e-m+fp/softfp\libc_nano.a(libc_a-findfp.o)
                              C:/ST/STM32CubeIDE_1.11.2/STM32CubeIDE/plugins/com.st.stm32cube.ide.mcu.externaltools.gnu-tools-for-stm32.12.3.rel1.win32_1.1.0.202410251130/tools/bin/../lib/gcc/arm-none-eabi/12.3.1/../../../../arm-none-eabi/lib/thumb/v7e-m+fp/softfp\libc_nano.a(libc_a-exit.o) (__stdio_exit_handler)
C:/ST/STM32CubeIDE_1.11.2/STM32CubeIDE/plugins/com.st.stm32cube.ide.mcu.externaltools.gnu-tools-for-stm32.12.3.rel1.win32_1.1.0.202410251130/tools/bin/../lib/gcc/arm-none-eabi/12.3.1/../../../../arm-none-eabi/lib/thumb/v7e-m+fp/softfp\libc_nano.a(libc_a-fwalk.o)
                              C:/ST/STM32CubeIDE_1.11.2/STM32CubeIDE/plugins/com.st.stm32cube.ide.mcu.externaltools.gnu-tools-for-stm32.12.3.rel1.win32_1.1.0.202410251130/tools/bin/../lib/gcc/arm-none-eabi/12.3.1/../../../../arm-none-eabi/lib/thumb/v7e-m+fp/softfp\libc_nano.a(libc_a-findfp.o) (_fwalk_sglue)
C:/ST/STM32CubeIDE_1.11.2/STM32CubeIDE/plugins/com.st.stm32cube.ide.mcu.externaltools.gnu-tools-for-stm32.12.3.rel1.win32_1.1.0.202410251130/tools/bin/../lib/gcc/arm-none-eabi/12.3.1/../../../../arm-none-eabi/lib/thumb/v7e-m+fp/softfp\libc_nano.a(libc_a-sprintf.o)
                              ./Core/Src/main.o (sprintf)
C:/ST/STM32CubeIDE_1.11.2/STM32CubeIDE/plugins/com.st.stm32cube.ide.mcu.externaltools.gnu-tools-for-stm32.12.3.rel1.win32_1.1.0.202410251130/tools/bin/../lib/gcc/arm-none-eabi/12.3.1/../../../../arm-none-eabi/lib/thumb/v7e-m+fp/softfp\libc_nano.a(libc_a-stdio.o)
                              C:/ST/STM32CubeIDE_1.11.2/STM32CubeIDE/plugins/com.st.stm32cube.ide.mcu.externaltools.gnu-tools-for-stm32.12.3.rel1.win32_1.1.0.202410251130/tools/bin/../lib/gcc/arm-none-eabi/12.3.1/../../../../arm-none-eabi/lib/thumb/v7e-m+fp/softfp\libc_nano.a(libc_a-findfp.o) (__sread)
C:/ST/STM32CubeIDE_1.11.2/STM32CubeIDE/plugins/com.st.stm32cube.ide.mcu.externaltools.gnu-tools-for-stm32.12.3.rel1.win32_1.1.0.202410251130/tools/bin/../lib/gcc/arm-none-eabi/12.3.1/../../../../arm-none-eabi/lib/thumb/v7e-m+fp/softfp\libc_nano.a(libc_a-memset.o)
                              C:/ST/STM32CubeIDE_1.11.2/STM32CubeIDE/plugins/com.st.stm32cube.ide.mcu.externaltools.gnu-tools-for-stm32.12.3.rel1.win32_1.1.0.202410251130/tools/bin/../lib/gcc/arm-none-eabi/12.3.1/../../../../arm-none-eabi/lib/thumb/v7e-m+fp/softfp/crt0.o (memset)
C:/ST/STM32CubeIDE_1.11.2/STM32CubeIDE/plugins/com.st.stm32cube.ide.mcu.externaltools.gnu-tools-for-stm32.12.3.rel1.win32_1.1.0.202410251130/tools/bin/../lib/gcc/arm-none-eabi/12.3.1/../../../../arm-none-eabi/lib/thumb/v7e-m+fp/softfp\libc_nano.a(libc_a-closer.o)
[...]
Memory Configuration

Name             Origin             Length             Attributes
RAM              0x20000000         0x00018000         xrw
RAM2             0x10000000         0x00008000         xrw
FLASH            0x08000000         0x00100000         xr
*default*        0x00000000         0xffffffff

Linker script and memory map

LOAD C:/ST/STM32CubeIDE_1.11.2/STM32CubeIDE/plugins/com.st.stm32cube.ide.mcu.externaltools.gnu-tools-for-stm32.12.3.rel1.win32_1.1.0.202410251130/tools/bin/../lib/gcc/arm-none-eabi/12.3.1/thumb/v7e-m+fp/softfp/crti.o
LOAD C:/ST/STM32CubeIDE_1.11.2/STM32CubeIDE/plugins/com.st.stm32cube.ide.mcu.externaltools.gnu-tools-for-stm32.12.3.rel1.win32_1.1.0.202410251130/tools/bin/../lib/gcc/arm-none-eabi/12.3.1/thumb/v7e-m+fp/softfp/crtbegin.o
LOAD C:/ST/STM32CubeIDE_1.11.2/STM32CubeIDE/plugins/com.st.stm32cube.ide.mcu.externaltools.gnu-tools-for-stm32.12.3.rel1.win32_1.1.0.202410251130/tools/bin/../lib/gcc/arm-none-eabi/12.3.1/../../../../arm-none-eabi/lib/thumb/v7e-m+fp/softfp/crt0.o
LOAD ./Core/Src/main.o
LOAD ./Core/Src/stm32l4xx_hal_msp.o
LOAD ./Core/Src/stm32l4xx_it.o
LOAD ./Core/Src/syscalls.o
LOAD ./Core/Src/sysmem.o
LOAD ./Core/Src/system_stm32l4xx.o
LOAD ./Core/Startup/startup_stm32l476rgtx.o
LOAD ./Drivers/STM32L4xx_HAL_Driver/Src/stm32l4xx_hal.o
LOAD ./Drivers/STM32L4xx_HAL_Driver/Src/stm32l4xx_hal_adc.o
LOAD ./Drivers/STM32L4xx_HAL_Driver/Src/stm32l4xx_hal_adc_ex.o
LOAD ./Drivers/STM32L4xx_HAL_Driver/Src/stm32l4xx_hal_cortex.o
LOAD ./Drivers/STM32L4xx_HAL_Driver/Src/stm32l4xx_hal_dac.o
LOAD ./Drivers/STM32L4xx_HAL_Driver/Src/stm32l4xx_hal_dac_ex.o
LOAD ./Drivers/STM32L4xx_HAL_Driver/Src/stm32l4xx_hal_dma.o
LOAD ./Drivers/STM32L4xx_HAL_Driver/Src/stm32l4xx_hal_dma_ex.o
LOAD ./Drivers/STM32L4xx_HAL_Driver/Src/stm32l4xx_hal_exti.o
LOAD ./Drivers/STM32L4xx_HAL_Driver/Src/stm32l4xx_hal_flash.o
LOAD ./Drivers/STM32L4xx_HAL_Driver/Src/stm32l4xx_hal_flash_ex.o
LOAD ./Drivers/STM32L4xx_HAL_Driver/Src/stm32l4xx_hal_flash_ramfunc.o
LOAD ./Drivers/STM32L4xx_HAL_Driver/Src/stm32l4xx_hal_gpio.o
LOAD ./Drivers/STM32L4xx_HAL_Driver/Src/stm32l4xx_hal_i2c.o
LOAD ./Drivers/STM32L4xx_HAL_Driver/Src/stm32l4xx_hal_i2c_ex.o
LOAD ./Drivers/STM32L4xx_HAL_Driver/Src/stm32l4xx_hal_pwr.o
LOAD ./Drivers/STM32L4xx_HAL_Driver/Src/stm32l4xx_hal_pwr_ex.o
LOAD ./Drivers/STM32L4xx_HAL_Driver/Src/stm32l4xx_hal_rcc.o
LOAD ./Drivers/STM32L4xx_HAL_Driver/Src/stm32l4xx_hal_rcc_ex.o
LOAD ./Drivers/STM32L4xx_HAL_Driver/Src/stm32l4xx_hal_tim.o
LOAD ./Drivers/STM32L4xx_HAL_Driver/Src/stm32l4xx_hal_tim_ex.o
LOAD ./Drivers/STM32L4xx_HAL_Driver/Src/stm32l4xx_hal_uart.o
LOAD ./Drivers/STM32L4xx_HAL_Driver/Src/stm32l4xx_hal_uart_ex.o
LOAD C:\Users\jensc\STM32CubeIDE\workspace_1.11.2\MZMbias\phase-shift-meas\lib\libarm_cortexM4l_math.a
START GROUP
LOAD C:/ST/STM32CubeIDE_1.11.2/STM32CubeIDE/plugins/com.st.stm32cube.ide.mcu.externaltools.gnu-tools-for-stm32.12.3.rel1.win32_1.1.0.202410251130/tools/bin/../lib/gcc/arm-none-eabi/12.3.1/../../../../arm-none-eabi/lib/thumb/v7e-m+fp/softfp\libc_nano.a
LOAD C:/ST/STM32CubeIDE_1.11.2/STM32CubeIDE/plugins/com.st.stm32cube.ide.mcu.externaltools.gnu-tools-for-stm32.12.3.rel1.win32_1.1.0.202410251130/tools/bin/../lib/gcc/arm-none-eabi/12.3.1/../../../../arm-none-eabi/lib/thumb/v7e-m+fp/softfp\libm.a
END GROUP
START GROUP
LOAD C:/ST/STM32CubeIDE_1.11.2/STM32CubeIDE/plugins/com.st.stm32cube.ide.mcu.externaltools.gnu-tools-for-stm32.12.3.rel1.win32_1.1.0.202410251130/tools/bin/../lib/gcc/arm-none-eabi/12.3.1/thumb/v7e-m+fp/softfp\libgcc.a
LOAD C:/ST/STM32CubeIDE_1.11.2/STM32CubeIDE/plugins/com.st.stm32cube.ide.mcu.externaltools.gnu-tools-for-stm32.12.3.rel1.win32_1.1.0.202410251130/tools/bin/../lib/gcc/arm-none-eabi/12.3.1/../../../../arm-none-eabi/lib/thumb/v7e-m+fp/softfp\libc_nano.a
END GROUP
START GROUP
LOAD C:/ST/STM32CubeIDE_1.11.2/STM32CubeIDE/plugins/com.st.stm32cube.ide.mcu.externaltools.gnu-tools-for-stm32.12.3.rel1.win32_1.1.0.202410251130/tools/bin/../lib/gcc/arm-none-eabi/12.3.1/thumb/v7e-m+fp/softfp\libgcc.a
LOAD C:/ST/STM32CubeIDE_1.11.2/STM32CubeIDE/plugins/com.st.stm32cube.ide.mcu.externaltools.gnu-tools-for-stm32.12.3.rel1.win32_1.1.0.202410251130/tools/bin/../lib/gcc/arm-none-eabi/12.3.1/../../../../arm-none-eabi/lib/thumb/v7e-m+fp/softfp\libc_nano.a
LOAD C:/ST/STM32CubeIDE_1.11.2/STM32CubeIDE/plugins/com.st.stm32cube.ide.mcu.externaltools.gnu-tools-for-stm32.12.3.rel1.win32_1.1.0.202410251130/tools/bin/../lib/gcc/arm-none-eabi/12.3.1/../../../../arm-none-eabi/lib/thumb/v7e-m+fp/softfp\libnosys.a
END GROUP
START GROUP
LOAD C:/ST/STM32CubeIDE_1.11.2/STM32CubeIDE/plugins/com.st.stm32cube.ide.mcu.externaltools.gnu-tools-for-stm32.12.3.rel1.win32_1.1.0.202410251130/tools/bin/../lib/gcc/arm-none-eabi/12.3.1/thumb/v7e-m+fp/softfp\libgcc.a
LOAD C:/ST/STM32CubeIDE_1.11.2/STM32CubeIDE/plugins/com.st.stm32cube.ide.mcu.externaltools.gnu-tools-for-stm32.12.3.rel1.win32_1.1.0.202410251130/tools/bin/../lib/gcc/arm-none-eabi/12.3.1/../../../../arm-none-eabi/lib/thumb/v7e-m+fp/softfp\libc_nano.a
LOAD C:/ST/STM32CubeIDE_1.11.2/STM32CubeIDE/plugins/com.st.stm32cube.ide.mcu.externaltools.gnu-tools-for-stm32.12.3.rel1.win32_1.1.0.202410251130/tools/bin/../lib/gcc/arm-none-eabi/12.3.1/../../../../arm-none-eabi/lib/thumb/v7e-m+fp/softfp\libnosys.a
END GROUP
LOAD C:/ST/STM32CubeIDE_1.11.2/STM32CubeIDE/plugins/com.st.stm32cube.ide.mcu.externaltools.gnu-tools-for-stm32.12.3.rel1.win32_1.1.0.202410251130/tools/bin/../lib/gcc/arm-none-eabi/12.3.1/thumb/v7e-m+fp/softfp/crtend.o
LOAD C:/ST/STM32CubeIDE_1.11.2/STM32CubeIDE/plugins/com.st.stm32cube.ide.mcu.externaltools.gnu-tools-for-stm32.12.3.rel1.win32_1.1.0.202410251130/tools/bin/../lib/gcc/arm-none-eabi/12.3.1/thumb/v7e-m+fp/softfp/crtn.o
                0x20018000                        _estack = (ORIGIN (RAM) + LENGTH (RAM))
                0x00000200                        _Min_Heap_Size = 0x200
                0x00000400                        _Min_Stack_Size = 0x400

.isr_vector     0x08000000      0x188
                0x08000000                        . = ALIGN (0x4)
 *(.isr_vector)
 .isr_vector    0x08000000      0x188 ./Core/Startup/startup_stm32l476rgtx.o
                0x08000000                g_pfnVectors
                0x08000188                        . = ALIGN (0x4)

.text           0x08000190     0xb3b8
                0x08000190                        . = ALIGN (0x4)
 *(.text)
 .text          0x08000190       0x40 C:/ST/STM32CubeIDE_1.11.2/STM32CubeIDE/plugins/com.st.stm32cube.ide.mcu.externaltools.gnu-tools-for-stm32.12.3.rel1.win32_1.1.0.202410251130/tools/bin/../lib/gcc/arm-none-eabi/12.3.1/thumb/v7e-m+fp/softfp/crtbegin.o
 .text          0x080001d0       0xc0 C:\Users\jensc\STM32CubeIDE\workspace_1.11.2\MZMbias\phase-shift-meas\lib\libarm_cortexM4l_math.a(arm_bitreversal2.o)
                0x080001d0                arm_bitreversal_32
                0x0800023a                arm_bitreversal_16
 .text          0x08000290       0x10 C:/ST/STM32CubeIDE_1.11.2/STM32CubeIDE/plugins/com.st.stm32cube.ide.mcu.externaltools.gnu-tools-for-stm32.12.3.rel1.win32_1.1.0.202410251130/tools/bin/../lib/gcc/arm-none-eabi/12.3.1/../../../../arm-none-eabi/lib/thumb/v7e-m+fp/softfp\libc_nano.a(libc_a-strlen.o)
                0x08000290                strlen
 .text          0x080002a0       0xa0 C:/ST/STM32CubeIDE_1.11.2/STM32CubeIDE/plugins/com.st.stm32cube.ide.mcu.externaltools.gnu-tools-for-stm32.12.3.rel1.win32_1.1.0.202410251130/tools/bin/../lib/gcc/arm-none-eabi/12.3.1/../../../../arm-none-eabi/lib/thumb/v7e-m+fp/softfp\libc_nano.a(libc_a-memchr.o)
                0x080002a0                memchr
 .text          0x08000340      0x378 C:/ST/STM32CubeIDE_1.11.2/STM32CubeIDE/plugins/com.st.stm32cube.ide.mcu.externaltools.gnu-tools-for-stm32.12.3.rel1.win32_1.1.0.202410251130/tools/bin/../lib/gcc/arm-none-eabi/12.3.1/thumb/v7e-m+fp/softfp\libgcc.a(_arm_addsubdf3.o)
                0x08000340                __aeabi_drsub
                0x08000348                __aeabi_dsub
                0x08000348                __subdf3
                0x0800034c                __aeabi_dadd
                0x0800034c                __adddf3
                0x080005c4                __floatunsidf
                0x080005c4                __aeabi_ui2d
                0x080005e4                __floatsidf
                0x080005e4                __aeabi_i2d
                0x08000608                __aeabi_f2d
                0x08000608                __extendsfdf2
                0x0800064c                __floatundidf
                0x0800064c                __aeabi_ul2d
                0x0800065c                __floatdidf
                0x0800065c                __aeabi_l2d
 .text          0x080006b8      0x424 C:/ST/STM32CubeIDE_1.11.2/STM32CubeIDE/plugins/com.st.stm32cube.ide.mcu.externaltools.gnu-tools-for-stm32.12.3.rel1.win32_1.1.0.202410251130/tools/bin/../lib/gcc/arm-none-eabi/12.3.1/thumb/v7e-m+fp/softfp\libgcc.a(_arm_muldivdf3.o)
                0x080006b8                __aeabi_dmul
                0x080006b8                __muldf3
                0x0800090c                __divdf3
                0x0800090c                __aeabi_ddiv
 .text          0x08000adc      0x110 C:/ST/STM32CubeIDE_1.11.2/STM32CubeIDE/plugins/com.st.stm32cube.ide.mcu.externaltools.gnu-tools-for-stm32.12.3.rel1.win32_1.1.0.202410251130/tools/bin/../lib/gcc/arm-none-eabi/12.3.1/thumb/v7e-m+fp/softfp\libgcc.a(_arm_cmpdf2.o)
                0x08000adc                __gtdf2
                0x08000adc                __gedf2
                0x08000ae4                __ltdf2
                0x08000ae4                __ledf2
                0x08000aec                __nedf2
                0x08000aec                __eqdf2
                0x08000aec                __cmpdf2
                0x08000b68                __aeabi_cdrcmple
                0x08000b78                __aeabi_cdcmpeq
                0x08000b78                __aeabi_cdcmple
                0x08000b88                __aeabi_dcmpeq
                0x08000b9c                __aeabi_dcmplt
                0x08000bb0                __aeabi_dcmple
                0x08000bc4                __aeabi_dcmpge
                0x08000bd8                __aeabi_dcmpgt
 .text          0x08000bec       0x50 C:/ST/STM32CubeIDE_1.11.2/STM32CubeIDE/plugins/com.st.stm32cube.ide.mcu.externaltools.gnu-tools-for-stm32.12.3.rel1.win32_1.1.0.202410251130/tools/bin/../lib/gcc/arm-none-eabi/12.3.1/thumb/v7e-m+fp/softfp\libgcc.a(_arm_fixdfsi.o)
                0x08000bec                __aeabi_d2iz
                0x08000bec                __fixdfsi
 .text          0x08000c3c       0x40 C:/ST/STM32CubeIDE_1.11.2/STM32CubeIDE/plugins/com.st.stm32cube.ide.mcu.externaltools.gnu-tools-for-stm32.12.3.rel1.win32_1.1.0.202410251130/tools/bin/../lib/gcc/arm-none-eabi/12.3.1/thumb/v7e-m+fp/softfp\libgcc.a(_arm_fixunsdfsi.o)
                0x08000c3c                __aeabi_d2uiz
                0x08000c3c                __fixunsdfsi
 .text          0x08000c7c       0xa0 C:/ST/STM32CubeIDE_1.11.2/STM32CubeIDE/plugins/com.st.stm32cube.ide.mcu.externaltools.gnu-tools-for-stm32.12.3.rel1.win32_1.1.0.202410251130/tools/bin/../lib/gcc/arm-none-eabi/12.3.1/thumb/v7e-m+fp/softfp\libgcc.a(_arm_truncdfsf2.o)
                0x08000c7c                __truncdfsf2
                0x08000c7c                __aeabi_d2f
 .text          0x08000d1c      0x21c C:/ST/STM32CubeIDE_1.11.2/STM32CubeIDE/plugins/com.st.stm32cube.ide.mcu.externaltools.gnu-tools-for-stm32.12.3.rel1.win32_1.1.0.202410251130/tools/bin/../lib/gcc/arm-none-eabi/12.3.1/thumb/v7e-m+fp/softfp\libgcc.a(_arm_addsubsf3.o)
                0x08000d1c                __aeabi_frsub
                0x08000d24                __subsf3
                0x08000d24                __aeabi_fsub
                0x08000d28                __aeabi_fadd
                0x08000d28                __addsf3
                0x08000e88                __aeabi_ui2f
                0x08000e88                __floatunsisf
                0x08000e90                __aeabi_i2f
                0x08000e90                __floatsisf
                0x08000eac                __aeabi_ul2f
                0x08000eac                __floatundisf
                0x08000ebc                __aeabi_l2f
                0x08000ebc                __floatdisf
 .text          0x08000f38      0x2a0 C:/ST/STM32CubeIDE_1.11.2/STM32CubeIDE/plugins/com.st.stm32cube.ide.mcu.externaltools.gnu-tools-for-stm32.12.3.rel1.win32_1.1.0.202410251130/tools/bin/../lib/gcc/arm-none-eabi/12.3.1/thumb/v7e-m+fp/softfp\libgcc.a(_arm_muldivsf3.o)
                0x08000f38                __mulsf3
                0x08000f38                __aeabi_fmul
                0x080010a0                __aeabi_fdiv
                0x080010a0                __divsf3
 .text          0x080011d8       0x30 C:/ST/STM32CubeIDE_1.11.2/STM32CubeIDE/plugins/com.st.stm32cube.ide.mcu.externaltools.gnu-tools-for-stm32.12.3.rel1.win32_1.1.0.202410251130/tools/bin/../lib/gcc/arm-none-eabi/12.3.1/thumb/v7e-m+fp/softfp\libgcc.a(_aeabi_uldivmod.o)
                0x080011d8                __aeabi_uldivmod
 .text          0x08001208      0x2bc C:/ST/STM32CubeIDE_1.11.2/STM32CubeIDE/plugins/com.st.stm32cube.ide.mcu.externaltools.gnu-tools-for-stm32.12.3.rel1.win32_1.1.0.202410251130/tools/bin/../lib/gcc/arm-none-eabi/12.3.1/thumb/v7e-m+fp/softfp\libgcc.a(_udivmoddi4.o)
                0x08001208                __udivmoddi4
 .text          0x080014c4        0x4 C:/ST/STM32CubeIDE_1.11.2/STM32CubeIDE/plugins/com.st.stm32cube.ide.mcu.externaltools.gnu-tools-for-stm32.12.3.rel1.win32_1.1.0.202410251130/tools/bin/../lib/gcc/arm-none-eabi/12.3.1/thumb/v7e-m+fp/softfp\libgcc.a(_dvmd_tls.o)
                0x080014c4                __aeabi_idiv0
                0x080014c4                __aeabi_ldiv0
 *(.text*)
 .text.calcsin  0x080014c8       0xd0 ./Core/Src/main.o
                0x080014c8                calcsin
 .text.calchanning
                0x08001598       0xc0 ./Core/Src/main.o
                0x08001598                calchanning
 .text.sgn      0x08001658       0x2a ./Core/Src/main.o
                0x08001658                sgn
 *fill*         0x08001682        0x2 
 .text.Read_ADC
                0x08001684       0x24 ./Core/Src/main.o
                0x08001684                Read_ADC
 .text.HAL_ADC_ConvHalfCpltCallback
                0x080016a8       0x60 ./Core/Src/main.o
                0x080016a8                HAL_ADC_ConvHalfCpltCallback
 .text.HAL_ADC_ConvCpltCallback
                0x08001708       0x54 ./Core/Src/main.o
                0x08001708                HAL_ADC_ConvCpltCallback
 *fill*         0x0800175c        0x4 
 .text.Calc_FFT
                0x08001760      0x23c ./Core/Src/main.o
                0x08001760                Calc_FFT
 *fill*         0x0800199c        0x4 
 .text.main     0x080019a0      0x2bc ./Core/Src/main.o
                0x080019a0                main
 .text.SystemClock_Config
                0x08001c5c       0xa4 ./Core/Src/main.o
                0x08001c5c                SystemClock_Config
 .text.MX_ADC1_Init
                0x08001d00       0xf0 ./Core/Src/main.o
 .text.MX_DAC1_Init
                0x08001df0       0x7c ./Core/Src/main.o
 .text.MX_TIM1_Init
                0x08001e6c       0xa8 ./Core/Src/main.o
 .text.MX_TIM6_Init
                0x08001f14       0x6c ./Core/Src/main.o
 .text.MX_USART2_UART_Init
                0x08001f80       0x60 ./Core/Src/main.o
 .text.MX_DMA_Init
                0x08001fe0       0x4c ./Core/Src/main.o
 .text.MX_GPIO_Init
                0x0800202c       0xa4 ./Core/Src/main.o
 .text.MX_ADC1_Init2
                0x080020d0       0xf4 ./Core/Src/main.o
                0x080020d0                MX_ADC1_Init2
 .text.Error_Handler
                0x080021c4        0xc ./Core/Src/main.o
                0x080021c4                Error_Handler
 .text.HAL_MspInit
                0x080021d0       0x48 ./Core/Src/stm32l4xx_hal_msp.o
                0x080021d0                HAL_MspInit
 .text.HAL_ADC_MspInit
                0x08002218      0x140 ./Core/Src/stm32l4xx_hal_msp.o
                0x08002218                HAL_ADC_MspInit
 .text.HAL_DAC_MspInit
                0x08002358       0xdc ./Core/Src/stm32l4xx_hal_msp.o
                0x08002358                HAL_DAC_MspInit
 .text.HAL_TIM_Base_MspInit
                0x08002434       0x68 ./Core/Src/stm32l4xx_hal_msp.o
                0x08002434                HAL_TIM_Base_MspInit
 .text.HAL_UART_MspInit
                0x0800249c       0xb8 ./Core/Src/stm32l4xx_hal_msp.o
                0x0800249c                HAL_UART_MspInit
 .text.NMI_Handler
                0x08002554        0x8 ./Core/Src/stm32l4xx_it.o
                0x08002554                NMI_Handler
 .text.HardFault_Handler
                0x0800255c        0x8 ./Core/Src/stm32l4xx_it.o
                0x0800255c                HardFault_Handler
 .text.MemManage_Handler
                0x08002564        0x8 ./Core/Src/stm32l4xx_it.o
                0x08002564                MemManage_Handler
 .text.BusFault_Handler
                0x0800256c        0x8 ./Core/Src/stm32l4xx_it.o
                0x0800256c                BusFault_Handler
 .text.UsageFault_Handler
                0x08002574        0x8 ./Core/Src/stm32l4xx_it.o
                0x08002574                UsageFault_Handler
 .text.SVC_Handler
                0x0800257c        0xe ./Core/Src/stm32l4xx_it.o
                0x0800257c                SVC_Handler
 .text.DebugMon_Handler
                0x0800258a        0xe ./Core/Src/stm32l4xx_it.o
                0x0800258a                DebugMon_Handler
 .text.PendSV_Handler
                0x08002598        0xe ./Core/Src/stm32l4xx_it.o
                0x08002598                PendSV_Handler
 .text.SysTick_Handler
                0x080025a6        0xc ./Core/Src/stm32l4xx_it.o
                0x080025a6                SysTick_Handler
 *fill*         0x080025b2        0x2 
 .text.DMA1_Channel1_IRQHandler
                0x080025b4       0x14 ./Core/Src/stm32l4xx_it.o
                0x080025b4                DMA1_Channel1_IRQHandler
 .text.DMA1_Channel4_IRQHandler
                0x080025c8       0x14 ./Core/Src/stm32l4xx_it.o
                0x080025c8                DMA1_Channel4_IRQHandler
 .text.ADC1_2_IRQHandler
                0x080025dc       0x14 ./Core/Src/stm32l4xx_it.o
                0x080025dc                ADC1_2_IRQHandler
 .text._sbrk    0x080025f0       0x6c ./Core/Src/sysmem.o
                0x080025f0                _sbrk
 .text.SystemInit
                0x0800265c       0x24 ./Core/Src/system_stm32l4xx.o
                0x0800265c                SystemInit
 .text.Reset_Handler
                0x08002680       0x50 ./Core/Startup/startup_stm32l476rgtx.o
                0x08002680                Reset_Handler
 .text.Default_Handler
                0x080026d0        0x2 ./Core/Startup/startup_stm32l476rgtx.o
                0x080026d0                RTC_Alarm_IRQHandler
                0x080026d0                EXTI2_IRQHandler
                0x080026d0                TIM8_TRG_COM_IRQHandler
                0x080026d0                TIM8_CC_IRQHandler
                0x080026d0                TIM1_CC_IRQHandler
                0x080026d0                TSC_IRQHandler
                0x080026d0                TAMP_STAMP_IRQHandler
                0x080026d0                EXTI3_IRQHandler
                0x080026d0                LPTIM2_IRQHandler
                0x080026d0                DFSDM1_FLT1_IRQHandler
                0x080026d0                I2C3_ER_IRQHandler
                0x080026d0                DFSDM1_FLT2_IRQHandler
                0x080026d0                EXTI0_IRQHandler
                0x080026d0                I2C2_EV_IRQHandler
                0x080026d0                CAN1_RX0_IRQHandler
                0x080026d0                FPU_IRQHandler
                0x080026d0                TIM1_UP_TIM16_IRQHandler
                0x080026d0                SPI1_IRQHandler
                0x080026d0                TIM6_DAC_IRQHandler
                0x080026d0                TIM8_UP_IRQHandler
                0x080026d0                DMA2_Channel2_IRQHandler
                0x080026d0                SAI2_IRQHandler
                0x080026d0                DFSDM1_FLT3_IRQHandler
                0x080026d0                USART3_IRQHandler
                0x080026d0                DMA1_Channel7_IRQHandler
                0x080026d0                CAN1_RX1_IRQHandler
                0x080026d0                LCD_IRQHandler
                0x080026d0                UART5_IRQHandler
                0x080026d0                ADC3_IRQHandler
                0x080026d0                TIM4_IRQHandler
                0x080026d0                DMA2_Channel1_IRQHandler
                0x080026d0                QUADSPI_IRQHandler
                0x080026d0                I2C1_EV_IRQHandler
                0x080026d0                DMA1_Channel6_IRQHandler
                0x080026d0                UART4_IRQHandler
                0x080026d0                DMA2_Channel4_IRQHandler
                0x080026d0                TIM3_IRQHandler
                0x080026d0                RCC_IRQHandler
                0x080026d0                Default_Handler
                0x080026d0                DMA2_Channel7_IRQHandler
                0x080026d0                EXTI15_10_IRQHandler
                0x080026d0                TIM7_IRQHandler
                0x080026d0                SDMMC1_IRQHandler
                0x080026d0                TIM5_IRQHandler
                0x080026d0                I2C3_EV_IRQHandler
                0x080026d0                EXTI9_5_IRQHandler
                0x080026d0                RTC_WKUP_IRQHandler
                0x080026d0                PVD_PVM_IRQHandler
                0x080026d0                SPI2_IRQHandler
                0x080026d0                CAN1_TX_IRQHandler
                0x080026d0                DMA2_Channel5_IRQHandler
                0x080026d0                DMA1_Channel5_IRQHandler
                0x080026d0                EXTI4_IRQHandler
                0x080026d0                RNG_IRQHandler
                0x080026d0                TIM1_TRG_COM_TIM17_IRQHandler
                0x080026d0                DMA1_Channel3_IRQHandler
                0x080026d0                COMP_IRQHandler
                0x080026d0                WWDG_IRQHandler
                0x080026d0                LPUART1_IRQHandler
                0x080026d0                DMA2_Channel6_IRQHandler
                0x080026d0                TIM2_IRQHandler
                0x080026d0                EXTI1_IRQHandler
                0x080026d0                USART2_IRQHandler
                0x080026d0                DFSDM1_FLT0_IRQHandler
                0x080026d0                I2C2_ER_IRQHandler
                0x080026d0                DMA1_Channel2_IRQHandler
                0x080026d0                TIM8_BRK_IRQHandler
                0x080026d0                CAN1_SCE_IRQHandler
                0x080026d0                FLASH_IRQHandler
                0x080026d0                USART1_IRQHandler
                0x080026d0                OTG_FS_IRQHandler
                0x080026d0                SPI3_IRQHandler
                0x080026d0                I2C1_ER_IRQHandler
                0x080026d0                FMC_IRQHandler
                0x080026d0                SWPMI1_IRQHandler
                0x080026d0                LPTIM1_IRQHandler
                0x080026d0                SAI1_IRQHandler
                0x080026d0                DMA2_Channel3_IRQHandler
                0x080026d0                TIM1_BRK_TIM15_IRQHandler
 *fill*         0x080026d2        0x2 
 .text.HAL_Init
                0x080026d4       0x40 ./Drivers/STM32L4xx_HAL_Driver/Src/stm32l4xx_hal.o
                0x080026d4                HAL_Init
 .text.HAL_InitTick
                0x08002714       0x78 ./Drivers/STM32L4xx_HAL_Driver/Src/stm32l4xx_hal.o
                0x08002714                HAL_InitTick
 .text.HAL_IncTick
                0x0800278c       0x28 ./Drivers/STM32L4xx_HAL_Driver/Src/stm32l4xx_hal.o
                0x0800278c                HAL_IncTick
 .text.HAL_GetTick
                0x080027b4       0x18 ./Drivers/STM32L4xx_HAL_Driver/Src/stm32l4xx_hal.o
                0x080027b4                HAL_GetTick
 .text.HAL_Delay
                0x080027cc       0x48 ./Drivers/STM32L4xx_HAL_Driver/Src/stm32l4xx_hal.o
                0x080027cc                HAL_Delay
 .text.LL_ADC_SetCommonClock
                0x08002814       0x26 ./Drivers/STM32L4xx_HAL_Driver/Src/stm32l4xx_hal_adc.o
 .text.LL_ADC_SetCommonPathInternalCh
                0x0800283a       0x26 ./Drivers/STM32L4xx_HAL_Driver/Src/stm32l4xx_hal_adc.o
 .text.LL_ADC_GetCommonPathInternalCh
                0x08002860       0x1c ./Drivers/STM32L4xx_HAL_Driver/Src/stm32l4xx_hal_adc.o
 .text.LL_ADC_SetOffset
                0x0800287c       0x48 ./Drivers/STM32L4xx_HAL_Driver/Src/stm32l4xx_hal_adc.o
 .text.LL_ADC_GetOffsetChannel
                0x080028c4       0x2c ./Drivers/STM32L4xx_HAL_Driver/Src/stm32l4xx_hal_adc.o
 .text.LL_ADC_SetOffsetState
                0x080028f0       0x36 ./Drivers/STM32L4xx_HAL_Driver/Src/stm32l4xx_hal_adc.o
 .text.LL_ADC_REG_IsTriggerSourceSWStart
                0x08002926       0x26 ./Drivers/STM32L4xx_HAL_Driver/Src/stm32l4xx_hal_adc.o
 .text.LL_ADC_REG_SetSequencerRanks
                0x0800294c       0x58 ./Drivers/STM32L4xx_HAL_Driver/Src/stm32l4xx_hal_adc.o
 .text.LL_ADC_INJ_IsTriggerSourceSWStart
                0x080029a4       0x26 ./Drivers/STM32L4xx_HAL_Driver/Src/stm32l4xx_hal_adc.o
 .text.LL_ADC_SetChannelSamplingTime
                0x080029ca       0x56 ./Drivers/STM32L4xx_HAL_Driver/Src/stm32l4xx_hal_adc.o
 .text.LL_ADC_SetChannelSingleDiff
                0x08002a20       0x48 ./Drivers/STM32L4xx_HAL_Driver/Src/stm32l4xx_hal_adc.o
 .text.LL_ADC_GetMultimode
                0x08002a68       0x1c ./Drivers/STM32L4xx_HAL_Driver/Src/stm32l4xx_hal_adc.o
 .text.LL_ADC_GetMultiDMATransfer
                0x08002a84       0x1c ./Drivers/STM32L4xx_HAL_Driver/Src/stm32l4xx_hal_adc.o
 .text.LL_ADC_DisableDeepPowerDown
                0x08002aa0       0x24 ./Drivers/STM32L4xx_HAL_Driver/Src/stm32l4xx_hal_adc.o
 .text.LL_ADC_IsDeepPowerDownEnabled
                0x08002ac4       0x28 ./Drivers/STM32L4xx_HAL_Driver/Src/stm32l4xx_hal_adc.o
 .text.LL_ADC_EnableInternalRegulator
                0x08002aec       0x28 ./Drivers/STM32L4xx_HAL_Driver/Src/stm32l4xx_hal_adc.o
 .text.LL_ADC_IsInternalRegulatorEnabled
                0x08002b14       0x28 ./Drivers/STM32L4xx_HAL_Driver/Src/stm32l4xx_hal_adc.o
 .text.LL_ADC_Enable
                0x08002b3c       0x28 ./Drivers/STM32L4xx_HAL_Driver/Src/stm32l4xx_hal_adc.o
 .text.LL_ADC_Disable
                0x08002b64       0x28 ./Drivers/STM32L4xx_HAL_Driver/Src/stm32l4xx_hal_adc.o
 .text.LL_ADC_IsEnabled
                0x08002b8c       0x26 ./Drivers/STM32L4xx_HAL_Driver/Src/stm32l4xx_hal_adc.o
 .text.LL_ADC_IsDisableOngoing
                0x08002bb2       0x26 ./Drivers/STM32L4xx_HAL_Driver/Src/stm32l4xx_hal_adc.o
 .text.LL_ADC_REG_StartConversion
                0x08002bd8       0x28 ./Drivers/STM32L4xx_HAL_Driver/Src/stm32l4xx_hal_adc.o
 .text.LL_ADC_REG_StopConversion
                0x08002c00       0x28 ./Drivers/STM32L4xx_HAL_Driver/Src/stm32l4xx_hal_adc.o
 .text.LL_ADC_REG_IsConversionOngoing
                0x08002c28       0x26 ./Drivers/STM32L4xx_HAL_Driver/Src/stm32l4xx_hal_adc.o
 .text.LL_ADC_INJ_StopConversion
                0x08002c4e       0x28 ./Drivers/STM32L4xx_HAL_Driver/Src/stm32l4xx_hal_adc.o
 .text.LL_ADC_INJ_IsConversionOngoing
                0x08002c76       0x26 ./Drivers/STM32L4xx_HAL_Driver/Src/stm32l4xx_hal_adc.o
 .text.HAL_ADC_Init
                0x08002c9c      0x2a0 ./Drivers/STM32L4xx_HAL_Driver/Src/stm32l4xx_hal_adc.o
                0x08002c9c                HAL_ADC_Init
 .text.HAL_ADC_Start
                0x08002f3c      0x174 ./Drivers/STM32L4xx_HAL_Driver/Src/stm32l4xx_hal_adc.o
                0x08002f3c                HAL_ADC_Start
 .text.HAL_ADC_Stop
                0x080030b0       0x66 ./Drivers/STM32L4xx_HAL_Driver/Src/stm32l4xx_hal_adc.o
                0x080030b0                HAL_ADC_Stop
 *fill*         0x08003116        0x2 
 .text.HAL_ADC_PollForConversion
                0x08003118      0x1b0 ./Drivers/STM32L4xx_HAL_Driver/Src/stm32l4xx_hal_adc.o
                0x08003118                HAL_ADC_PollForConversion
 .text.HAL_ADC_Start_DMA
                0x080032c8      0x178 ./Drivers/STM32L4xx_HAL_Driver/Src/stm32l4xx_hal_adc.o
                0x080032c8                HAL_ADC_Start_DMA
 .text.HAL_ADC_GetValue
                0x08003440       0x1a ./Drivers/STM32L4xx_HAL_Driver/Src/stm32l4xx_hal_adc.o
                0x08003440                HAL_ADC_GetValue
 *fill*         0x0800345a        0x2 
 .text.HAL_ADC_IRQHandler
                0x0800345c      0x434 ./Drivers/STM32L4xx_HAL_Driver/Src/stm32l4xx_hal_adc.o
                0x0800345c                HAL_ADC_IRQHandler
 .text.HAL_ADC_LevelOutOfWindowCallback
                0x08003890       0x14 ./Drivers/STM32L4xx_HAL_Driver/Src/stm32l4xx_hal_adc.o
                0x08003890                HAL_ADC_LevelOutOfWindowCallback
 .text.HAL_ADC_ErrorCallback
                0x080038a4       0x14 ./Drivers/STM32L4xx_HAL_Driver/Src/stm32l4xx_hal_adc.o
                0x080038a4                HAL_ADC_ErrorCallback
 .text.HAL_ADC_ConfigChannel
                0x080038b8      0x7e4 ./Drivers/STM32L4xx_HAL_Driver/Src/stm32l4xx_hal_adc.o
                0x080038b8                HAL_ADC_ConfigChannel
 .text.ADC_ConversionStop
                0x0800409c      0x178 ./Drivers/STM32L4xx_HAL_Driver/Src/stm32l4xx_hal_adc.o
                0x0800409c                ADC_ConversionStop
 .text.ADC_Enable
                0x08004214      0x10c ./Drivers/STM32L4xx_HAL_Driver/Src/stm32l4xx_hal_adc.o
                0x08004214                ADC_Enable
 .text.ADC_Disable
                0x08004320       0xbe ./Drivers/STM32L4xx_HAL_Driver/Src/stm32l4xx_hal_adc.o
                0x08004320                ADC_Disable
 .text.ADC_DMAConvCplt
                0x080043de       0xd8 ./Drivers/STM32L4xx_HAL_Driver/Src/stm32l4xx_hal_adc.o
                0x080043de                ADC_DMAConvCplt
 .text.ADC_DMAHalfConvCplt
                0x080044b6       0x1c ./Drivers/STM32L4xx_HAL_Driver/Src/stm32l4xx_hal_adc.o
                0x080044b6                ADC_DMAHalfConvCplt
 .text.ADC_DMAError
                0x080044d2       0x34 ./Drivers/STM32L4xx_HAL_Driver/Src/stm32l4xx_hal_adc.o
                0x080044d2                ADC_DMAError
 .text.LL_ADC_IsEnabled
                0x08004506       0x26 ./Drivers/STM32L4xx_HAL_Driver/Src/stm32l4xx_hal_adc_ex.o
 .text.LL_ADC_StartCalibration
                0x0800452c       0x32 ./Drivers/STM32L4xx_HAL_Driver/Src/stm32l4xx_hal_adc_ex.o
 .text.LL_ADC_IsCalibrationOnGoing
                0x0800455e       0x28 ./Drivers/STM32L4xx_HAL_Driver/Src/stm32l4xx_hal_adc_ex.o
 .text.LL_ADC_REG_IsConversionOngoing
                0x08004586       0x26 ./Drivers/STM32L4xx_HAL_Driver/Src/stm32l4xx_hal_adc_ex.o
 .text.HAL_ADCEx_Calibration_Start
                0x080045ac       0xc0 ./Drivers/STM32L4xx_HAL_Driver/Src/stm32l4xx_hal_adc_ex.o
                0x080045ac                HAL_ADCEx_Calibration_Start
 .text.HAL_ADCEx_InjectedConvCpltCallback
                0x0800466c       0x14 ./Drivers/STM32L4xx_HAL_Driver/Src/stm32l4xx_hal_adc_ex.o
                0x0800466c                HAL_ADCEx_InjectedConvCpltCallback
 .text.HAL_ADCEx_InjectedQueueOverflowCallback
                0x08004680       0x14 ./Drivers/STM32L4xx_HAL_Driver/Src/stm32l4xx_hal_adc_ex.o
                0x08004680                HAL_ADCEx_InjectedQueueOverflowCallback
 .text.HAL_ADCEx_LevelOutOfWindow2Callback
                0x08004694       0x14 ./Drivers/STM32L4xx_HAL_Driver/Src/stm32l4xx_hal_adc_ex.o
                0x08004694                HAL_ADCEx_LevelOutOfWindow2Callback
 .text.HAL_ADCEx_LevelOutOfWindow3Callback
                0x080046a8       0x14 ./Drivers/STM32L4xx_HAL_Driver/Src/stm32l4xx_hal_adc_ex.o
                0x080046a8                HAL_ADCEx_LevelOutOfWindow3Callback
 .text.HAL_ADCEx_EndOfSamplingCallback
                0x080046bc       0x14 ./Drivers/STM32L4xx_HAL_Driver/Src/stm32l4xx_hal_adc_ex.o
                0x080046bc                HAL_ADCEx_EndOfSamplingCallback
 .text.HAL_ADCEx_MultiModeConfigChannel
                0x080046d0      0x160 ./Drivers/STM32L4xx_HAL_Driver/Src/stm32l4xx_hal_adc_ex.o
                0x080046d0                HAL_ADCEx_MultiModeConfigChannel
 .text.__NVIC_SetPriorityGrouping
                0x08004830       0x48 ./Drivers/STM32L4xx_HAL_Driver/Src/stm32l4xx_hal_cortex.o
 .text.__NVIC_GetPriorityGrouping
                0x08004878       0x1c ./Drivers/STM32L4xx_HAL_Driver/Src/stm32l4xx_hal_cortex.o
 .text.__NVIC_EnableIRQ
                0x08004894       0x3c ./Drivers/STM32L4xx_HAL_Driver/Src/stm32l4xx_hal_cortex.o
 .text.__NVIC_SetPriority
                0x080048d0       0x54 ./Drivers/STM32L4xx_HAL_Driver/Src/stm32l4xx_hal_cortex.o
 .text.NVIC_EncodePriority
                0x08004924       0x66 ./Drivers/STM32L4xx_HAL_Driver/Src/stm32l4xx_hal_cortex.o
 *fill*         0x0800498a        0x2 
 .text.SysTick_Config
                0x0800498c       0x44 ./Drivers/STM32L4xx_HAL_Driver/Src/stm32l4xx_hal_cortex.o
 .text.HAL_NVIC_SetPriorityGrouping
                0x080049d0       0x16 ./Drivers/STM32L4xx_HAL_Driver/Src/stm32l4xx_hal_cortex.o
                0x080049d0                HAL_NVIC_SetPriorityGrouping
 .text.HAL_NVIC_SetPriority
                0x080049e6       0x38 ./Drivers/STM32L4xx_HAL_Driver/Src/stm32l4xx_hal_cortex.o
                0x080049e6                HAL_NVIC_SetPriority
 .text.HAL_NVIC_EnableIRQ
                0x08004a1e       0x1c ./Drivers/STM32L4xx_HAL_Driver/Src/stm32l4xx_hal_cortex.o
                0x08004a1e                HAL_NVIC_EnableIRQ
 .text.HAL_SYSTICK_Config
                0x08004a3a       0x18 ./Drivers/STM32L4xx_HAL_Driver/Src/stm32l4xx_hal_cortex.o
                0x08004a3a                HAL_SYSTICK_Config
 .text.HAL_DAC_Init
                0x08004a52       0x44 ./Drivers/STM32L4xx_HAL_Driver/Src/stm32l4xx_hal_dac.o
                0x08004a52                HAL_DAC_Init
 .text.HAL_DAC_Start
                0x08004a96       0x9a ./Drivers/STM32L4xx_HAL_Driver/Src/stm32l4xx_hal_dac.o
                0x08004a96                HAL_DAC_Start
 .text.HAL_DAC_Start_DMA
                0x08004b30      0x198 ./Drivers/STM32L4xx_HAL_Driver/Src/stm32l4xx_hal_dac.o
                0x08004b30                HAL_DAC_Start_DMA
 .text.HAL_DAC_SetValue
                0x08004cc8       0x4a ./Drivers/STM32L4xx_HAL_Driver/Src/stm32l4xx_hal_dac.o
                0x08004cc8                HAL_DAC_SetValue
 .text.HAL_DAC_ConvCpltCallbackCh1
                0x08004d12       0x14 ./Drivers/STM32L4xx_HAL_Driver/Src/stm32l4xx_hal_dac.o
                0x08004d12                HAL_DAC_ConvCpltCallbackCh1
 .text.HAL_DAC_ConvHalfCpltCallbackCh1
                0x08004d26       0x14 ./Drivers/STM32L4xx_HAL_Driver/Src/stm32l4xx_hal_dac.o
                0x08004d26                HAL_DAC_ConvHalfCpltCallbackCh1
 .text.HAL_DAC_ErrorCallbackCh1
                0x08004d3a       0x14 ./Drivers/STM32L4xx_HAL_Driver/Src/stm32l4xx_hal_dac.o
                0x08004d3a                HAL_DAC_ErrorCallbackCh1
 .text.HAL_DAC_ConfigChannel
                0x08004d4e      0x24e ./Drivers/STM32L4xx_HAL_Driver/Src/stm32l4xx_hal_dac.o
                0x08004d4e                HAL_DAC_ConfigChannel
 .text.DAC_DMAConvCpltCh1
                0x08004f9c       0x22 ./Drivers/STM32L4xx_HAL_Driver/Src/stm32l4xx_hal_dac.o
                0x08004f9c                DAC_DMAConvCpltCh1
 .text.DAC_DMAHalfConvCpltCh1
                0x08004fbe       0x1c ./Drivers/STM32L4xx_HAL_Driver/Src/stm32l4xx_hal_dac.o
                0x08004fbe                DAC_DMAHalfConvCpltCh1
 .text.DAC_DMAErrorCh1
                0x08004fda       0x2e ./Drivers/STM32L4xx_HAL_Driver/Src/stm32l4xx_hal_dac.o
                0x08004fda                DAC_DMAErrorCh1
 .text.HAL_DACEx_ConvCpltCallbackCh2
                0x08005008       0x14 ./Drivers/STM32L4xx_HAL_Driver/Src/stm32l4xx_hal_dac_ex.o
                0x08005008                HAL_DACEx_ConvCpltCallbackCh2
 .text.HAL_DACEx_ConvHalfCpltCallbackCh2
                0x0800501c       0x14 ./Drivers/STM32L4xx_HAL_Driver/Src/stm32l4xx_hal_dac_ex.o
                0x0800501c                HAL_DACEx_ConvHalfCpltCallbackCh2
 .text.HAL_DACEx_ErrorCallbackCh2
                0x08005030       0x14 ./Drivers/STM32L4xx_HAL_Driver/Src/stm32l4xx_hal_dac_ex.o
                0x08005030                HAL_DACEx_ErrorCallbackCh2
 .text.DAC_DMAConvCpltCh2
                0x08005044       0x22 ./Drivers/STM32L4xx_HAL_Driver/Src/stm32l4xx_hal_dac_ex.o
                0x08005044                DAC_DMAConvCpltCh2
 .text.DAC_DMAHalfConvCpltCh2
                0x08005066       0x1c ./Drivers/STM32L4xx_HAL_Driver/Src/stm32l4xx_hal_dac_ex.o
                0x08005066                DAC_DMAHalfConvCpltCh2
 .text.DAC_DMAErrorCh2
                0x08005082       0x2e ./Drivers/STM32L4xx_HAL_Driver/Src/stm32l4xx_hal_dac_ex.o
                0x08005082                DAC_DMAErrorCh2
 .text.HAL_DMA_Init
                0x080050b0      0x170 ./Drivers/STM32L4xx_HAL_Driver/Src/stm32l4xx_hal_dma.o
                0x080050b0                HAL_DMA_Init
 .text.HAL_DMA_Start_IT
                0x08005220       0xc0 ./Drivers/STM32L4xx_HAL_Driver/Src/stm32l4xx_hal_dma.o
                0x08005220                HAL_DMA_Start_IT
 .text.HAL_DMA_IRQHandler
                0x080052e0      0x15e ./Drivers/STM32L4xx_HAL_Driver/Src/stm32l4xx_hal_dma.o
                0x080052e0                HAL_DMA_IRQHandler
 .text.DMA_SetConfig
                0x0800543e       0x60 ./Drivers/STM32L4xx_HAL_Driver/Src/stm32l4xx_hal_dma.o
 *fill*         0x0800549e        0x2 
 .text.HAL_GPIO_Init
                0x080054a0      0x354 ./Drivers/STM32L4xx_HAL_Driver/Src/stm32l4xx_hal_gpio.o
                0x080054a0                HAL_GPIO_Init
 .text.HAL_PWREx_GetVoltageRange
                0x080057f4       0x1c ./Drivers/STM32L4xx_HAL_Driver/Src/stm32l4xx_hal_pwr_ex.o
                0x080057f4                HAL_PWREx_GetVoltageRange
 .text.HAL_PWREx_ControlVoltageScaling
                0x08005810       0xac ./Drivers/STM32L4xx_HAL_Driver/Src/stm32l4xx_hal_pwr_ex.o
                0x08005810                HAL_PWREx_ControlVoltageScaling
 .text.HAL_RCC_OscConfig
                0x080058bc      0x7b8 ./Drivers/STM32L4xx_HAL_Driver/Src/stm32l4xx_hal_rcc.o
                0x080058bc                HAL_RCC_OscConfig
 .text.HAL_RCC_ClockConfig
                0x08006074      0x200 ./Drivers/STM32L4xx_HAL_Driver/Src/stm32l4xx_hal_rcc.o
                0x08006074                HAL_RCC_ClockConfig
 .text.HAL_RCC_GetSysClockFreq
                0x08006274      0x118 ./Drivers/STM32L4xx_HAL_Driver/Src/stm32l4xx_hal_rcc.o
                0x08006274                HAL_RCC_GetSysClockFreq
 .text.HAL_RCC_GetHCLKFreq
                0x0800638c       0x18 ./Drivers/STM32L4xx_HAL_Driver/Src/stm32l4xx_hal_rcc.o
                0x0800638c                HAL_RCC_GetHCLKFreq
 .text.HAL_RCC_GetPCLK1Freq
                0x080063a4       0x2c ./Drivers/STM32L4xx_HAL_Driver/Src/stm32l4xx_hal_rcc.o
                0x080063a4                HAL_RCC_GetPCLK1Freq
 .text.HAL_RCC_GetPCLK2Freq
                0x080063d0       0x2c ./Drivers/STM32L4xx_HAL_Driver/Src/stm32l4xx_hal_rcc.o
                0x080063d0                HAL_RCC_GetPCLK2Freq
 .text.RCC_SetFlashLatencyFromMSIRange
                0x080063fc       0xc0 ./Drivers/STM32L4xx_HAL_Driver/Src/stm32l4xx_hal_rcc.o
 .text.HAL_RCCEx_PeriphCLKConfig
                0x080064bc      0x5d4 ./Drivers/STM32L4xx_HAL_Driver/Src/stm32l4xx_hal_rcc_ex.o
                0x080064bc                HAL_RCCEx_PeriphCLKConfig
 .text.RCCEx_PLLSAI1_Config
                0x08006a90      0x1e8 ./Drivers/STM32L4xx_HAL_Driver/Src/stm32l4xx_hal_rcc_ex.o
 .text.RCCEx_PLLSAI2_Config
                0x08006c78      0x1bc ./Drivers/STM32L4xx_HAL_Driver/Src/stm32l4xx_hal_rcc_ex.o
 .text.HAL_TIM_Base_Init
                0x08006e34       0xae ./Drivers/STM32L4xx_HAL_Driver/Src/stm32l4xx_hal_tim.o
                0x08006e34                HAL_TIM_Base_Init
 *fill*         0x08006ee2        0x2 
 .text.HAL_TIM_Base_Start
                0x08006ee4       0xd0 ./Drivers/STM32L4xx_HAL_Driver/Src/stm32l4xx_hal_tim.o
                0x08006ee4                HAL_TIM_Base_Start
 .text.HAL_TIM_ConfigClockSource
                0x08006fb4      0x192 ./Drivers/STM32L4xx_HAL_Driver/Src/stm32l4xx_hal_tim.o
                0x08006fb4                HAL_TIM_ConfigClockSource
 *fill*         0x08007146        0x2 
 .text.TIM_Base_SetConfig
                0x08007148      0x14c ./Drivers/STM32L4xx_HAL_Driver/Src/stm32l4xx_hal_tim.o
                0x08007148                TIM_Base_SetConfig
 .text.TIM_TI1_ConfigInputStage
                0x08007294       0x5e ./Drivers/STM32L4xx_HAL_Driver/Src/stm32l4xx_hal_tim.o
 .text.TIM_TI2_ConfigInputStage
                0x080072f2       0x60 ./Drivers/STM32L4xx_HAL_Driver/Src/stm32l4xx_hal_tim.o
 .text.TIM_ITRx_SetConfig
                0x08007352       0x36 ./Drivers/STM32L4xx_HAL_Driver/Src/stm32l4xx_hal_tim.o
 .text.TIM_ETR_SetConfig
                0x08007388       0x40 ./Drivers/STM32L4xx_HAL_Driver/Src/stm32l4xx_hal_tim.o
                0x08007388                TIM_ETR_SetConfig
 .text.HAL_TIMEx_MasterConfigSynchronization
                0x080073c8      0x110 ./Drivers/STM32L4xx_HAL_Driver/Src/stm32l4xx_hal_tim_ex.o
                0x080073c8                HAL_TIMEx_MasterConfigSynchronization
 .text.HAL_UART_Init
                0x080074d8       0x9c ./Drivers/STM32L4xx_HAL_Driver/Src/stm32l4xx_hal_uart.o
                0x080074d8                HAL_UART_Init
 .text.HAL_UART_Transmit
                0x08007574      0x112 ./Drivers/STM32L4xx_HAL_Driver/Src/stm32l4xx_hal_uart.o
                0x08007574                HAL_UART_Transmit
 *fill*         0x08007686        0x2 
 .text.UART_SetConfig
                0x08007688      0x570 ./Drivers/STM32L4xx_HAL_Driver/Src/stm32l4xx_hal_uart.o
                0x08007688                UART_SetConfig
 .text.UART_AdvFeatureConfig
                0x08007bf8      0x144 ./Drivers/STM32L4xx_HAL_Driver/Src/stm32l4xx_hal_uart.o
                0x08007bf8                UART_AdvFeatureConfig
 .text.UART_CheckIdleState
                0x08007d3c      0x150 ./Drivers/STM32L4xx_HAL_Driver/Src/stm32l4xx_hal_uart.o
                0x08007d3c                UART_CheckIdleState
 .text.UART_WaitOnFlagUntilTimeout
                0x08007e8c       0xda ./Drivers/STM32L4xx_HAL_Driver/Src/stm32l4xx_hal_uart.o
                0x08007e8c                UART_WaitOnFlagUntilTimeout
 .text.UART_EndRxTransfer
                0x08007f66       0xc8 ./Drivers/STM32L4xx_HAL_Driver/Src/stm32l4xx_hal_uart.o
 *fill*         0x0800802e        0x2 
 .text.arm_rfft_fast_init_f32
                0x08008030      0x108 C:\Users\jensc\STM32CubeIDE\workspace_1.11.2\MZMbias\phase-shift-meas\lib\libarm_cortexM4l_math.a(arm_rfft_fast_init_f32.o)
                0x08008030                arm_rfft_fast_init_f32
 .text.arm_rfft_fast_f32
                0x08008138      0x26c C:\Users\jensc\STM32CubeIDE\workspace_1.11.2\MZMbias\phase-shift-meas\lib\libarm_cortexM4l_math.a(arm_rfft_fast_f32.o)
                0x08008138                arm_rfft_fast_f32
 .text.arm_cfft_radix8by2_f32
                0x080083a4      0x2b4 C:\Users\jensc\STM32CubeIDE\workspace_1.11.2\MZMbias\phase-shift-meas\lib\libarm_cortexM4l_math.a(arm_cfft_f32.o)
                0x080083a4                arm_cfft_radix8by2_f32
 .text.arm_cfft_radix8by4_f32
                0x08008658      0x76c C:\Users\jensc\STM32CubeIDE\workspace_1.11.2\MZMbias\phase-shift-meas\lib\libarm_cortexM4l_math.a(arm_cfft_f32.o)
                0x08008658                arm_cfft_radix8by4_f32
 .text.arm_cfft_f32
                0x08008dc4       0xfc C:\Users\jensc\STM32CubeIDE\workspace_1.11.2\MZMbias\phase-shift-meas\lib\libarm_cortexM4l_math.a(arm_cfft_f32.o)
                0x08008dc4                arm_cfft_f32
 .text.arm_radix8_butterfly_f32
                0x08008ec0      0x960 C:\Users\jensc\STM32CubeIDE\workspace_1.11.2\MZMbias\phase-shift-meas\lib\libarm_cortexM4l_math.a(arm_cfft_radix8_f32.o)
                0x08008ec0                arm_radix8_butterfly_f32
 .text.sprintf  0x08009820       0x40 C:/ST/STM32CubeIDE_1.11.2/STM32CubeIDE/plugins/com.st.stm32cube.ide.mcu.externaltools.gnu-tools-for-stm32.12.3.rel1.win32_1.1.0.202410251130/tools/bin/../lib/gcc/arm-none-eabi/12.3.1/../../../../arm-none-eabi/lib/thumb/v7e-m+fp/softfp\libc_nano.a(libc_a-sprintf.o)
                0x08009820                siprintf
                0x08009820                sprintf
 .text.memset   0x08009860       0x10 C:/ST/STM32CubeIDE_1.11.2/STM32CubeIDE/plugins/com.st.stm32cube.ide.mcu.externaltools.gnu-tools-for-stm32.12.3.rel1.win32_1.1.0.202410251130/tools/bin/../lib/gcc/arm-none-eabi/12.3.1/../../../../arm-none-eabi/lib/thumb/v7e-m+fp/softfp\libc_nano.a(libc_a-memset.o)
                0x08009860                memset
 .text.__errno  0x08009870        0xc C:/ST/STM32CubeIDE_1.11.2/STM32CubeIDE/plugins/com.st.stm32cube.ide.mcu.externaltools.gnu-tools-for-stm32.12.3.rel1.win32_1.1.0.202410251130/tools/bin/../lib/gcc/arm-none-eabi/12.3.1/../../../../arm-none-eabi/lib/thumb/v7e-m+fp/softfp\libc_nano.a(libc_a-errno.o)
                0x08009870                __errno
 .text.__libc_init_array
                0x0800987c       0x48 C:/ST/STM32CubeIDE_1.11.2/STM32CubeIDE/plugins/com.st.stm32cube.ide.mcu.externaltools.gnu-tools-for-stm32.12.3.rel1.win32_1.1.0.202410251130/tools/bin/../lib/gcc/arm-none-eabi/12.3.1/../../../../arm-none-eabi/lib/thumb/v7e-m+fp/softfp\libc_nano.a(libc_a-init.o)
                0x0800987c                __libc_init_array
 .text.__retarget_lock_acquire_recursive
                0x080098c4        0x2 C:/ST/STM32CubeIDE_1.11.2/STM32CubeIDE/plugins/com.st.stm32cube.ide.mcu.externaltools.gnu-tools-for-stm32.12.3.rel1.win32_1.1.0.202410251130/tools/bin/../lib/gcc/arm-none-eabi/12.3.1/../../../../arm-none-eabi/lib/thumb/v7e-m+fp/softfp\libc_nano.a(libc_a-lock.o)
                0x080098c4                __retarget_lock_acquire_recursive
 .text.__retarget_lock_release_recursive
                0x080098c6        0x2 C:/ST/STM32CubeIDE_1.11.2/STM32CubeIDE/plugins/com.st.stm32cube.ide.mcu.externaltools.gnu-tools-for-stm32.12.3.rel1.win32_1.1.0.202410251130/tools/bin/../lib/gcc/arm-none-eabi/12.3.1/../../../../arm-none-eabi/lib/thumb/v7e-m+fp/softfp\libc_nano.a(libc_a-lock.o)
                0x080098c6                __retarget_lock_release_recursive
 .text._free_r  0x080098c8       0x94 C:/ST/STM32CubeIDE_1.11.2/STM32CubeIDE/plugins/com.st.stm32cube.ide.mcu.externaltools.gnu-tools-for-stm32.12.3.rel1.win32_1.1.0.202410251130/tools/bin/../lib/gcc/arm-none-eabi/12.3.1/../../../../arm-none-eabi/lib/thumb/v7e-m+fp/softfp\libc_nano.a(libc_a-freer.o)
                0x080098c8                _free_r
 .text.sbrk_aligned
                0x0800995c       0x44 C:/ST/STM32CubeIDE_1.11.2/STM32CubeIDE/plugins/com.st.stm32cube.ide.mcu.externaltools.gnu-tools-for-stm32.12.3.rel1.win32_1.1.0.202410251130/tools/bin/../lib/gcc/arm-none-eabi/12.3.1/../../../../arm-none-eabi/lib/thumb/v7e-m+fp/softfp\libc_nano.a(libc_a-mallocr.o)
 .text._malloc_r
                0x080099a0      0x100 C:/ST/STM32CubeIDE_1.11.2/STM32CubeIDE/plugins/com.st.stm32cube.ide.mcu.externaltools.gnu-tools-for-stm32.12.3.rel1.win32_1.1.0.202410251130/tools/bin/../lib/gcc/arm-none-eabi/12.3.1/../../../../arm-none-eabi/lib/thumb/v7e-m+fp/softfp\libc_nano.a(libc_a-mallocr.o)
                0x080099a0                _malloc_r
 .text.__malloc_lock
                0x08009aa0        0xc C:/ST/STM32CubeIDE_1.11.2/STM32CubeIDE/plugins/com.st.stm32cube.ide.mcu.externaltools.gnu-tools-for-stm32.12.3.rel1.win32_1.1.0.202410251130/tools/bin/../lib/gcc/arm-none-eabi/12.3.1/../../../../arm-none-eabi/lib/thumb/v7e-m+fp/softfp\libc_nano.a(libc_a-mlock.o)
                0x08009aa0                __malloc_lock
 .text.__malloc_unlock
                0x08009aac        0xc C:/ST/STM32CubeIDE_1.11.2/STM32CubeIDE/plugins/com.st.stm32cube.ide.mcu.externaltools.gnu-tools-for-stm32.12.3.rel1.win32_1.1.0.202410251130/tools/bin/../lib/gcc/arm-none-eabi/12.3.1/../../../../arm-none-eabi/lib/thumb/v7e-m+fp/softfp\libc_nano.a(libc_a-mlock.o)
                0x08009aac                __malloc_unlock
 .text.__ssputs_r
                0x08009ab8       0xb6 C:/ST/STM32CubeIDE_1.11.2/STM32CubeIDE/plugins/com.st.stm32cube.ide.mcu.externaltools.gnu-tools-for-stm32.12.3.rel1.win32_1.1.0.202410251130/tools/bin/../lib/gcc/arm-none-eabi/12.3.1/../../../../arm-none-eabi/lib/thumb/v7e-m+fp/softfp\libc_nano.a(libc_a-nano-svfprintf.o)
                0x08009ab8                __ssputs_r
 *fill*         0x08009b6e        0x2 
 .text._svfprintf_r
                0x08009b70      0x1f8 C:/ST/STM32CubeIDE_1.11.2/STM32CubeIDE/plugins/com.st.stm32cube.ide.mcu.externaltools.gnu-tools-for-stm32.12.3.rel1.win32_1.1.0.202410251130/tools/bin/../lib/gcc/arm-none-eabi/12.3.1/../../../../arm-none-eabi/lib/thumb/v7e-m+fp/softfp\libc_nano.a(libc_a-nano-svfprintf.o)
                0x08009b70                _svfiprintf_r
                0x08009b70                _svfprintf_r
 .text._printf_common
                0x08009d68       0xda C:/ST/STM32CubeIDE_1.11.2/STM32CubeIDE/plugins/com.st.stm32cube.ide.mcu.externaltools.gnu-tools-for-stm32.12.3.rel1.win32_1.1.0.202410251130/tools/bin/../lib/gcc/arm-none-eabi/12.3.1/../../../../arm-none-eabi/lib/thumb/v7e-m+fp/softfp\libc_nano.a(libc_a-nano-vfprintf_i.o)
                0x08009d68                _printf_common
 *fill*         0x08009e42        0x2 
 .text._printf_i
                0x08009e44      0x240 C:/ST/STM32CubeIDE_1.11.2/STM32CubeIDE/plugins/com.st.stm32cube.ide.mcu.externaltools.gnu-tools-for-stm32.12.3.rel1.win32_1.1.0.202410251130/tools/bin/../lib/gcc/arm-none-eabi/12.3.1/../../../../arm-none-eabi/lib/thumb/v7e-m+fp/softfp\libc_nano.a(libc_a-nano-vfprintf_i.o)
                0x08009e44                _printf_i
 .text.memmove  0x0800a084       0x34 C:/ST/STM32CubeIDE_1.11.2/STM32CubeIDE/plugins/com.st.stm32cube.ide.mcu.externaltools.gnu-tools-for-stm32.12.3.rel1.win32_1.1.0.202410251130/tools/bin/../lib/gcc/arm-none-eabi/12.3.1/../../../../arm-none-eabi/lib/thumb/v7e-m+fp/softfp\libc_nano.a(libc_a-memmove.o)
                0x0800a084                memmove
 .text._sbrk_r  0x0800a0b8       0x20 C:/ST/STM32CubeIDE_1.11.2/STM32CubeIDE/plugins/com.st.stm32cube.ide.mcu.externaltools.gnu-tools-for-stm32.12.3.rel1.win32_1.1.0.202410251130/tools/bin/../lib/gcc/arm-none-eabi/12.3.1/../../../../arm-none-eabi/lib/thumb/v7e-m+fp/softfp\libc_nano.a(libc_a-sbrkr.o)
                0x0800a0b8                _sbrk_r
 .text.memcpy   0x0800a0d8       0x1c C:/ST/STM32CubeIDE_1.11.2/STM32CubeIDE/plugins/com.st.stm32cube.ide.mcu.externaltools.gnu-tools-for-stm32.12.3.rel1.win32_1.1.0.202410251130/tools/bin/../lib/gcc/arm-none-eabi/12.3.1/../../../../arm-none-eabi/lib/thumb/v7e-m+fp/softfp\libc_nano.a(libc_a-memcpy-stub.o)
                0x0800a0d8                memcpy
 .text._realloc_r
                0x0800a0f4       0x5c C:/ST/STM32CubeIDE_1.11.2/STM32CubeIDE/plugins/com.st.stm32cube.ide.mcu.externaltools.gnu-tools-for-stm32.12.3.rel1.win32_1.1.0.202410251130/tools/bin/../lib/gcc/arm-none-eabi/12.3.1/../../../../arm-none-eabi/lib/thumb/v7e-m+fp/softfp\libc_nano.a(libc_a-reallocr.o)
                0x0800a0f4                _realloc_r
 .text._malloc_usable_size_r
                0x0800a150       0x10 C:/ST/STM32CubeIDE_1.11.2/STM32CubeIDE/plugins/com.st.stm32cube.ide.mcu.externaltools.gnu-tools-for-stm32.12.3.rel1.win32_1.1.0.202410251130/tools/bin/../lib/gcc/arm-none-eabi/12.3.1/../../../../arm-none-eabi/lib/thumb/v7e-m+fp/softfp\libc_nano.a(libc_a-msizer.o)
                0x0800a150                _malloc_usable_size_r
 .text.cos      0x0800a160       0x8c C:/ST/STM32CubeIDE_1.11.2/STM32CubeIDE/plugins/com.st.stm32cube.ide.mcu.externaltools.gnu-tools-for-stm32.12.3.rel1.win32_1.1.0.202410251130/tools/bin/../lib/gcc/arm-none-eabi/12.3.1/../../../../arm-none-eabi/lib/thumb/v7e-m+fp/softfp\libm.a(libm_a-s_cos.o)
                0x0800a160                cos
 .text.fabs     0x0800a1ec        0x8 C:/ST/STM32CubeIDE_1.11.2/STM32CubeIDE/plugins/com.st.stm32cube.ide.mcu.externaltools.gnu-tools-for-stm32.12.3.rel1.win32_1.1.0.202410251130/tools/bin/../lib/gcc/arm-none-eabi/12.3.1/../../../../arm-none-eabi/lib/thumb/v7e-m+fp/softfp\libm.a(libm_a-s_fabs.o)
                0x0800a1ec                fabs
 .text.sin      0x0800a1f4       0x8c C:/ST/STM32CubeIDE_1.11.2/STM32CubeIDE/plugins/com.st.stm32cube.ide.mcu.externaltools.gnu-tools-for-stm32.12.3.rel1.win32_1.1.0.202410251130/tools/bin/../lib/gcc/arm-none-eabi/12.3.1/../../../../arm-none-eabi/lib/thumb/v7e-m+fp/softfp\libm.a(libm_a-s_sin.o)
                0x0800a1f4                sin
 .text.atan2f   0x0800a280        0x4 C:/ST/STM32CubeIDE_1.11.2/STM32CubeIDE/plugins/com.st.stm32cube.ide.mcu.externaltools.gnu-tools-for-stm32.12.3.rel1.win32_1.1.0.202410251130/tools/bin/../lib/gcc/arm-none-eabi/12.3.1/../../../../arm-none-eabi/lib/thumb/v7e-m+fp/softfp\libm.a(libm_a-wf_atan2.o)
                0x0800a280                atan2f
 .text.sqrtf    0x0800a284       0x44 C:/ST/STM32CubeIDE_1.11.2/STM32CubeIDE/plugins/com.st.stm32cube.ide.mcu.externaltools.gnu-tools-for-stm32.12.3.rel1.win32_1.1.0.202410251130/tools/bin/../lib/gcc/arm-none-eabi/12.3.1/../../../../arm-none-eabi/lib/thumb/v7e-m+fp/softfp\libm.a(libm_a-wf_sqrt.o)
                0x0800a284                sqrtf
 .text.__ieee754_sqrtf
                0x0800a2c8        0xe C:/ST/STM32CubeIDE_1.11.2/STM32CubeIDE/plugins/com.st.stm32cube.ide.mcu.externaltools.gnu-tools-for-stm32.12.3.rel1.win32_1.1.0.202410251130/tools/bin/../lib/gcc/arm-none-eabi/12.3.1/../../../../arm-none-eabi/lib/thumb/v7e-m+fp/softfp\libm.a(libm_a-ef_sqrt.o)
                0x0800a2c8                __ieee754_sqrtf
 *fill*         0x0800a2d6        0x2 
 .text.floor    0x0800a2d8      0x100 C:/ST/STM32CubeIDE_1.11.2/STM32CubeIDE/plugins/com.st.stm32cube.ide.mcu.externaltools.gnu-tools-for-stm32.12.3.rel1.win32_1.1.0.202410251130/tools/bin/../lib/gcc/arm-none-eabi/12.3.1/../../../../arm-none-eabi/lib/thumb/v7e-m+fp/softfp\libm.a(libm_a-s_floor.o)
                0x0800a2d8                floor
 .text.__kernel_cos
                0x0800a3d8      0x17c C:/ST/STM32CubeIDE_1.11.2/STM32CubeIDE/plugins/com.st.stm32cube.ide.mcu.externaltools.gnu-tools-for-stm32.12.3.rel1.win32_1.1.0.202410251130/tools/bin/../lib/gcc/arm-none-eabi/12.3.1/../../../../arm-none-eabi/lib/thumb/v7e-m+fp/softfp\libm.a(libm_a-k_cos.o)
                0x0800a3d8                __kernel_cos
 *fill*         0x0800a554        0x4 
 .text.__kernel_sin
                0x0800a558      0x16c C:/ST/STM32CubeIDE_1.11.2/STM32CubeIDE/plugins/com.st.stm32cube.ide.mcu.externaltools.gnu-tools-for-stm32.12.3.rel1.win32_1.1.0.202410251130/tools/bin/../lib/gcc/arm-none-eabi/12.3.1/../../../../arm-none-eabi/lib/thumb/v7e-m+fp/softfp\libm.a(libm_a-k_sin.o)
                0x0800a558                __kernel_sin
 *fill*         0x0800a6c4        0x4 
 .text.__ieee754_rem_pio2
                0x0800a6c8      0x3ec C:/ST/STM32CubeIDE_1.11.2/STM32CubeIDE/plugins/com.st.stm32cube.ide.mcu.externaltools.gnu-tools-for-stm32.12.3.rel1.win32_1.1.0.202410251130/tools/bin/../lib/gcc/arm-none-eabi/12.3.1/../../../../arm-none-eabi/lib/thumb/v7e-m+fp/softfp\libm.a(libm_a-e_rem_pio2.o)
                0x0800a6c8                __ieee754_rem_pio2
 .text.__ieee754_atan2f
                0x0800aab4      0x144 C:/ST/STM32CubeIDE_1.11.2/STM32CubeIDE/plugins/com.st.stm32cube.ide.mcu.externaltools.gnu-tools-for-stm32.12.3.rel1.win32_1.1.0.202410251130/tools/bin/../lib/gcc/arm-none-eabi/12.3.1/../../../../arm-none-eabi/lib/thumb/v7e-m+fp/softfp\libm.a(libm_a-ef_atan2.o)
                0x0800aab4                __ieee754_atan2f
 .text.atanf    0x0800abf8      0x1ac C:/ST/STM32CubeIDE_1.11.2/STM32CubeIDE/plugins/com.st.stm32cube.ide.mcu.externaltools.gnu-tools-for-stm32.12.3.rel1.win32_1.1.0.202410251130/tools/bin/../lib/gcc/arm-none-eabi/12.3.1/../../../../arm-none-eabi/lib/thumb/v7e-m+fp/softfp\libm.a(libm_a-sf_atan.o)
                0x0800abf8                atanf
 .text.fabsf    0x0800ada4        0x6 C:/ST/STM32CubeIDE_1.11.2/STM32CubeIDE/plugins/com.st.stm32cube.ide.mcu.externaltools.gnu-tools-for-stm32.12.3.rel1.win32_1.1.0.202410251130/tools/bin/../lib/gcc/arm-none-eabi/12.3.1/../../../../arm-none-eabi/lib/thumb/v7e-m+fp/softfp\libm.a(libm_a-sf_fabs.o)
                0x0800ada4                fabsf
 *fill*         0x0800adaa        0x6 
 .text.scalbn   0x0800adb0       0xf4 C:/ST/STM32CubeIDE_1.11.2/STM32CubeIDE/plugins/com.st.stm32cube.ide.mcu.externaltools.gnu-tools-for-stm32.12.3.rel1.win32_1.1.0.202410251130/tools/bin/../lib/gcc/arm-none-eabi/12.3.1/../../../../arm-none-eabi/lib/thumb/v7e-m+fp/softfp\libm.a(libm_a-s_scalbn.o)
                0x0800adb0                scalbn
 *fill*         0x0800aea4        0x4 
 .text.__kernel_rem_pio2
                0x0800aea8      0x688 C:/ST/STM32CubeIDE_1.11.2/STM32CubeIDE/plugins/com.st.stm32cube.ide.mcu.externaltools.gnu-tools-for-stm32.12.3.rel1.win32_1.1.0.202410251130/tools/bin/../lib/gcc/arm-none-eabi/12.3.1/../../../../arm-none-eabi/lib/thumb/v7e-m+fp/softfp\libm.a(libm_a-k_rem_pio2.o)
                0x0800aea8                __kernel_rem_pio2
 *(.glue_7)
 .glue_7        0x0800b530        0x0 linker stubs
 *(.glue_7t)
 .glue_7t       0x0800b530        0x0 linker stubs
 *(.eh_frame)
 .eh_frame      0x0800b530        0x0 C:/ST/STM32CubeIDE_1.11.2/STM32CubeIDE/plugins/com.st.stm32cube.ide.mcu.externaltools.gnu-tools-for-stm32.12.3.rel1.win32_1.1.0.202410251130/tools/bin/../lib/gcc/arm-none-eabi/12.3.1/thumb/v7e-m+fp/softfp/crtbegin.o
 *(.init)
 .init          0x0800b530        0x4 C:/ST/STM32CubeIDE_1.11.2/STM32CubeIDE/plugins/com.st.stm32cube.ide.mcu.externaltools.gnu-tools-for-stm32.12.3.rel1.win32_1.1.0.202410251130/tools/bin/../lib/gcc/arm-none-eabi/12.3.1/thumb/v7e-m+fp/softfp/crti.o
                0x0800b530                _init
 .init          0x0800b534        0x8 C:/ST/STM32CubeIDE_1.11.2/STM32CubeIDE/plugins/com.st.stm32cube.ide.mcu.externaltools.gnu-tools-for-stm32.12.3.rel1.win32_1.1.0.202410251130/tools/bin/../lib/gcc/arm-none-eabi/12.3.1/thumb/v7e-m+fp/softfp/crtn.o
 *(.fini)
 .fini          0x0800b53c        0x4 C:/ST/STM32CubeIDE_1.11.2/STM32CubeIDE/plugins/com.st.stm32cube.ide.mcu.externaltools.gnu-tools-for-stm32.12.3.rel1.win32_1.1.0.202410251130/tools/bin/../lib/gcc/arm-none-eabi/12.3.1/thumb/v7e-m+fp/softfp/crti.o
                0x0800b53c                _fini
 .fini          0x0800b540        0x8 C:/ST/STM32CubeIDE_1.11.2/STM32CubeIDE/plugins/com.st.stm32cube.ide.mcu.externaltools.gnu-tools-for-stm32.12.3.rel1.win32_1.1.0.202410251130/tools/bin/../lib/gcc/arm-none-eabi/12.3.1/thumb/v7e-m+fp/softfp/crtn.o
                0x0800b548                        . = ALIGN (0x4)
                0x0800b548                        _etext = .

.vfp11_veneer   0x0800b548        0x0
 .vfp11_veneer  0x0800b548        0x0 linker stubs

.v4_bx          0x0800b548        0x0
 .v4_bx         0x0800b548        0x0 linker stubs

.iplt           0x0800b548        0x0
 .iplt          0x0800b548        0x0 C:/ST/STM32CubeIDE_1.11.2/STM32CubeIDE/plugins/com.st.stm32cube.ide.mcu.externaltools.gnu-tools-for-stm32.12.3.rel1.win32_1.1.0.202410251130/tools/bin/../lib/gcc/arm-none-eabi/12.3.1/thumb/v7e-m+fp/softfp/crtbegin.o

.rodata         0x0800b548    0x13718
                0x0800b548                        . = ALIGN (0x4)
 *(.rodata)
 .rodata        0x0800b548       0x30 ./Core/Src/main.o
 *(.rodata*)
 .rodata.AHBPrescTable
                0x0800b578       0x10 ./Core/Src/system_stm32l4xx.o
                0x0800b578                AHBPrescTable
 .rodata.APBPrescTable
                0x0800b588        0x8 ./Core/Src/system_stm32l4xx.o
                0x0800b588                APBPrescTable
 .rodata.MSIRangeTable
                0x0800b590       0x30 ./Core/Src/system_stm32l4xx.o
                0x0800b590                MSIRangeTable
 .rodata.twiddleCoef_2048
                0x0800b5c0     0x4000 C:\Users\jensc\STM32CubeIDE\workspace_1.11.2\MZMbias\phase-shift-meas\lib\libarm_cortexM4l_math.a(arm_common_tables.o)
                0x0800b5c0                twiddleCoef_2048
 .rodata.twiddleCoef_rfft_64
                0x0800f5c0      0x100 C:\Users\jensc\STM32CubeIDE\workspace_1.11.2\MZMbias\phase-shift-meas\lib\libarm_cortexM4l_math.a(arm_common_tables.o)
                0x0800f5c0                twiddleCoef_rfft_64
 .rodata.armBitRevIndexTable64
                0x0800f6c0       0x70 C:\Users\jensc\STM32CubeIDE\workspace_1.11.2\MZMbias\phase-shift-meas\lib\libarm_cortexM4l_math.a(arm_common_tables.o)
                0x0800f6c0                armBitRevIndexTable64
 .rodata.twiddleCoef_rfft_2048
                0x0800f730     0x2000 C:\Users\jensc\STM32CubeIDE\workspace_1.11.2\MZMbias\phase-shift-meas\lib\libarm_cortexM4l_math.a(arm_common_tables.o)
                0x0800f730                twiddleCoef_rfft_2048
 .rodata.twiddleCoef_rfft_4096
                0x08011730     0x4000 C:\Users\jensc\STM32CubeIDE\workspace_1.11.2\MZMbias\phase-shift-meas\lib\libarm_cortexM4l_math.a(arm_common_tables.o)
                0x08011730                twiddleCoef_rfft_4096
 .rodata.twiddleCoef_256
                0x08015730      0x800 C:\Users\jensc\STM32CubeIDE\workspace_1.11.2\MZMbias\phase-shift-meas\lib\libarm_cortexM4l_math.a(arm_common_tables.o)
                0x08015730                twiddleCoef_256
 .rodata.twiddleCoef_16
                0x08015f30       0x80 C:\Users\jensc\STM32CubeIDE\workspace_1.11.2\MZMbias\phase-shift-meas\lib\libarm_cortexM4l_math.a(arm_common_tables.o)
                0x08015f30                twiddleCoef_16
 .rodata.twiddleCoef_1024
                0x08015fb0     0x2000 C:\Users\jensc\STM32CubeIDE\workspace_1.11.2\MZMbias\phase-shift-meas\lib\libarm_cortexM4l_math.a(arm_common_tables.o)
                0x08015fb0                twiddleCoef_1024
 .rodata.twiddleCoef_32
                0x08017fb0      0x100 C:\Users\jensc\STM32CubeIDE\workspace_1.11.2\MZMbias\phase-shift-meas\lib\libarm_cortexM4l_math.a(arm_common_tables.o)
                0x08017fb0                twiddleCoef_32
 .rodata.armBitRevIndexTable1024
                0x080180b0      0xe10 C:\Users\jensc\STM32CubeIDE\workspace_1.11.2\MZMbias\phase-shift-meas\lib\libarm_cortexM4l_math.a(arm_common_tables.o)
                0x080180b0                armBitRevIndexTable1024
 .rodata.armBitRevIndexTable16
                0x08018ec0       0x28 C:\Users\jensc\STM32CubeIDE\workspace_1.11.2\MZMbias\phase-shift-meas\lib\libarm_cortexM4l_math.a(arm_common_tables.o)
                0x08018ec0                armBitRevIndexTable16
 .rodata.twiddleCoef_rfft_32
                0x08018ee8       0x80 C:\Users\jensc\STM32CubeIDE\workspace_1.11.2\MZMbias\phase-shift-meas\lib\libarm_cortexM4l_math.a(arm_common_tables.o)
                0x08018ee8                twiddleCoef_rfft_32
 .rodata.armBitRevIndexTable32
                0x08018f68       0x60 C:\Users\jensc\STM32CubeIDE\workspace_1.11.2\MZMbias\phase-shift-meas\lib\libarm_cortexM4l_math.a(arm_common_tables.o)
                0x08018f68                armBitRevIndexTable32
 .rodata.twiddleCoef_128
                0x08018fc8      0x400 C:\Users\jensc\STM32CubeIDE\workspace_1.11.2\MZMbias\phase-shift-meas\lib\libarm_cortexM4l_math.a(arm_common_tables.o)
                0x08018fc8                twiddleCoef_128
 .rodata.twiddleCoef_512
                0x080193c8     0x1000 C:\Users\jensc\STM32CubeIDE\workspace_1.11.2\MZMbias\phase-shift-meas\lib\libarm_cortexM4l_math.a(arm_common_tables.o)
                0x080193c8                twiddleCoef_512
 .rodata.armBitRevIndexTable2048
                0x0801a3c8     0x1dc0 C:\Users\jensc\STM32CubeIDE\workspace_1.11.2\MZMbias\phase-shift-meas\lib\libarm_cortexM4l_math.a(arm_common_tables.o)
                0x0801a3c8                armBitRevIndexTable2048
 .rodata.twiddleCoef_64
                0x0801c188      0x200 C:\Users\jensc\STM32CubeIDE\workspace_1.11.2\MZMbias\phase-shift-meas\lib\libarm_cortexM4l_math.a(arm_common_tables.o)
                0x0801c188                twiddleCoef_64
 .rodata.twiddleCoef_rfft_512
                0x0801c388      0x800 C:\Users\jensc\STM32CubeIDE\workspace_1.11.2\MZMbias\phase-shift-meas\lib\libarm_cortexM4l_math.a(arm_common_tables.o)
                0x0801c388                twiddleCoef_rfft_512
 .rodata.armBitRevIndexTable512
                0x0801cb88      0x380 C:\Users\jensc\STM32CubeIDE\workspace_1.11.2\MZMbias\phase-shift-meas\lib\libarm_cortexM4l_math.a(arm_common_tables.o)
                0x0801cb88                armBitRevIndexTable512
 .rodata.twiddleCoef_rfft_1024
                0x0801cf08     0x1000 C:\Users\jensc\STM32CubeIDE\workspace_1.11.2\MZMbias\phase-shift-meas\lib\libarm_cortexM4l_math.a(arm_common_tables.o)
                0x0801cf08                twiddleCoef_rfft_1024
 .rodata.twiddleCoef_rfft_256
                0x0801df08      0x400 C:\Users\jensc\STM32CubeIDE\workspace_1.11.2\MZMbias\phase-shift-meas\lib\libarm_cortexM4l_math.a(arm_common_tables.o)
                0x0801df08                twiddleCoef_rfft_256
 .rodata.armBitRevIndexTable256
                0x0801e308      0x370 C:\Users\jensc\STM32CubeIDE\workspace_1.11.2\MZMbias\phase-shift-meas\lib\libarm_cortexM4l_math.a(arm_common_tables.o)
                0x0801e308                armBitRevIndexTable256
 .rodata.twiddleCoef_rfft_128
                0x0801e678      0x200 C:\Users\jensc\STM32CubeIDE\workspace_1.11.2\MZMbias\phase-shift-meas\lib\libarm_cortexM4l_math.a(arm_common_tables.o)
                0x0801e678                twiddleCoef_rfft_128
 .rodata.armBitRevIndexTable128
                0x0801e878      0x1a0 C:\Users\jensc\STM32CubeIDE\workspace_1.11.2\MZMbias\phase-shift-meas\lib\libarm_cortexM4l_math.a(arm_common_tables.o)
                0x0801e878                armBitRevIndexTable128
 .rodata._svfprintf_r.str1.1
                0x0801ea18       0x11 C:/ST/STM32CubeIDE_1.11.2/STM32CubeIDE/plugins/com.st.stm32cube.ide.mcu.externaltools.gnu-tools-for-stm32.12.3.rel1.win32_1.1.0.202410251130/tools/bin/../lib/gcc/arm-none-eabi/12.3.1/../../../../arm-none-eabi/lib/thumb/v7e-m+fp/softfp\libc_nano.a(libc_a-nano-svfprintf.o)
 .rodata._printf_i.str1.1
                0x0801ea29       0x22 C:/ST/STM32CubeIDE_1.11.2/STM32CubeIDE/plugins/com.st.stm32cube.ide.mcu.externaltools.gnu-tools-for-stm32.12.3.rel1.win32_1.1.0.202410251130/tools/bin/../lib/gcc/arm-none-eabi/12.3.1/../../../../arm-none-eabi/lib/thumb/v7e-m+fp/softfp\libc_nano.a(libc_a-nano-vfprintf_i.o)
 *fill*         0x0801ea4b        0x1 
 .rodata.npio2_hw
                0x0801ea4c       0x80 C:/ST/STM32CubeIDE_1.11.2/STM32CubeIDE/plugins/com.st.stm32cube.ide.mcu.externaltools.gnu-tools-for-stm32.12.3.rel1.win32_1.1.0.202410251130/tools/bin/../lib/gcc/arm-none-eabi/12.3.1/../../../../arm-none-eabi/lib/thumb/v7e-m+fp/softfp\libm.a(libm_a-e_rem_pio2.o)
 .rodata.two_over_pi
                0x0801eacc      0x108 C:/ST/STM32CubeIDE_1.11.2/STM32CubeIDE/plugins/com.st.stm32cube.ide.mcu.externaltools.gnu-tools-for-stm32.12.3.rel1.win32_1.1.0.202410251130/tools/bin/../lib/gcc/arm-none-eabi/12.3.1/../../../../arm-none-eabi/lib/thumb/v7e-m+fp/softfp\libm.a(libm_a-e_rem_pio2.o)
 .rodata.CSWTCH.9
                0x0801ebd4        0xc C:/ST/STM32CubeIDE_1.11.2/STM32CubeIDE/plugins/com.st.stm32cube.ide.mcu.externaltools.gnu-tools-for-stm32.12.3.rel1.win32_1.1.0.202410251130/tools/bin/../lib/gcc/arm-none-eabi/12.3.1/../../../../arm-none-eabi/lib/thumb/v7e-m+fp/softfp\libm.a(libm_a-ef_atan2.o)
 .rodata.CSWTCH.8
                0x0801ebe0        0xc C:/ST/STM32CubeIDE_1.11.2/STM32CubeIDE/plugins/com.st.stm32cube.ide.mcu.externaltools.gnu-tools-for-stm32.12.3.rel1.win32_1.1.0.202410251130/tools/bin/../lib/gcc/arm-none-eabi/12.3.1/../../../../arm-none-eabi/lib/thumb/v7e-m+fp/softfp\libm.a(libm_a-ef_atan2.o)
 .rodata.atanlo
                0x0801ebec       0x10 C:/ST/STM32CubeIDE_1.11.2/STM32CubeIDE/plugins/com.st.stm32cube.ide.mcu.externaltools.gnu-tools-for-stm32.12.3.rel1.win32_1.1.0.202410251130/tools/bin/../lib/gcc/arm-none-eabi/12.3.1/../../../../arm-none-eabi/lib/thumb/v7e-m+fp/softfp\libm.a(libm_a-sf_atan.o)
 .rodata.atanhi
                0x0801ebfc       0x10 C:/ST/STM32CubeIDE_1.11.2/STM32CubeIDE/plugins/com.st.stm32cube.ide.mcu.externaltools.gnu-tools-for-stm32.12.3.rel1.win32_1.1.0.202410251130/tools/bin/../lib/gcc/arm-none-eabi/12.3.1/../../../../arm-none-eabi/lib/thumb/v7e-m+fp/softfp\libm.a(libm_a-sf_atan.o)
 *fill*         0x0801ec0c        0x4 
 .rodata.PIo2   0x0801ec10       0x40 C:/ST/STM32CubeIDE_1.11.2/STM32CubeIDE/plugins/com.st.stm32cube.ide.mcu.externaltools.gnu-tools-for-stm32.12.3.rel1.win32_1.1.0.202410251130/tools/bin/../lib/gcc/arm-none-eabi/12.3.1/../../../../arm-none-eabi/lib/thumb/v7e-m+fp/softfp\libm.a(libm_a-k_rem_pio2.o)
 .rodata.init_jk
                0x0801ec50       0x10 C:/ST/STM32CubeIDE_1.11.2/STM32CubeIDE/plugins/com.st.stm32cube.ide.mcu.externaltools.gnu-tools-for-stm32.12.3.rel1.win32_1.1.0.202410251130/tools/bin/../lib/gcc/arm-none-eabi/12.3.1/../../../../arm-none-eabi/lib/thumb/v7e-m+fp/softfp\libm.a(libm_a-k_rem_pio2.o)
                0x0801ec60                        . = ALIGN (0x4)

.ARM.extab      0x0801ec60        0x0
                0x0801ec60                        . = ALIGN (0x4)
 *(.ARM.extab* .gnu.linkonce.armextab.*)
                0x0801ec60                        . = ALIGN (0x4)

.ARM            0x0801ec60        0x8
                0x0801ec60                        . = ALIGN (0x4)
                0x0801ec60                        __exidx_start = .
 *(.ARM.exidx*)
 .ARM.exidx     0x0801ec60        0x8 C:/ST/STM32CubeIDE_1.11.2/STM32CubeIDE/plugins/com.st.stm32cube.ide.mcu.externaltools.gnu-tools-for-stm32.12.3.rel1.win32_1.1.0.202410251130/tools/bin/../lib/gcc/arm-none-eabi/12.3.1/../../../../arm-none-eabi/lib/thumb/v7e-m+fp/softfp\libc_nano.a(libc_a-strlen.o)
 .ARM.exidx     0x0801ec68        0x0 C:/ST/STM32CubeIDE_1.11.2/STM32CubeIDE/plugins/com.st.stm32cube.ide.mcu.externaltools.gnu-tools-for-stm32.12.3.rel1.win32_1.1.0.202410251130/tools/bin/../lib/gcc/arm-none-eabi/12.3.1/../../../../arm-none-eabi/lib/thumb/v7e-m+fp/softfp\libc_nano.a(libc_a-memchr.o)
                                  0x8 (size before relaxing)
 .ARM.exidx     0x0801ec68        0x0 C:/ST/STM32CubeIDE_1.11.2/STM32CubeIDE/plugins/com.st.stm32cube.ide.mcu.externaltools.gnu-tools-for-stm32.12.3.rel1.win32_1.1.0.202410251130/tools/bin/../lib/gcc/arm-none-eabi/12.3.1/thumb/v7e-m+fp/softfp\libgcc.a(_udivmoddi4.o)
                                  0x8 (size before relaxing)
                0x0801ec68                        __exidx_end = .
                0x0801ec68                        . = ALIGN (0x4)

.preinit_array  0x0801ec68        0x0
                0x0801ec68                        . = ALIGN (0x4)
                0x0801ec68                        PROVIDE (__preinit_array_start = .)
 *(.preinit_array*)
                0x0801ec68                        PROVIDE (__preinit_array_end = .)
                0x0801ec68                        . = ALIGN (0x4)

.init_array     0x0801ec68        0x4
                0x0801ec68                        . = ALIGN (0x4)
                0x0801ec68                        PROVIDE (__init_array_start = .)
 *(SORT_BY_NAME(.init_array.*))
 *(.init_array*)
 .init_array    0x0801ec68        0x4 C:/ST/STM32CubeIDE_1.11.2/STM32CubeIDE/plugins/com.st.stm32cube.ide.mcu.externaltools.gnu-tools-for-stm32.12.3.rel1.win32_1.1.0.202410251130/tools/bin/../lib/gcc/arm-none-eabi/12.3.1/thumb/v7e-m+fp/softfp/crtbegin.o
                0x0801ec6c                        PROVIDE (__init_array_end = .)
                0x0801ec6c                        . = ALIGN (0x4)

.fini_array     0x0801ec6c        0x4
                0x0801ec6c                        . = ALIGN (0x4)
                [!provide]                        PROVIDE (__fini_array_start = .)
 *(SORT_BY_NAME(.fini_array.*))
 *(.fini_array*)
 .fini_array    0x0801ec6c        0x4 C:/ST/STM32CubeIDE_1.11.2/STM32CubeIDE/plugins/com.st.stm32cube.ide.mcu.externaltools.gnu-tools-for-stm32.12.3.rel1.win32_1.1.0.202410251130/tools/bin/../lib/gcc/arm-none-eabi/12.3.1/thumb/v7e-m+fp/softfp/crtbegin.o
                [!provide]                        PROVIDE (__fini_array_end = .)
                0x0801ec70                        . = ALIGN (0x4)
                0x0801ec70                        _sidata = LOADADDR (.data)

.rel.dyn        0x0801ec70        0x0
 .rel.iplt      0x0801ec70        0x0 C:/ST/STM32CubeIDE_1.11.2/STM32CubeIDE/plugins/com.st.stm32cube.ide.mcu.externaltools.gnu-tools-for-stm32.12.3.rel1.win32_1.1.0.202410251130/tools/bin/../lib/gcc/arm-none-eabi/12.3.1/thumb/v7e-m+fp/softfp/crtbegin.o

.data           0x20000000       0x60 load address 0x0801ec70
                0x20000000                        . = ALIGN (0x4)
                0x20000000                        _sdata = .
 *(.data)
 *(.data*)
 .data.sample_count_1khz
                0x20000000        0x2 ./Core/Src/main.o
                0x20000000                sample_count_1khz
 *fill*         0x20000002        0x2 
 .data.SystemCoreClock
                0x20000004        0x4 ./Core/Src/system_stm32l4xx.o
                0x20000004                SystemCoreClock
 .data.uwTickPrio
                0x20000008        0x4 ./Drivers/STM32L4xx_HAL_Driver/Src/stm32l4xx_hal.o
                0x20000008                uwTickPrio
 .data.uwTickFreq
                0x2000000c        0x1 ./Drivers/STM32L4xx_HAL_Driver/Src/stm32l4xx_hal.o
                0x2000000c                uwTickFreq
 *fill*         0x2000000d        0x3 
 .data._impure_ptr
                0x20000010        0x4 C:/ST/STM32CubeIDE_1.11.2/STM32CubeIDE/plugins/com.st.stm32cube.ide.mcu.externaltools.gnu-tools-for-stm32.12.3.rel1.win32_1.1.0.202410251130/tools/bin/../lib/gcc/arm-none-eabi/12.3.1/../../../../arm-none-eabi/lib/thumb/v7e-m+fp/softfp\libc_nano.a(libc_a-impure.o)
                0x20000010                _impure_ptr
 .data._impure_data
                0x20000014       0x4c C:/ST/STM32CubeIDE_1.11.2/STM32CubeIDE/plugins/com.st.stm32cube.ide.mcu.externaltools.gnu-tools-for-stm32.12.3.rel1.win32_1.1.0.202410251130/tools/bin/../lib/gcc/arm-none-eabi/12.3.1/../../../../arm-none-eabi/lib/thumb/v7e-m+fp/softfp\libc_nano.a(libc_a-impure.o)
                0x20000014                _impure_data
 *(.RamFunc)
 *(.RamFunc*)
                0x20000060                        . = ALIGN (0x4)
                0x20000060                        _edata = .

.igot.plt       0x20000060        0x0 load address 0x0801ecd0
 .igot.plt      0x20000060        0x0 C:/ST/STM32CubeIDE_1.11.2/STM32CubeIDE/plugins/com.st.stm32cube.ide.mcu.externaltools.gnu-tools-for-stm32.12.3.rel1.win32_1.1.0.202410251130/tools/bin/../lib/gcc/arm-none-eabi/12.3.1/thumb/v7e-m+fp/softfp/crtbegin.o
                0x20000060                        . = ALIGN (0x4)

.bss            0x20000060     0x7584 load address 0x0801ecd0
                0x20000060                        _sbss = .
                0x20000060                        __bss_start__ = _sbss
 *(.bss)
 .bss           0x20000060       0x1c C:/ST/STM32CubeIDE_1.11.2/STM32CubeIDE/plugins/com.st.stm32cube.ide.mcu.externaltools.gnu-tools-for-stm32.12.3.rel1.win32_1.1.0.202410251130/tools/bin/../lib/gcc/arm-none-eabi/12.3.1/thumb/v7e-m+fp/softfp/crtbegin.o
 *(.bss*)
 .bss.hadc1     0x2000007c       0x64 ./Core/Src/main.o
                0x2000007c                hadc1
 .bss.hdma_adc1
                0x200000e0       0x48 ./Core/Src/main.o
                0x200000e0                hdma_adc1
 .bss.hdac1     0x20000128       0x14 ./Core/Src/main.o
                0x20000128                hdac1
 .bss.hdma_dac_ch2
                0x2000013c       0x48 ./Core/Src/main.o
                0x2000013c                hdma_dac_ch2
 .bss.htim1     0x20000184       0x4c ./Core/Src/main.o
                0x20000184                htim1
 .bss.htim6     0x200001d0       0x4c ./Core/Src/main.o
                0x200001d0                htim6
 .bss.huart2    0x2000021c       0x88 ./Core/Src/main.o
                0x2000021c                huart2
 .bss.sine_val  0x200002a4      0x190 ./Core/Src/main.o
                0x200002a4                sine_val
 .bss.hanning_array
                0x20000434     0x1000 ./Core/Src/main.o
                0x20000434                hanning_array
 .bss.fftHandler
                0x20001434       0x18 ./Core/Src/main.o
                0x20001434                fftHandler
 .bss.ADC_val   0x2000144c     0x2000 ./Core/Src/main.o
                0x2000144c                ADC_val
 .bss.fftBufIn  0x2000344c     0x2000 ./Core/Src/main.o
                0x2000344c                fftBufIn
 .bss.fftBufOut
                0x2000544c     0x2000 ./Core/Src/main.o
                0x2000544c                fftBufOut
 .bss.data      0x2000744c       0x32 ./Core/Src/main.o
                0x2000744c                data
 .bss.fft_count
                0x2000747e        0x2 ./Core/Src/main.o
                0x2000747e                fft_count
 .bss.avg       0x20007480        0x4 ./Core/Src/main.o
                0x20007480                avg
 .bss.freq_mag  0x20007484        0xc ./Core/Src/main.o
                0x20007484                freq_mag
 .bss.avgPhaseShift
                0x20007490        0x4 ./Core/Src/main.o
                0x20007490                avgPhaseShift
 .bss.__sbrk_heap_end
                0x20007494        0x4 ./Core/Src/sysmem.o
 .bss.uwTick    0x20007498        0x4 ./Drivers/STM32L4xx_HAL_Driver/Src/stm32l4xx_hal.o
                0x20007498                uwTick
 .bss.__sf      0x2000749c      0x138 C:/ST/STM32CubeIDE_1.11.2/STM32CubeIDE/plugins/com.st.stm32cube.ide.mcu.externaltools.gnu-tools-for-stm32.12.3.rel1.win32_1.1.0.202410251130/tools/bin/../lib/gcc/arm-none-eabi/12.3.1/../../../../arm-none-eabi/lib/thumb/v7e-m+fp/softfp\libc_nano.a(libc_a-findfp.o)
                0x2000749c                __sf
 .bss.errno     0x200075d4        0x4 C:/ST/STM32CubeIDE_1.11.2/STM32CubeIDE/plugins/com.st.stm32cube.ide.mcu.externaltools.gnu-tools-for-stm32.12.3.rel1.win32_1.1.0.202410251130/tools/bin/../lib/gcc/arm-none-eabi/12.3.1/../../../../arm-none-eabi/lib/thumb/v7e-m+fp/softfp\libc_nano.a(libc_a-reent.o)
                0x200075d4                errno
 .bss.__lock___malloc_recursive_mutex
                0x200075d8        0x1 C:/ST/STM32CubeIDE_1.11.2/STM32CubeIDE/plugins/com.st.stm32cube.ide.mcu.externaltools.gnu-tools-for-stm32.12.3.rel1.win32_1.1.0.202410251130/tools/bin/../lib/gcc/arm-none-eabi/12.3.1/../../../../arm-none-eabi/lib/thumb/v7e-m+fp/softfp\libc_nano.a(libc_a-lock.o)
                0x200075d8                __lock___malloc_recursive_mutex
 *fill*         0x200075d9        0x3 
 .bss.__malloc_sbrk_start
                0x200075dc        0x4 C:/ST/STM32CubeIDE_1.11.2/STM32CubeIDE/plugins/com.st.stm32cube.ide.mcu.externaltools.gnu-tools-for-stm32.12.3.rel1.win32_1.1.0.202410251130/tools/bin/../lib/gcc/arm-none-eabi/12.3.1/../../../../arm-none-eabi/lib/thumb/v7e-m+fp/softfp\libc_nano.a(libc_a-mallocr.o)
                0x200075dc                __malloc_sbrk_start
 .bss.__malloc_free_list
                0x200075e0        0x4 C:/ST/STM32CubeIDE_1.11.2/STM32CubeIDE/plugins/com.st.stm32cube.ide.mcu.externaltools.gnu-tools-for-stm32.12.3.rel1.win32_1.1.0.202410251130/tools/bin/../lib/gcc/arm-none-eabi/12.3.1/../../../../arm-none-eabi/lib/thumb/v7e-m+fp/softfp\libc_nano.a(libc_a-mallocr.o)
                0x200075e0                __malloc_free_list
 *(COMMON)
                0x200075e4                        . = ALIGN (0x4)
                0x200075e4                        _ebss = .
                0x200075e4                        __bss_end__ = _ebss

._user_heap_stack
                0x200075e4      0x604 load address 0x0801ecd0
                0x200075e8                        . = ALIGN (0x8)
 *fill*         0x200075e4        0x4 
                [!provide]                        PROVIDE (end = .)
                0x200075e8                        PROVIDE (_end = .)
                0x200077e8                        . = (. + _Min_Heap_Size)
 *fill*         0x200075e8      0x200 
                0x20007be8                        . = (. + _Min_Stack_Size)
 *fill*         0x200077e8      0x400 
                0x20007be8                        . = ALIGN (0x8)

/DISCARD/
 libc.a(*)
 libm.a(*)
 libgcc.a(*)

.ARM.attributes
                0x00000000       0x2e
 *(.ARM.attributes)
 .ARM.attributes
                0x00000000       0x22 C:/ST/STM32CubeIDE_1.11.2/STM32CubeIDE/plugins/com.st.stm32cube.ide.mcu.externaltools.gnu-tools-for-stm32.12.3.rel1.win32_1.1.0.202410251130/tools/bin/../lib/gcc/arm-none-eabi/12.3.1/thumb/v7e-m+fp/softfp/crti.o
 .ARM.attributes
                0x00000022       0x32 C:/ST/STM32CubeIDE_1.11.2/STM32CubeIDE/plugins/com.st.stm32cube.ide.mcu.externaltools.gnu-tools-for-stm32.12.3.rel1.win32_1.1.0.202410251130/tools/bin/../lib/gcc/arm-none-eabi/12.3.1/thumb/v7e-m+fp/softfp/crtbegin.o
 .ARM.attributes
                0x00000054       0x32 ./Core/Src/main.o
 .ARM.attributes
                0x00000086       0x32 ./Core/Src/stm32l4xx_hal_msp.o
 .ARM.attributes
                0x000000b8       0x32 ./Core/Src/stm32l4xx_it.o
 .ARM.attributes
                0x000000ea       0x32 ./Core/Src/sysmem.o
 .ARM.attributes
                0x0000011c       0x32 ./Core/Src/system_stm32l4xx.o
 .ARM.attributes
                0x0000014e       0x21 ./Core/Startup/startup_stm32l476rgtx.o
 .ARM.attributes
                0x0000016f       0x32 ./Drivers/STM32L4xx_HAL_Driver/Src/stm32l4xx_hal.o
 .ARM.attributes
                0x000001a1       0x32 ./Drivers/STM32L4xx_HAL_Driver/Src/stm32l4xx_hal_adc.o
 .ARM.attributes
                0x000001d3       0x32 ./Drivers/STM32L4xx_HAL_Driver/Src/stm32l4xx_hal_adc_ex.o
 .ARM.attributes
                0x00000205       0x32 ./Drivers/STM32L4xx_HAL_Driver/Src/stm32l4xx_hal_cortex.o
 .ARM.attributes
                0x00000237       0x32 ./Drivers/STM32L4xx_HAL_Driver/Src/stm32l4xx_hal_dac.o
 .ARM.attributes
                0x00000269       0x32 ./Drivers/STM32L4xx_HAL_Driver/Src/stm32l4xx_hal_dac_ex.o
 .ARM.attributes
                0x0000029b       0x32 ./Drivers/STM32L4xx_HAL_Driver/Src/stm32l4xx_hal_dma.o
 .ARM.attributes
                0x000002cd       0x32 ./Drivers/STM32L4xx_HAL_Driver/Src/stm32l4xx_hal_gpio.o
 .ARM.attributes
                0x000002ff       0x32 ./Drivers/STM32L4xx_HAL_Driver/Src/stm32l4xx_hal_pwr_ex.o
 .ARM.attributes
                0x00000331       0x32 ./Drivers/STM32L4xx_HAL_Driver/Src/stm32l4xx_hal_rcc.o
 .ARM.attributes
                0x00000363       0x32 ./Drivers/STM32L4xx_HAL_Driver/Src/stm32l4xx_hal_rcc_ex.o
 .ARM.attributes
                0x00000395       0x32 ./Drivers/STM32L4xx_HAL_Driver/Src/stm32l4xx_hal_tim.o
 .ARM.attributes
                0x000003c7       0x32 ./Drivers/STM32L4xx_HAL_Driver/Src/stm32l4xx_hal_tim_ex.o
 .ARM.attributes
                0x000003f9       0x32 ./Drivers/STM32L4xx_HAL_Driver/Src/stm32l4xx_hal_uart.o
 .ARM.attributes
                0x0000042b       0x33 C:\Users\jensc\STM32CubeIDE\workspace_1.11.2\MZMbias\phase-shift-meas\lib\libarm_cortexM4l_math.a(arm_rfft_fast_init_f32.o)
 .ARM.attributes
                0x0000045e       0x33 C:\Users\jensc\STM32CubeIDE\workspace_1.11.2\MZMbias\phase-shift-meas\lib\libarm_cortexM4l_math.a(arm_rfft_fast_f32.o)
 .ARM.attributes
                0x00000491       0x33 C:\Users\jensc\STM32CubeIDE\workspace_1.11.2\MZMbias\phase-shift-meas\lib\libarm_cortexM4l_math.a(arm_cfft_f32.o)
 .ARM.attributes
                0x000004c4       0x33 C:\Users\jensc\STM32CubeIDE\workspace_1.11.2\MZMbias\phase-shift-meas\lib\libarm_cortexM4l_math.a(arm_common_tables.o)
 .ARM.attributes
                0x000004f7       0x21 C:\Users\jensc\STM32CubeIDE\workspace_1.11.2\MZMbias\phase-shift-meas\lib\libarm_cortexM4l_math.a(arm_bitreversal2.o)
 .ARM.attributes
                0x00000518       0x33 C:\Users\jensc\STM32CubeIDE\workspace_1.11.2\MZMbias\phase-shift-meas\lib\libarm_cortexM4l_math.a(arm_cfft_radix8_f32.o)
 .ARM.attributes
                0x0000054b       0x32 C:/ST/STM32CubeIDE_1.11.2/STM32CubeIDE/plugins/com.st.stm32cube.ide.mcu.externaltools.gnu-tools-for-stm32.12.3.rel1.win32_1.1.0.202410251130/tools/bin/../lib/gcc/arm-none-eabi/12.3.1/../../../../arm-none-eabi/lib/thumb/v7e-m+fp/softfp\libc_nano.a(libc_a-findfp.o)
 .ARM.attributes
                0x0000057d       0x32 C:/ST/STM32CubeIDE_1.11.2/STM32CubeIDE/plugins/com.st.stm32cube.ide.mcu.externaltools.gnu-tools-for-stm32.12.3.rel1.win32_1.1.0.202410251130/tools/bin/../lib/gcc/arm-none-eabi/12.3.1/../../../../arm-none-eabi/lib/thumb/v7e-m+fp/softfp\libc_nano.a(libc_a-sprintf.o)
 .ARM.attributes
                0x000005af       0x32 C:/ST/STM32CubeIDE_1.11.2/STM32CubeIDE/plugins/com.st.stm32cube.ide.mcu.externaltools.gnu-tools-for-stm32.12.3.rel1.win32_1.1.0.202410251130/tools/bin/../lib/gcc/arm-none-eabi/12.3.1/../../../../arm-none-eabi/lib/thumb/v7e-m+fp/softfp\libc_nano.a(libc_a-memset.o)
 .ARM.attributes
                0x000005e1       0x32 C:/ST/STM32CubeIDE_1.11.2/STM32CubeIDE/plugins/com.st.stm32cube.ide.mcu.externaltools.gnu-tools-for-stm32.12.3.rel1.win32_1.1.0.202410251130/tools/bin/../lib/gcc/arm-none-eabi/12.3.1/../../../../arm-none-eabi/lib/thumb/v7e-m+fp/softfp\libc_nano.a(libc_a-reent.o)
 .ARM.attributes
                0x00000613       0x32 C:/ST/STM32CubeIDE_1.11.2/STM32CubeIDE/plugins/com.st.stm32cube.ide.mcu.externaltools.gnu-tools-for-stm32.12.3.rel1.win32_1.1.0.202410251130/tools/bin/../lib/gcc/arm-none-eabi/12.3.1/../../../../arm-none-eabi/lib/thumb/v7e-m+fp/softfp\libc_nano.a(libc_a-impure.o)
 .ARM.attributes
                0x00000645       0x32 C:/ST/STM32CubeIDE_1.11.2/STM32CubeIDE/plugins/com.st.stm32cube.ide.mcu.externaltools.gnu-tools-for-stm32.12.3.rel1.win32_1.1.0.202410251130/tools/bin/../lib/gcc/arm-none-eabi/12.3.1/../../../../arm-none-eabi/lib/thumb/v7e-m+fp/softfp\libc_nano.a(libc_a-errno.o)
 .ARM.attributes
                0x00000677       0x32 C:/ST/STM32CubeIDE_1.11.2/STM32CubeIDE/plugins/com.st.stm32cube.ide.mcu.externaltools.gnu-tools-for-stm32.12.3.rel1.win32_1.1.0.202410251130/tools/bin/../lib/gcc/arm-none-eabi/12.3.1/../../../../arm-none-eabi/lib/thumb/v7e-m+fp/softfp\libc_nano.a(libc_a-init.o)
 .ARM.attributes
                0x000006a9       0x32 C:/ST/STM32CubeIDE_1.11.2/STM32CubeIDE/plugins/com.st.stm32cube.ide.mcu.externaltools.gnu-tools-for-stm32.12.3.rel1.win32_1.1.0.202410251130/tools/bin/../lib/gcc/arm-none-eabi/12.3.1/../../../../arm-none-eabi/lib/thumb/v7e-m+fp/softfp\libc_nano.a(libc_a-lock.o)
 .ARM.attributes
                0x000006db       0x17 C:/ST/STM32CubeIDE_1.11.2/STM32CubeIDE/plugins/com.st.stm32cube.ide.mcu.externaltools.gnu-tools-for-stm32.12.3.rel1.win32_1.1.0.202410251130/tools/bin/../lib/gcc/arm-none-eabi/12.3.1/../../../../arm-none-eabi/lib/thumb/v7e-m+fp/softfp\libc_nano.a(libc_a-strlen.o)
 .ARM.attributes
                0x000006f2       0x32 C:/ST/STM32CubeIDE_1.11.2/STM32CubeIDE/plugins/com.st.stm32cube.ide.mcu.externaltools.gnu-tools-for-stm32.12.3.rel1.win32_1.1.0.202410251130/tools/bin/../lib/gcc/arm-none-eabi/12.3.1/../../../../arm-none-eabi/lib/thumb/v7e-m+fp/softfp\libc_nano.a(libc_a-freer.o)
 .ARM.attributes
                0x00000724       0x32 C:/ST/STM32CubeIDE_1.11.2/STM32CubeIDE/plugins/com.st.stm32cube.ide.mcu.externaltools.gnu-tools-for-stm32.12.3.rel1.win32_1.1.0.202410251130/tools/bin/../lib/gcc/arm-none-eabi/12.3.1/../../../../arm-none-eabi/lib/thumb/v7e-m+fp/softfp\libc_nano.a(libc_a-mallocr.o)
 .ARM.attributes
                0x00000756       0x32 C:/ST/STM32CubeIDE_1.11.2/STM32CubeIDE/plugins/com.st.stm32cube.ide.mcu.externaltools.gnu-tools-for-stm32.12.3.rel1.win32_1.1.0.202410251130/tools/bin/../lib/gcc/arm-none-eabi/12.3.1/../../../../arm-none-eabi/lib/thumb/v7e-m+fp/softfp\libc_nano.a(libc_a-mlock.o)
 .ARM.attributes
                0x00000788       0x32 C:/ST/STM32CubeIDE_1.11.2/STM32CubeIDE/plugins/com.st.stm32cube.ide.mcu.externaltools.gnu-tools-for-stm32.12.3.rel1.win32_1.1.0.202410251130/tools/bin/../lib/gcc/arm-none-eabi/12.3.1/../../../../arm-none-eabi/lib/thumb/v7e-m+fp/softfp\libc_nano.a(libc_a-nano-svfprintf.o)
 .ARM.attributes
                0x000007ba       0x32 C:/ST/STM32CubeIDE_1.11.2/STM32CubeIDE/plugins/com.st.stm32cube.ide.mcu.externaltools.gnu-tools-for-stm32.12.3.rel1.win32_1.1.0.202410251130/tools/bin/../lib/gcc/arm-none-eabi/12.3.1/../../../../arm-none-eabi/lib/thumb/v7e-m+fp/softfp\libc_nano.a(libc_a-nano-vfprintf_i.o)
 .ARM.attributes
                0x000007ec       0x32 C:/ST/STM32CubeIDE_1.11.2/STM32CubeIDE/plugins/com.st.stm32cube.ide.mcu.externaltools.gnu-tools-for-stm32.12.3.rel1.win32_1.1.0.202410251130/tools/bin/../lib/gcc/arm-none-eabi/12.3.1/../../../../arm-none-eabi/lib/thumb/v7e-m+fp/softfp\libc_nano.a(libc_a-memmove.o)
 .ARM.attributes
                0x0000081e       0x32 C:/ST/STM32CubeIDE_1.11.2/STM32CubeIDE/plugins/com.st.stm32cube.ide.mcu.externaltools.gnu-tools-for-stm32.12.3.rel1.win32_1.1.0.202410251130/tools/bin/../lib/gcc/arm-none-eabi/12.3.1/../../../../arm-none-eabi/lib/thumb/v7e-m+fp/softfp\libc_nano.a(libc_a-sbrkr.o)
 .ARM.attributes
                0x00000850       0x1c C:/ST/STM32CubeIDE_1.11.2/STM32CubeIDE/plugins/com.st.stm32cube.ide.mcu.externaltools.gnu-tools-for-stm32.12.3.rel1.win32_1.1.0.202410251130/tools/bin/../lib/gcc/arm-none-eabi/12.3.1/../../../../arm-none-eabi/lib/thumb/v7e-m+fp/softfp\libc_nano.a(libc_a-memchr.o)
 .ARM.attributes
                0x0000086c       0x32 C:/ST/STM32CubeIDE_1.11.2/STM32CubeIDE/plugins/com.st.stm32cube.ide.mcu.externaltools.gnu-tools-for-stm32.12.3.rel1.win32_1.1.0.202410251130/tools/bin/../lib/gcc/arm-none-eabi/12.3.1/../../../../arm-none-eabi/lib/thumb/v7e-m+fp/softfp\libc_nano.a(libc_a-memcpy-stub.o)
 .ARM.attributes
                0x0000089e       0x32 C:/ST/STM32CubeIDE_1.11.2/STM32CubeIDE/plugins/com.st.stm32cube.ide.mcu.externaltools.gnu-tools-for-stm32.12.3.rel1.win32_1.1.0.202410251130/tools/bin/../lib/gcc/arm-none-eabi/12.3.1/../../../../arm-none-eabi/lib/thumb/v7e-m+fp/softfp\libc_nano.a(libc_a-reallocr.o)
 .ARM.attributes
                0x000008d0       0x32 C:/ST/STM32CubeIDE_1.11.2/STM32CubeIDE/plugins/com.st.stm32cube.ide.mcu.externaltools.gnu-tools-for-stm32.12.3.rel1.win32_1.1.0.202410251130/tools/bin/../lib/gcc/arm-none-eabi/12.3.1/../../../../arm-none-eabi/lib/thumb/v7e-m+fp/softfp\libc_nano.a(libc_a-msizer.o)
 .ARM.attributes
                0x00000902       0x32 C:/ST/STM32CubeIDE_1.11.2/STM32CubeIDE/plugins/com.st.stm32cube.ide.mcu.externaltools.gnu-tools-for-stm32.12.3.rel1.win32_1.1.0.202410251130/tools/bin/../lib/gcc/arm-none-eabi/12.3.1/../../../../arm-none-eabi/lib/thumb/v7e-m+fp/softfp\libm.a(libm_a-s_cos.o)
 .ARM.attributes
                0x00000934       0x32 C:/ST/STM32CubeIDE_1.11.2/STM32CubeIDE/plugins/com.st.stm32cube.ide.mcu.externaltools.gnu-tools-for-stm32.12.3.rel1.win32_1.1.0.202410251130/tools/bin/../lib/gcc/arm-none-eabi/12.3.1/../../../../arm-none-eabi/lib/thumb/v7e-m+fp/softfp\libm.a(libm_a-s_fabs.o)
 .ARM.attributes
                0x00000966       0x32 C:/ST/STM32CubeIDE_1.11.2/STM32CubeIDE/plugins/com.st.stm32cube.ide.mcu.externaltools.gnu-tools-for-stm32.12.3.rel1.win32_1.1.0.202410251130/tools/bin/../lib/gcc/arm-none-eabi/12.3.1/../../../../arm-none-eabi/lib/thumb/v7e-m+fp/softfp\libm.a(libm_a-s_sin.o)
 .ARM.attributes
                0x00000998       0x32 C:/ST/STM32CubeIDE_1.11.2/STM32CubeIDE/plugins/com.st.stm32cube.ide.mcu.externaltools.gnu-tools-for-stm32.12.3.rel1.win32_1.1.0.202410251130/tools/bin/../lib/gcc/arm-none-eabi/12.3.1/../../../../arm-none-eabi/lib/thumb/v7e-m+fp/softfp\libm.a(libm_a-wf_atan2.o)
 .ARM.attributes
                0x000009ca       0x32 C:/ST/STM32CubeIDE_1.11.2/STM32CubeIDE/plugins/com.st.stm32cube.ide.mcu.externaltools.gnu-tools-for-stm32.12.3.rel1.win32_1.1.0.202410251130/tools/bin/../lib/gcc/arm-none-eabi/12.3.1/../../../../arm-none-eabi/lib/thumb/v7e-m+fp/softfp\libm.a(libm_a-wf_sqrt.o)
 .ARM.attributes
                0x000009fc       0x32 C:/ST/STM32CubeIDE_1.11.2/STM32CubeIDE/plugins/com.st.stm32cube.ide.mcu.externaltools.gnu-tools-for-stm32.12.3.rel1.win32_1.1.0.202410251130/tools/bin/../lib/gcc/arm-none-eabi/12.3.1/../../../../arm-none-eabi/lib/thumb/v7e-m+fp/softfp\libm.a(libm_a-ef_sqrt.o)
 .ARM.attributes
                0x00000a2e       0x32 C:/ST/STM32CubeIDE_1.11.2/STM32CubeIDE/plugins/com.st.stm32cube.ide.mcu.externaltools.gnu-tools-for-stm32.12.3.rel1.win32_1.1.0.202410251130/tools/bin/../lib/gcc/arm-none-eabi/12.3.1/../../../../arm-none-eabi/lib/thumb/v7e-m+fp/softfp\libm.a(libm_a-s_floor.o)
 .ARM.attributes
                0x00000a60       0x32 C:/ST/STM32CubeIDE_1.11.2/STM32CubeIDE/plugins/com.st.stm32cube.ide.mcu.externaltools.gnu-tools-for-stm32.12.3.rel1.win32_1.1.0.202410251130/tools/bin/../lib/gcc/arm-none-eabi/12.3.1/../../../../arm-none-eabi/lib/thumb/v7e-m+fp/softfp\libm.a(libm_a-k_cos.o)
 .ARM.attributes
                0x00000a92       0x32 C:/ST/STM32CubeIDE_1.11.2/STM32CubeIDE/plugins/com.st.stm32cube.ide.mcu.externaltools.gnu-tools-for-stm32.12.3.rel1.win32_1.1.0.202410251130/tools/bin/../lib/gcc/arm-none-eabi/12.3.1/../../../../arm-none-eabi/lib/thumb/v7e-m+fp/softfp\libm.a(libm_a-k_sin.o)
 .ARM.attributes
                0x00000ac4       0x32 C:/ST/STM32CubeIDE_1.11.2/STM32CubeIDE/plugins/com.st.stm32cube.ide.mcu.externaltools.gnu-tools-for-stm32.12.3.rel1.win32_1.1.0.202410251130/tools/bin/../lib/gcc/arm-none-eabi/12.3.1/../../../../arm-none-eabi/lib/thumb/v7e-m+fp/softfp\libm.a(libm_a-e_rem_pio2.o)
 .ARM.attributes