../Core/Src/main.c:74:10:Read_ADC	8	static
../Core/Src/main.c:79:6:Reset_PWM	16	static
../Core/Src/main.c:83:6:Sweep_PWM	48	static
../Core/Src/main.c:117:5:main	16	static
../Core/Src/main.c:181:6:SystemClock_Config	88	static
../Core/Src/main.c:228:13:MX_ADC1_Init	24	static
../Core/Src/main.c:287:13:MX_TIM2_Init	48	static
../Core/Src/main.c:336:13:MX_TIM3_Init	48	static
../Core/Src/main.c:385:13:MX_TIM15_Init	104	static
../Core/Src/main.c:451:13:MX_USART2_UART_Init	8	static
../Core/Src/main.c:499:13:MX_GPIO_Init	56	static
../Core/Src/main.c:533:6:Error_Handler	8	static,ignoring_inline_asm
