../Core/Src/main.c:66:6:calcsin	16	static
../Core/Src/main.c:74:6:calchanning	16	static
../Core/Src/main.c:80:7:bessel_jn	48	static
../Core/Src/main.c:94:5:sgn	16	static
../Core/Src/main.c:102:7:arccot	16	static
../Core/Src/main.c:142:10:Read_ADC	8	static
../Core/Src/main.c:148:6:HAL_ADC_ConvHalfCpltCallback	24	static
../Core/Src/main.c:157:6:HAL_ADC_ConvCpltCallback	24	static
../Core/Src/main.c:170:6:Calc_FFT	56	static
../Core/Src/main.c:253:5:main	856	static
../Core/Src/main.c:441:6:SystemClock_Config	96	static
../Core/Src/main.c:492:13:MX_ADC1_Init	48	static
../Core/Src/main.c:559:13:MX_DAC1_Init	48	static
../Core/Src/main.c:610:13:MX_TIM1_Init	40	static
../Core/Src/main.c:657:13:MX_TIM6_Init	24	static
../Core/Src/main.c:695:13:MX_USART2_UART_Init	8	static
../Core/Src/main.c:728:13:MX_DMA_Init	16	static
../Core/Src/main.c:749:13:MX_GPIO_Init	48	static
../Core/Src/main.c:772:6:MX_ADC1_Init2	48	static
../Core/Src/main.c:842:6:Error_Handler	4	static,ignoring_inline_asm
