../Core/Src/main.c:66:8:getPhaseAngle	48	static
../Core/Src/main.c:83:6:calcsin	16	static
../Core/Src/main.c:91:6:calchanning	16	static
../Core/Src/main.c:97:7:bessel_jn	48	static
../Core/Src/main.c:111:5:sgn	16	static
../Core/Src/main.c:119:7:arccot	16	static
../Core/Src/main.c:161:10:Read_ADC	8	static
../Core/Src/main.c:167:6:HAL_ADC_ConvHalfCpltCallback	24	static
../Core/Src/main.c:176:6:HAL_ADC_ConvCpltCallback	24	static
../Core/Src/main.c:189:6:Calc_FFT	64	static
../Core/Src/main.c:275:5:main	832	static
../Core/Src/main.c:468:6:SystemClock_Config	96	static
../Core/Src/main.c:519:13:MX_ADC1_Init	48	static
../Core/Src/main.c:586:13:MX_DAC1_Init	48	static
../Core/Src/main.c:637:13:MX_TIM1_Init	40	static
../Core/Src/main.c:684:13:MX_TIM6_Init	24	static
../Core/Src/main.c:722:13:MX_USART2_UART_Init	8	static
../Core/Src/main.c:755:13:MX_DMA_Init	16	static
../Core/Src/main.c:776:13:MX_GPIO_Init	48	static
../Core/Src/main.c:799:6:MX_ADC1_Init2	48	static
../Core/Src/main.c:869:6:Error_Handler	4	static,ignoring_inline_asm
