Archive member included to satisfy reference by file (symbol)

C:\Users\Jens\STM32CubeIDE\workspace_1.18.0\MZMbias\pol_bias_control\lib\libarm_cortexM4l_math.a(arm_rfft_fast_init_f32.o)
                              ./Core/Src/main.o (arm_rfft_fast_init_f32)
C:\Users\Jens\STM32CubeIDE\workspace_1.18.0\MZMbias\pol_bias_control\lib\libarm_cortexM4l_math.a(arm_rfft_fast_f32.o)
                              ./Core/Src/main.o (arm_rfft_fast_f32)
C:\Users\Jens\STM32CubeIDE\workspace_1.18.0\MZMbias\pol_bias_control\lib\libarm_cortexM4l_math.a(arm_cfft_f32.o)
                              C:\Users\Jens\STM32CubeIDE\workspace_1.18.0\MZMbias\pol_bias_control\lib\libarm_cortexM4l_math.a(arm_rfft_fast_f32.o) (arm_cfft_f32)
C:\Users\Jens\STM32CubeIDE\workspace_1.18.0\MZMbias\pol_bias_control\lib\libarm_cortexM4l_math.a(arm_common_tables.o)
                              C:\Users\Jens\STM32CubeIDE\workspace_1.18.0\MZMbias\pol_bias_control\lib\libarm_cortexM4l_math.a(arm_rfft_fast_init_f32.o) (twiddleCoef_rfft_4096)
C:\Users\Jens\STM32CubeIDE\workspace_1.18.0\MZMbias\pol_bias_control\lib\libarm_cortexM4l_math.a(arm_bitreversal2.o)
                              C:\Users\Jens\STM32CubeIDE\workspace_1.18.0\MZMbias\pol_bias_control\lib\libarm_cortexM4l_math.a(arm_cfft_f32.o) (arm_bitreversal_32)
C:\Users\Jens\STM32CubeIDE\workspace_1.18.0\MZMbias\pol_bias_control\lib\libarm_cortexM4l_math.a(arm_cfft_radix8_f32.o)
                              C:\Users\Jens\STM32CubeIDE\workspace_1.18.0\MZMbias\pol_bias_control\lib\libarm_cortexM4l_math.a(arm_cfft_f32.o) (arm_radix8_butterfly_f32)
C:/ST/STM32CubeIDE_1.18.0/STM32CubeIDE/plugins/com.st.stm32cube.ide.mcu.externaltools.gnu-tools-for-stm32.13.3.rel1.win32_1.0.0.202411081344/tools/bin/../lib/gcc/arm-none-eabi/13.3.1/../../../../arm-none-eabi/lib/thumb/v7e-m+fp/softfp\libc_nano.a(libc_a-exit.o)
                              C:/ST/STM32CubeIDE_1.18.0/STM32CubeIDE/plugins/com.st.stm32cube.ide.mcu.externaltools.gnu-tools-for-stm32.13.3.rel1.win32_1.0.0.202411081344/tools/bin/../lib/gcc/arm-none-eabi/13.3.1/../../../../arm-none-eabi/lib/thumb/v7e-m+fp/softfp/crt0.o (exit)
C:/ST/STM32CubeIDE_1.18.0/STM32CubeIDE/plugins/com.st.stm32cube.ide.mcu.externaltools.gnu-tools-for-stm32.13.3.rel1.win32_1.0.0.202411081344/tools/bin/../lib/gcc/arm-none-eabi/13.3.1/../../../../arm-none-eabi/lib/thumb/v7e-m+fp/softfp\libc_nano.a(libc_a-findfp.o)
                              C:/ST/STM32CubeIDE_1.18.0/STM32CubeIDE/plugins/com.st.stm32cube.ide.mcu.externaltools.gnu-tools-for-stm32.13.3.rel1.win32_1.0.0.202411081344/tools/bin/../lib/gcc/arm-none-eabi/13.3.1/../../../../arm-none-eabi/lib/thumb/v7e-m+fp/softfp\libc_nano.a(libc_a-exit.o) (__stdio_exit_handler)
C:/ST/STM32CubeIDE_1.18.0/STM32CubeIDE/plugins/com.st.stm32cube.ide.mcu.externaltools.gnu-tools-for-stm32.13.3.rel1.win32_1.0.0.202411081344/tools/bin/../lib/gcc/arm-none-eabi/13.3.1/../../../../arm-none-eabi/lib/thumb/v7e-m+fp/softfp\libc_nano.a(libc_a-fwalk.o)
                              C:/ST/STM32CubeIDE_1.18.0/STM32CubeIDE/plugins/com.st.stm32cube.ide.mcu.externaltools.gnu-tools-for-stm32.13.3.rel1.win32_1.0.0.202411081344/tools/bin/../lib/gcc/arm-none-eabi/13.3.1/../../../../arm-none-eabi/lib/thumb/v7e-m+fp/softfp\libc_nano.a(libc_a-findfp.o) (_fwalk_sglue)
C:/ST/STM32CubeIDE_1.18.0/STM32CubeIDE/plugins/com.st.stm32cube.ide.mcu.externaltools.gnu-tools-for-stm32.13.3.rel1.win32_1.0.0.202411081344/tools/bin/../lib/gcc/arm-none-eabi/13.3.1/../../../../arm-none-eabi/lib/thumb/v7e-m+fp/softfp\libc_nano.a(libc_a-sprintf.o)
                              ./Core/Src/main.o (sprintf)
C:/ST/STM32CubeIDE_1.18.0/STM32CubeIDE/plugins/com.st.stm32cube.ide.mcu.externaltools.gnu-tools-for-stm32.13.3.rel1.win32_1.0.0.202411081344/tools/bin/../lib/gcc/arm-none-eabi/13.3.1/../../../../arm-none-eabi/lib/thumb/v7e-m+fp/softfp\libc_nano.a(libc_a-stdio.o)
                              C:/ST/STM32CubeIDE_1.18.0/STM32CubeIDE/plugins/com.st.stm32cube.ide.mcu.externaltools.gnu-tools-for-stm32.13.3.rel1.win32_1.0.0.202411081344/tools/bin/../lib/gcc/arm-none-eabi/13.3.1/../../../../arm-none-eabi/lib/thumb/v7e-m+fp/softfp\libc_nano.a(libc_a-findfp.o) (__sread)
C:/ST/STM32CubeIDE_1.18.0/STM32CubeIDE/plugins/com.st.stm32cube.ide.mcu.externaltools.gnu-tools-for-stm32.13.3.rel1.win32_1.0.0.202411081344/tools/bin/../lib/gcc/arm-none-eabi/13.3.1/../../../../arm-none-eabi/lib/thumb/v7e-m+fp/softfp\libc_nano.a(libc_a-memset.o)
                              C:/ST/STM32CubeIDE_1.18.0/STM32CubeIDE/plugins/com.st.stm32cube.ide.mcu.externaltools.gnu-tools-for-stm32.13.3.rel1.win32_1.0.0.202411081344/tools/bin/../lib/gcc/arm-none-eabi/13.3.1/../../../../arm-none-eabi/lib/thumb/v7e-m+fp/softfp/crt0.o (memset)
C:/ST/STM32CubeIDE_1.18.0/STM32CubeIDE/plugins/com.st.stm32cube.ide.mcu.externaltools.gnu-tools-for-stm32.13.3.rel1.win32_1.0.0.202411081344/tools/bin/../lib/gcc/arm-none-eabi/13.3.1/../../../../arm-none-eabi/lib/thumb/v7e-m+fp/softfp\libc_nano.a(libc_a-closer.o)
[...]
Memory Configuration

Name             Origin             Length             Attributes
RAM              0x20000000         0x00018000         xrw
RAM2             0x10000000         0x00008000         xrw
FLASH            0x08000000         0x00100000         xr
*default*        0x00000000         0xffffffff

Linker script and memory map

LOAD C:/ST/STM32CubeIDE_1.18.0/STM32CubeIDE/plugins/com.st.stm32cube.ide.mcu.externaltools.gnu-tools-for-stm32.13.3.rel1.win32_1.0.0.202411081344/tools/bin/../lib/gcc/arm-none-eabi/13.3.1/thumb/v7e-m+fp/softfp/crti.o
LOAD C:/ST/STM32CubeIDE_1.18.0/STM32CubeIDE/plugins/com.st.stm32cube.ide.mcu.externaltools.gnu-tools-for-stm32.13.3.rel1.win32_1.0.0.202411081344/tools/bin/../lib/gcc/arm-none-eabi/13.3.1/thumb/v7e-m+fp/softfp/crtbegin.o
LOAD C:/ST/STM32CubeIDE_1.18.0/STM32CubeIDE/plugins/com.st.stm32cube.ide.mcu.externaltools.gnu-tools-for-stm32.13.3.rel1.win32_1.0.0.202411081344/tools/bin/../lib/gcc/arm-none-eabi/13.3.1/../../../../arm-none-eabi/lib/thumb/v7e-m+fp/softfp/crt0.o
LOAD ./Core/Src/main.o
LOAD ./Core/Src/stm32l4xx_hal_msp.o
LOAD ./Core/Src/stm32l4xx_it.o
LOAD ./Core/Src/syscalls.o
LOAD ./Core/Src/sysmem.o
LOAD ./Core/Src/system_stm32l4xx.o
LOAD ./Core/Startup/startup_stm32l476rgtx.o
LOAD ./Drivers/STM32L4xx_HAL_Driver/Src/stm32l4xx_hal.o
LOAD ./Drivers/STM32L4xx_HAL_Driver/Src/stm32l4xx_hal_adc.o
LOAD ./Drivers/STM32L4xx_HAL_Driver/Src/stm32l4xx_hal_adc_ex.o
LOAD ./Drivers/STM32L4xx_HAL_Driver/Src/stm32l4xx_hal_cortex.o
LOAD ./Drivers/STM32L4xx_HAL_Driver/Src/stm32l4xx_hal_dac.o
LOAD ./Drivers/STM32L4xx_HAL_Driver/Src/stm32l4xx_hal_dac_ex.o
LOAD ./Drivers/STM32L4xx_HAL_Driver/Src/stm32l4xx_hal_dma.o
LOAD ./Drivers/STM32L4xx_HAL_Driver/Src/stm32l4xx_hal_dma_ex.o
LOAD ./Drivers/STM32L4xx_HAL_Driver/Src/stm32l4xx_hal_exti.o
LOAD ./Drivers/STM32L4xx_HAL_Driver/Src/stm32l4xx_hal_flash.o
LOAD ./Drivers/STM32L4xx_HAL_Driver/Src/stm32l4xx_hal_flash_ex.o
LOAD ./Drivers/STM32L4xx_HAL_Driver/Src/stm32l4xx_hal_flash_ramfunc.o
LOAD ./Drivers/STM32L4xx_HAL_Driver/Src/stm32l4xx_hal_gpio.o
LOAD ./Drivers/STM32L4xx_HAL_Driver/Src/stm32l4xx_hal_i2c.o
LOAD ./Drivers/STM32L4xx_HAL_Driver/Src/stm32l4xx_hal_i2c_ex.o
LOAD ./Drivers/STM32L4xx_HAL_Driver/Src/stm32l4xx_hal_pwr.o
LOAD ./Drivers/STM32L4xx_HAL_Driver/Src/stm32l4xx_hal_pwr_ex.o
LOAD ./Drivers/STM32L4xx_HAL_Driver/Src/stm32l4xx_hal_rcc.o
LOAD ./Drivers/STM32L4xx_HAL_Driver/Src/stm32l4xx_hal_rcc_ex.o
LOAD ./Drivers/STM32L4xx_HAL_Driver/Src/stm32l4xx_hal_tim.o
LOAD ./Drivers/STM32L4xx_HAL_Driver/Src/stm32l4xx_hal_tim_ex.o
LOAD ./Drivers/STM32L4xx_HAL_Driver/Src/stm32l4xx_hal_uart.o
LOAD ./Drivers/STM32L4xx_HAL_Driver/Src/stm32l4xx_hal_uart_ex.o
LOAD C:\Users\Jens\STM32CubeIDE\workspace_1.18.0\MZMbias\pol_bias_control\lib\libarm_cortexM4l_math.a
START GROUP
LOAD C:/ST/STM32CubeIDE_1.18.0/STM32CubeIDE/plugins/com.st.stm32cube.ide.mcu.externaltools.gnu-tools-for-stm32.13.3.rel1.win32_1.0.0.202411081344/tools/bin/../lib/gcc/arm-none-eabi/13.3.1/../../../../arm-none-eabi/lib/thumb/v7e-m+fp/softfp\libc_nano.a
LOAD C:/ST/STM32CubeIDE_1.18.0/STM32CubeIDE/plugins/com.st.stm32cube.ide.mcu.externaltools.gnu-tools-for-stm32.13.3.rel1.win32_1.0.0.202411081344/tools/bin/../lib/gcc/arm-none-eabi/13.3.1/../../../../arm-none-eabi/lib/thumb/v7e-m+fp/softfp\libm.a
END GROUP
START GROUP
LOAD C:/ST/STM32CubeIDE_1.18.0/STM32CubeIDE/plugins/com.st.stm32cube.ide.mcu.externaltools.gnu-tools-for-stm32.13.3.rel1.win32_1.0.0.202411081344/tools/bin/../lib/gcc/arm-none-eabi/13.3.1/thumb/v7e-m+fp/softfp\libgcc.a
LOAD C:/ST/STM32CubeIDE_1.18.0/STM32CubeIDE/plugins/com.st.stm32cube.ide.mcu.externaltools.gnu-tools-for-stm32.13.3.rel1.win32_1.0.0.202411081344/tools/bin/../lib/gcc/arm-none-eabi/13.3.1/../../../../arm-none-eabi/lib/thumb/v7e-m+fp/softfp\libc_nano.a
END GROUP
START GROUP
LOAD C:/ST/STM32CubeIDE_1.18.0/STM32CubeIDE/plugins/com.st.stm32cube.ide.mcu.externaltools.gnu-tools-for-stm32.13.3.rel1.win32_1.0.0.202411081344/tools/bin/../lib/gcc/arm-none-eabi/13.3.1/thumb/v7e-m+fp/softfp\libgcc.a
LOAD C:/ST/STM32CubeIDE_1.18.0/STM32CubeIDE/plugins/com.st.stm32cube.ide.mcu.externaltools.gnu-tools-for-stm32.13.3.rel1.win32_1.0.0.202411081344/tools/bin/../lib/gcc/arm-none-eabi/13.3.1/../../../../arm-none-eabi/lib/thumb/v7e-m+fp/softfp\libc_nano.a
LOAD C:/ST/STM32CubeIDE_1.18.0/STM32CubeIDE/plugins/com.st.stm32cube.ide.mcu.externaltools.gnu-tools-for-stm32.13.3.rel1.win32_1.0.0.202411081344/tools/bin/../lib/gcc/arm-none-eabi/13.3.1/../../../../arm-none-eabi/lib/thumb/v7e-m+fp/softfp\libnosys.a
END GROUP
START GROUP
LOAD C:/ST/STM32CubeIDE_1.18.0/STM32CubeIDE/plugins/com.st.stm32cube.ide.mcu.externaltools.gnu-tools-for-stm32.13.3.rel1.win32_1.0.0.202411081344/tools/bin/../lib/gcc/arm-none-eabi/13.3.1/thumb/v7e-m+fp/softfp\libgcc.a
LOAD C:/ST/STM32CubeIDE_1.18.0/STM32CubeIDE/plugins/com.st.stm32cube.ide.mcu.externaltools.gnu-tools-for-stm32.13.3.rel1.win32_1.0.0.202411081344/tools/bin/../lib/gcc/arm-none-eabi/13.3.1/../../../../arm-none-eabi/lib/thumb/v7e-m+fp/softfp\libc_nano.a
LOAD C:/ST/STM32CubeIDE_1.18.0/STM32CubeIDE/plugins/com.st.stm32cube.ide.mcu.externaltools.gnu-tools-for-stm32.13.3.rel1.win32_1.0.0.202411081344/tools/bin/../lib/gcc/arm-none-eabi/13.3.1/../../../../arm-none-eabi/lib/thumb/v7e-m+fp/softfp\libnosys.a
END GROUP
LOAD C:/ST/STM32CubeIDE_1.18.0/STM32CubeIDE/plugins/com.st.stm32cube.ide.mcu.externaltools.gnu-tools-for-stm32.13.3.rel1.win32_1.0.0.202411081344/tools/bin/../lib/gcc/arm-none-eabi/13.3.1/thumb/v7e-m+fp/softfp/crtend.o
LOAD C:/ST/STM32CubeIDE_1.18.0/STM32CubeIDE/plugins/com.st.stm32cube.ide.mcu.externaltools.gnu-tools-for-stm32.13.3.rel1.win32_1.0.0.202411081344/tools/bin/../lib/gcc/arm-none-eabi/13.3.1/thumb/v7e-m+fp/softfp/crtn.o
                0x20018000                        _estack = (ORIGIN (RAM) + LENGTH (RAM))
                0x00000200                        _Min_Heap_Size = 0x200
                0x00000400                        _Min_Stack_Size = 0x400

.isr_vector     0x08000000      0x188
                0x08000000                        . = ALIGN (0x4)
 *(.isr_vector)
 .isr_vector    0x08000000      0x188 ./Core/Startup/startup_stm32l476rgtx.o
                0x08000000                g_pfnVectors
                0x08000188                        . = ALIGN (0x4)

.text           0x08000190     0xcb18
                0x08000190                        . = ALIGN (0x4)
 *(.text)
 .text          0x08000190       0x40 C:/ST/STM32CubeIDE_1.18.0/STM32CubeIDE/plugins/com.st.stm32cube.ide.mcu.externaltools.gnu-tools-for-stm32.13.3.rel1.win32_1.0.0.202411081344/tools/bin/../lib/gcc/arm-none-eabi/13.3.1/thumb/v7e-m+fp/softfp/crtbegin.o
 .text          0x080001d0       0xc0 C:\Users\Jens\STM32CubeIDE\workspace_1.18.0\MZMbias\pol_bias_control\lib\libarm_cortexM4l_math.a(arm_bitreversal2.o)
                0x080001d0                arm_bitreversal_32
                0x0800023a                arm_bitreversal_16
 .text          0x08000290       0x10 C:/ST/STM32CubeIDE_1.18.0/STM32CubeIDE/plugins/com.st.stm32cube.ide.mcu.externaltools.gnu-tools-for-stm32.13.3.rel1.win32_1.0.0.202411081344/tools/bin/../lib/gcc/arm-none-eabi/13.3.1/../../../../arm-none-eabi/lib/thumb/v7e-m+fp/softfp\libc_nano.a(libc_a-strlen.o)
                0x08000290                strlen
 .text          0x080002a0       0xa0 C:/ST/STM32CubeIDE_1.18.0/STM32CubeIDE/plugins/com.st.stm32cube.ide.mcu.externaltools.gnu-tools-for-stm32.13.3.rel1.win32_1.0.0.202411081344/tools/bin/../lib/gcc/arm-none-eabi/13.3.1/../../../../arm-none-eabi/lib/thumb/v7e-m+fp/softfp\libc_nano.a(libc_a-memchr.o)
                0x080002a0                memchr
 .text          0x08000340      0x378 C:/ST/STM32CubeIDE_1.18.0/STM32CubeIDE/plugins/com.st.stm32cube.ide.mcu.externaltools.gnu-tools-for-stm32.13.3.rel1.win32_1.0.0.202411081344/tools/bin/../lib/gcc/arm-none-eabi/13.3.1/thumb/v7e-m+fp/softfp\libgcc.a(_arm_addsubdf3.o)
                0x08000340                __aeabi_drsub
                0x08000348                __aeabi_dsub
                0x08000348                __subdf3
                0x0800034c                __aeabi_dadd
                0x0800034c                __adddf3
                0x080005c4                __floatunsidf
                0x080005c4                __aeabi_ui2d
                0x080005e4                __floatsidf
                0x080005e4                __aeabi_i2d
                0x08000608                __aeabi_f2d
                0x08000608                __extendsfdf2
                0x0800064c                __floatundidf
                0x0800064c                __aeabi_ul2d
                0x0800065c                __floatdidf
                0x0800065c                __aeabi_l2d
 .text          0x080006b8      0x424 C:/ST/STM32CubeIDE_1.18.0/STM32CubeIDE/plugins/com.st.stm32cube.ide.mcu.externaltools.gnu-tools-for-stm32.13.3.rel1.win32_1.0.0.202411081344/tools/bin/../lib/gcc/arm-none-eabi/13.3.1/thumb/v7e-m+fp/softfp\libgcc.a(_arm_muldivdf3.o)
                0x080006b8                __aeabi_dmul
                0x080006b8                __muldf3
                0x0800090c                __divdf3
                0x0800090c                __aeabi_ddiv
 .text          0x08000adc      0x110 C:/ST/STM32CubeIDE_1.18.0/STM32CubeIDE/plugins/com.st.stm32cube.ide.mcu.externaltools.gnu-tools-for-stm32.13.3.rel1.win32_1.0.0.202411081344/tools/bin/../lib/gcc/arm-none-eabi/13.3.1/thumb/v7e-m+fp/softfp\libgcc.a(_arm_cmpdf2.o)
                0x08000adc                __gtdf2
                0x08000adc                __gedf2
                0x08000ae4                __ltdf2
                0x08000ae4                __ledf2
                0x08000aec                __nedf2
                0x08000aec                __eqdf2
                0x08000aec                __cmpdf2
                0x08000b68                __aeabi_cdrcmple
                0x08000b78                __aeabi_cdcmpeq
                0x08000b78                __aeabi_cdcmple
                0x08000b88                __aeabi_dcmpeq
                0x08000b9c                __aeabi_dcmplt
                0x08000bb0                __aeabi_dcmple
                0x08000bc4                __aeabi_dcmpge
                0x08000bd8                __aeabi_dcmpgt
 .text          0x08000bec       0x50 C:/ST/STM32CubeIDE_1.18.0/STM32CubeIDE/plugins/com.st.stm32cube.ide.mcu.externaltools.gnu-tools-for-stm32.13.3.rel1.win32_1.0.0.202411081344/tools/bin/../lib/gcc/arm-none-eabi/13.3.1/thumb/v7e-m+fp/softfp\libgcc.a(_arm_fixdfsi.o)
                0x08000bec                __aeabi_d2iz
                0x08000bec                __fixdfsi
 .text          0x08000c3c       0x40 C:/ST/STM32CubeIDE_1.18.0/STM32CubeIDE/plugins/com.st.stm32cube.ide.mcu.externaltools.gnu-tools-for-stm32.13.3.rel1.win32_1.0.0.202411081344/tools/bin/../lib/gcc/arm-none-eabi/13.3.1/thumb/v7e-m+fp/softfp\libgcc.a(_arm_fixunsdfsi.o)
                0x08000c3c                __aeabi_d2uiz
                0x08000c3c                __fixunsdfsi
 .text          0x08000c7c       0xa0 C:/ST/STM32CubeIDE_1.18.0/STM32CubeIDE/plugins/com.st.stm32cube.ide.mcu.externaltools.gnu-tools-for-stm32.13.3.rel1.win32_1.0.0.202411081344/tools/bin/../lib/gcc/arm-none-eabi/13.3.1/thumb/v7e-m+fp/softfp\libgcc.a(_arm_truncdfsf2.o)
                0x08000c7c                __truncdfsf2
                0x08000c7c                __aeabi_d2f
 .text          0x08000d1c      0x21c C:/ST/STM32CubeIDE_1.18.0/STM32CubeIDE/plugins/com.st.stm32cube.ide.mcu.externaltools.gnu-tools-for-stm32.13.3.rel1.win32_1.0.0.202411081344/tools/bin/../lib/gcc/arm-none-eabi/13.3.1/thumb/v7e-m+fp/softfp\libgcc.a(_arm_addsubsf3.o)
                0x08000d1c                __aeabi_frsub
                0x08000d24                __subsf3
                0x08000d24                __aeabi_fsub
                0x08000d28                __aeabi_fadd
                0x08000d28                __addsf3
                0x08000e88                __aeabi_ui2f
                0x08000e88                __floatunsisf
                0x08000e90                __aeabi_i2f
                0x08000e90                __floatsisf
                0x08000eac                __aeabi_ul2f
                0x08000eac                __floatundisf
                0x08000ebc                __aeabi_l2f
                0x08000ebc                __floatdisf
 .text          0x08000f38      0x2a0 C:/ST/STM32CubeIDE_1.18.0/STM32CubeIDE/plugins/com.st.stm32cube.ide.mcu.externaltools.gnu-tools-for-stm32.13.3.rel1.win32_1.0.0.202411081344/tools/bin/../lib/gcc/arm-none-eabi/13.3.1/thumb/v7e-m+fp/softfp\libgcc.a(_arm_muldivsf3.o)
                0x08000f38                __mulsf3
                0x08000f38                __aeabi_fmul
                0x080010a0                __aeabi_fdiv
                0x080010a0                __divsf3
 .text          0x080011d8       0x30 C:/ST/STM32CubeIDE_1.18.0/STM32CubeIDE/plugins/com.st.stm32cube.ide.mcu.externaltools.gnu-tools-for-stm32.13.3.rel1.win32_1.0.0.202411081344/tools/bin/../lib/gcc/arm-none-eabi/13.3.1/thumb/v7e-m+fp/softfp\libgcc.a(_aeabi_uldivmod.o)
                0x080011d8                __aeabi_uldivmod
 .text          0x08001208      0x2f8 C:/ST/STM32CubeIDE_1.18.0/STM32CubeIDE/plugins/com.st.stm32cube.ide.mcu.externaltools.gnu-tools-for-stm32.13.3.rel1.win32_1.0.0.202411081344/tools/bin/../lib/gcc/arm-none-eabi/13.3.1/thumb/v7e-m+fp/softfp\libgcc.a(_udivmoddi4.o)
                0x08001208                __udivmoddi4
 .text          0x08001500        0x4 C:/ST/STM32CubeIDE_1.18.0/STM32CubeIDE/plugins/com.st.stm32cube.ide.mcu.externaltools.gnu-tools-for-stm32.13.3.rel1.win32_1.0.0.202411081344/tools/bin/../lib/gcc/arm-none-eabi/13.3.1/thumb/v7e-m+fp/softfp\libgcc.a(_dvmd_tls.o)
                0x08001500                __aeabi_idiv0
                0x08001500                __aeabi_ldiv0
 *(.text*)
 *fill*         0x08001504        0x4 
 .text.calcsin  0x08001508       0xd0 ./Core/Src/main.o
                0x08001508                calcsin
 .text.calchanning
                0x080015d8       0xc0 ./Core/Src/main.o
                0x080015d8                calchanning
 .text.sgn      0x08001698       0x2a ./Core/Src/main.o
                0x08001698                sgn
 *fill*         0x080016c2        0x2 
 .text.Read_ADC
                0x080016c4       0x24 ./Core/Src/main.o
                0x080016c4                Read_ADC
 .text.Sweep_PWM
                0x080016e8      0x188 ./Core/Src/main.o
                0x080016e8                Sweep_PWM
 .text.HAL_ADC_ConvHalfCpltCallback
                0x08001870       0x60 ./Core/Src/main.o
                0x08001870                HAL_ADC_ConvHalfCpltCallback
 .text.HAL_ADC_ConvCpltCallback
                0x080018d0       0x54 ./Core/Src/main.o
                0x080018d0                HAL_ADC_ConvCpltCallback
 *fill*         0x08001924        0x4 
 .text.Calc_FFT
                0x08001928      0x284 ./Core/Src/main.o
                0x08001928                Calc_FFT
 *fill*         0x08001bac        0x4 
 .text.main     0x08001bb0      0x684 ./Core/Src/main.o
                0x08001bb0                main
 .text.SystemClock_Config
                0x08002234       0xa4 ./Core/Src/main.o
                0x08002234                SystemClock_Config
 .text.MX_ADC1_Init
                0x080022d8       0xf0 ./Core/Src/main.o
 .text.MX_DAC1_Init
                0x080023c8       0x7c ./Core/Src/main.o
 .text.MX_TIM1_Init
                0x08002444       0xa8 ./Core/Src/main.o
 .text.MX_TIM2_Init
                0x080024ec      0x104 ./Core/Src/main.o
 .text.MX_TIM3_Init
                0x080025f0       0xf0 ./Core/Src/main.o
 .text.MX_TIM6_Init
                0x080026e0       0x6c ./Core/Src/main.o
 .text.MX_USART2_UART_Init
                0x0800274c       0x60 ./Core/Src/main.o
 .text.MX_DMA_Init
                0x080027ac       0x4c ./Core/Src/main.o
 .text.MX_GPIO_Init
                0x080027f8       0xa4 ./Core/Src/main.o
 .text.MX_ADC1_Init2
                0x0800289c       0xf4 ./Core/Src/main.o
                0x0800289c                MX_ADC1_Init2
 .text.Error_Handler
                0x08002990        0xc ./Core/Src/main.o
                0x08002990                Error_Handler
 .text.HAL_MspInit
                0x0800299c       0x48 ./Core/Src/stm32l4xx_hal_msp.o
                0x0800299c                HAL_MspInit
 .text.HAL_ADC_MspInit
                0x080029e4      0x140 ./Core/Src/stm32l4xx_hal_msp.o
                0x080029e4                HAL_ADC_MspInit
 .text.HAL_DAC_MspInit
                0x08002b24       0xec ./Core/Src/stm32l4xx_hal_msp.o
                0x08002b24                HAL_DAC_MspInit
 .text.HAL_TIM_Base_MspInit
                0x08002c10       0xc0 ./Core/Src/stm32l4xx_hal_msp.o
                0x08002c10                HAL_TIM_Base_MspInit
 .text.HAL_TIM_MspPostInit
                0x08002cd0       0xb4 ./Core/Src/stm32l4xx_hal_msp.o
                0x08002cd0                HAL_TIM_MspPostInit
 .text.HAL_UART_MspInit
                0x08002d84       0xb8 ./Core/Src/stm32l4xx_hal_msp.o
                0x08002d84                HAL_UART_MspInit
 .text.NMI_Handler
                0x08002e3c        0x8 ./Core/Src/stm32l4xx_it.o
                0x08002e3c                NMI_Handler
 .text.HardFault_Handler
                0x08002e44        0x8 ./Core/Src/stm32l4xx_it.o
                0x08002e44                HardFault_Handler
 .text.MemManage_Handler
                0x08002e4c        0x8 ./Core/Src/stm32l4xx_it.o
                0x08002e4c                MemManage_Handler
 .text.BusFault_Handler
                0x08002e54        0x8 ./Core/Src/stm32l4xx_it.o
                0x08002e54                BusFault_Handler
 .text.UsageFault_Handler
                0x08002e5c        0x8 ./Core/Src/stm32l4xx_it.o
                0x08002e5c                UsageFault_Handler
 .text.SVC_Handler
                0x08002e64        0xe ./Core/Src/stm32l4xx_it.o
                0x08002e64                SVC_Handler
 .text.DebugMon_Handler
                0x08002e72        0xe ./Core/Src/stm32l4xx_it.o
                0x08002e72                DebugMon_Handler
 .text.PendSV_Handler
                0x08002e80        0xe ./Core/Src/stm32l4xx_it.o
                0x08002e80                PendSV_Handler
 .text.SysTick_Handler
                0x08002e8e        0xc ./Core/Src/stm32l4xx_it.o
                0x08002e8e                SysTick_Handler
 *fill*         0x08002e9a        0x2 
 .text.DMA1_Channel1_IRQHandler
                0x08002e9c       0x14 ./Core/Src/stm32l4xx_it.o
                0x08002e9c                DMA1_Channel1_IRQHandler
 .text.DMA1_Channel4_IRQHandler
                0x08002eb0       0x14 ./Core/Src/stm32l4xx_it.o
                0x08002eb0                DMA1_Channel4_IRQHandler
 .text.ADC1_2_IRQHandler
                0x08002ec4       0x14 ./Core/Src/stm32l4xx_it.o
                0x08002ec4                ADC1_2_IRQHandler
 .text.TIM6_DAC_IRQHandler
                0x08002ed8       0x1c ./Core/Src/stm32l4xx_it.o
                0x08002ed8                TIM6_DAC_IRQHandler
 .text._sbrk    0x08002ef4       0x6c ./Core/Src/sysmem.o
                0x08002ef4                _sbrk
 .text.SystemInit
                0x08002f60       0x24 ./Core/Src/system_stm32l4xx.o
                0x08002f60                SystemInit
 .text.Reset_Handler
                0x08002f84       0x50 ./Core/Startup/startup_stm32l476rgtx.o
                0x08002f84                Reset_Handler
 .text.Default_Handler
                0x08002fd4        0x2 ./Core/Startup/startup_stm32l476rgtx.o
                0x08002fd4                RTC_Alarm_IRQHandler
                0x08002fd4                EXTI2_IRQHandler
                0x08002fd4                TIM8_TRG_COM_IRQHandler
                0x08002fd4                TIM8_CC_IRQHandler
                0x08002fd4                TIM1_CC_IRQHandler
                0x08002fd4                TSC_IRQHandler
                0x08002fd4                TAMP_STAMP_IRQHandler
                0x08002fd4                EXTI3_IRQHandler
                0x08002fd4                LPTIM2_IRQHandler
                0x08002fd4                DFSDM1_FLT1_IRQHandler
                0x08002fd4                I2C3_ER_IRQHandler
                0x08002fd4                DFSDM1_FLT2_IRQHandler
                0x08002fd4                EXTI0_IRQHandler
                0x08002fd4                I2C2_EV_IRQHandler
                0x08002fd4                CAN1_RX0_IRQHandler
                0x08002fd4                FPU_IRQHandler
                0x08002fd4                TIM1_UP_TIM16_IRQHandler
                0x08002fd4                SPI1_IRQHandler
                0x08002fd4                TIM8_UP_IRQHandler
                0x08002fd4                DMA2_Channel2_IRQHandler
                0x08002fd4                SAI2_IRQHandler
                0x08002fd4                DFSDM1_FLT3_IRQHandler
                0x08002fd4                USART3_IRQHandler
                0x08002fd4                DMA1_Channel7_IRQHandler
                0x08002fd4                CAN1_RX1_IRQHandler
                0x08002fd4                LCD_IRQHandler
                0x08002fd4                UART5_IRQHandler
                0x08002fd4                ADC3_IRQHandler
                0x08002fd4                TIM4_IRQHandler
                0x08002fd4                DMA2_Channel1_IRQHandler
                0x08002fd4                QUADSPI_IRQHandler
                0x08002fd4                I2C1_EV_IRQHandler
                0x08002fd4                DMA1_Channel6_IRQHandler
                0x08002fd4                UART4_IRQHandler
                0x08002fd4                DMA2_Channel4_IRQHandler
                0x08002fd4                TIM3_IRQHandler
                0x08002fd4                RCC_IRQHandler
                0x08002fd4                Default_Handler
                0x08002fd4                DMA2_Channel7_IRQHandler
                0x08002fd4                EXTI15_10_IRQHandler
                0x08002fd4                TIM7_IRQHandler
                0x08002fd4                SDMMC1_IRQHandler
                0x08002fd4                TIM5_IRQHandler
                0x08002fd4                I2C3_EV_IRQHandler
                0x08002fd4                EXTI9_5_IRQHandler
                0x08002fd4                RTC_WKUP_IRQHandler
                0x08002fd4                PVD_PVM_IRQHandler
                0x08002fd4                SPI2_IRQHandler
                0x08002fd4                CAN1_TX_IRQHandler
                0x08002fd4                DMA2_Channel5_IRQHandler
                0x08002fd4                DMA1_Channel5_IRQHandler
                0x08002fd4                EXTI4_IRQHandler
                0x08002fd4                RNG_IRQHandler
                0x08002fd4                TIM1_TRG_COM_TIM17_IRQHandler
                0x08002fd4                DMA1_Channel3_IRQHandler
                0x08002fd4                COMP_IRQHandler
                0x08002fd4                WWDG_IRQHandler
                0x08002fd4                LPUART1_IRQHandler
                0x08002fd4                DMA2_Channel6_IRQHandler
                0x08002fd4                TIM2_IRQHandler
                0x08002fd4                EXTI1_IRQHandler
                0x08002fd4                USART2_IRQHandler
                0x08002fd4                DFSDM1_FLT0_IRQHandler
                0x08002fd4                I2C2_ER_IRQHandler
                0x08002fd4                DMA1_Channel2_IRQHandler
                0x08002fd4                TIM8_BRK_IRQHandler
                0x08002fd4                CAN1_SCE_IRQHandler
                0x08002fd4                FLASH_IRQHandler
                0x08002fd4                USART1_IRQHandler
                0x08002fd4                OTG_FS_IRQHandler
                0x08002fd4                SPI3_IRQHandler
                0x08002fd4                I2C1_ER_IRQHandler
                0x08002fd4                FMC_IRQHandler
                0x08002fd4                SWPMI1_IRQHandler
                0x08002fd4                LPTIM1_IRQHandler
                0x08002fd4                SAI1_IRQHandler
                0x08002fd4                DMA2_Channel3_IRQHandler
                0x08002fd4                TIM1_BRK_TIM15_IRQHandler
 *fill*         0x08002fd6        0x2 
 .text.HAL_Init
                0x08002fd8       0x40 ./Drivers/STM32L4xx_HAL_Driver/Src/stm32l4xx_hal.o
                0x08002fd8                HAL_Init
 .text.HAL_InitTick
                0x08003018       0x78 ./Drivers/STM32L4xx_HAL_Driver/Src/stm32l4xx_hal.o
                0x08003018                HAL_InitTick
 .text.HAL_IncTick
                0x08003090       0x28 ./Drivers/STM32L4xx_HAL_Driver/Src/stm32l4xx_hal.o
                0x08003090                HAL_IncTick
 .text.HAL_GetTick
                0x080030b8       0x18 ./Drivers/STM32L4xx_HAL_Driver/Src/stm32l4xx_hal.o
                0x080030b8                HAL_GetTick
 .text.HAL_Delay
                0x080030d0       0x48 ./Drivers/STM32L4xx_HAL_Driver/Src/stm32l4xx_hal.o
                0x080030d0                HAL_Delay
 .text.LL_ADC_SetCommonClock
                0x08003118       0x26 ./Drivers/STM32L4xx_HAL_Driver/Src/stm32l4xx_hal_adc.o
 .text.LL_ADC_SetCommonPathInternalCh
                0x0800313e       0x26 ./Drivers/STM32L4xx_HAL_Driver/Src/stm32l4xx_hal_adc.o
 .text.LL_ADC_GetCommonPathInternalCh
                0x08003164       0x1c ./Drivers/STM32L4xx_HAL_Driver/Src/stm32l4xx_hal_adc.o
 .text.LL_ADC_SetOffset
                0x08003180       0x48 ./Drivers/STM32L4xx_HAL_Driver/Src/stm32l4xx_hal_adc.o
 .text.LL_ADC_GetOffsetChannel
                0x080031c8       0x2c ./Drivers/STM32L4xx_HAL_Driver/Src/stm32l4xx_hal_adc.o
 .text.LL_ADC_SetOffsetState
                0x080031f4       0x36 ./Drivers/STM32L4xx_HAL_Driver/Src/stm32l4xx_hal_adc.o
 .text.LL_ADC_REG_IsTriggerSourceSWStart
                0x0800322a       0x26 ./Drivers/STM32L4xx_HAL_Driver/Src/stm32l4xx_hal_adc.o
 .text.LL_ADC_REG_SetSequencerRanks
                0x08003250       0x58 ./Drivers/STM32L4xx_HAL_Driver/Src/stm32l4xx_hal_adc.o
 .text.LL_ADC_INJ_IsTriggerSourceSWStart
                0x080032a8       0x26 ./Drivers/STM32L4xx_HAL_Driver/Src/stm32l4xx_hal_adc.o
 .text.LL_ADC_SetChannelSamplingTime
                0x080032ce       0x56 ./Drivers/STM32L4xx_HAL_Driver/Src/stm32l4xx_hal_adc.o
 .text.LL_ADC_SetChannelSingleDiff
                0x08003324       0x48 ./Drivers/STM32L4xx_HAL_Driver/Src/stm32l4xx_hal_adc.o
 .text.LL_ADC_GetMultimode
                0x0800336c       0x1c ./Drivers/STM32L4xx_HAL_Driver/Src/stm32l4xx_hal_adc.o
 .text.LL_ADC_GetMultiDMATransfer
                0x08003388       0x1c ./Drivers/STM32L4xx_HAL_Driver/Src/stm32l4xx_hal_adc.o
 .text.LL_ADC_DisableDeepPowerDown
                0x080033a4       0x24 ./Drivers/STM32L4xx_HAL_Driver/Src/stm32l4xx_hal_adc.o
 .text.LL_ADC_IsDeepPowerDownEnabled
                0x080033c8       0x28 ./Drivers/STM32L4xx_HAL_Driver/Src/stm32l4xx_hal_adc.o
 .text.LL_ADC_EnableInternalRegulator
                0x080033f0       0x28 ./Drivers/STM32L4xx_HAL_Driver/Src/stm32l4xx_hal_adc.o
 .text.LL_ADC_IsInternalRegulatorEnabled
                0x08003418       0x28 ./Drivers/STM32L4xx_HAL_Driver/Src/stm32l4xx_hal_adc.o
 .text.LL_ADC_Enable
                0x08003440       0x28 ./Drivers/STM32L4xx_HAL_Driver/Src/stm32l4xx_hal_adc.o
 .text.LL_ADC_Disable
                0x08003468       0x28 ./Drivers/STM32L4xx_HAL_Driver/Src/stm32l4xx_hal_adc.o
 .text.LL_ADC_IsEnabled
                0x08003490       0x26 ./Drivers/STM32L4xx_HAL_Driver/Src/stm32l4xx_hal_adc.o
 .text.LL_ADC_IsDisableOngoing
                0x080034b6       0x26 ./Drivers/STM32L4xx_HAL_Driver/Src/stm32l4xx_hal_adc.o
 .text.LL_ADC_REG_StartConversion
                0x080034dc       0x28 ./Drivers/STM32L4xx_HAL_Driver/Src/stm32l4xx_hal_adc.o
 .text.LL_ADC_REG_StopConversion
                0x08003504       0x28 ./Drivers/STM32L4xx_HAL_Driver/Src/stm32l4xx_hal_adc.o
 .text.LL_ADC_REG_IsConversionOngoing
                0x0800352c       0x26 ./Drivers/STM32L4xx_HAL_Driver/Src/stm32l4xx_hal_adc.o
 .text.LL_ADC_INJ_StopConversion
                0x08003552       0x28 ./Drivers/STM32L4xx_HAL_Driver/Src/stm32l4xx_hal_adc.o
 .text.LL_ADC_INJ_IsConversionOngoing
                0x0800357a       0x26 ./Drivers/STM32L4xx_HAL_Driver/Src/stm32l4xx_hal_adc.o
 .text.HAL_ADC_Init
                0x080035a0      0x2a0 ./Drivers/STM32L4xx_HAL_Driver/Src/stm32l4xx_hal_adc.o
                0x080035a0                HAL_ADC_Init
 .text.HAL_ADC_Start
                0x08003840      0x174 ./Drivers/STM32L4xx_HAL_Driver/Src/stm32l4xx_hal_adc.o
                0x08003840                HAL_ADC_Start
 .text.HAL_ADC_Stop
                0x080039b4       0x66 ./Drivers/STM32L4xx_HAL_Driver/Src/stm32l4xx_hal_adc.o
                0x080039b4                HAL_ADC_Stop
 *fill*         0x08003a1a        0x2 
 .text.HAL_ADC_PollForConversion
                0x08003a1c      0x1b0 ./Drivers/STM32L4xx_HAL_Driver/Src/stm32l4xx_hal_adc.o
                0x08003a1c                HAL_ADC_PollForConversion
 .text.HAL_ADC_Start_DMA
                0x08003bcc      0x178 ./Drivers/STM32L4xx_HAL_Driver/Src/stm32l4xx_hal_adc.o
                0x08003bcc                HAL_ADC_Start_DMA
 .text.HAL_ADC_GetValue
                0x08003d44       0x1a ./Drivers/STM32L4xx_HAL_Driver/Src/stm32l4xx_hal_adc.o
                0x08003d44                HAL_ADC_GetValue
 *fill*         0x08003d5e        0x2 
 .text.HAL_ADC_IRQHandler
                0x08003d60      0x434 ./Drivers/STM32L4xx_HAL_Driver/Src/stm32l4xx_hal_adc.o
                0x08003d60                HAL_ADC_IRQHandler
 .text.HAL_ADC_LevelOutOfWindowCallback
                0x08004194       0x14 ./Drivers/STM32L4xx_HAL_Driver/Src/stm32l4xx_hal_adc.o
                0x08004194                HAL_ADC_LevelOutOfWindowCallback
 .text.HAL_ADC_ErrorCallback
                0x080041a8       0x14 ./Drivers/STM32L4xx_HAL_Driver/Src/stm32l4xx_hal_adc.o
                0x080041a8                HAL_ADC_ErrorCallback
 .text.HAL_ADC_ConfigChannel
                0x080041bc      0x7e4 ./Drivers/STM32L4xx_HAL_Driver/Src/stm32l4xx_hal_adc.o
                0x080041bc                HAL_ADC_ConfigChannel
 .text.ADC_ConversionStop
                0x080049a0      0x178 ./Drivers/STM32L4xx_HAL_Driver/Src/stm32l4xx_hal_adc.o
                0x080049a0                ADC_ConversionStop
 .text.ADC_Enable
                0x08004b18      0x10c ./Drivers/STM32L4xx_HAL_Driver/Src/stm32l4xx_hal_adc.o
                0x08004b18                ADC_Enable
 .text.ADC_Disable
                0x08004c24       0xbe ./Drivers/STM32L4xx_HAL_Driver/Src/stm32l4xx_hal_adc.o
                0x08004c24                ADC_Disable
 .text.ADC_DMAConvCplt
                0x08004ce2       0xd8 ./Drivers/STM32L4xx_HAL_Driver/Src/stm32l4xx_hal_adc.o
                0x08004ce2                ADC_DMAConvCplt
 .text.ADC_DMAHalfConvCplt
                0x08004dba       0x1c ./Drivers/STM32L4xx_HAL_Driver/Src/stm32l4xx_hal_adc.o
                0x08004dba                ADC_DMAHalfConvCplt
 .text.ADC_DMAError
                0x08004dd6       0x34 ./Drivers/STM32L4xx_HAL_Driver/Src/stm32l4xx_hal_adc.o
                0x08004dd6                ADC_DMAError
 .text.LL_ADC_IsEnabled
                0x08004e0a       0x26 ./Drivers/STM32L4xx_HAL_Driver/Src/stm32l4xx_hal_adc_ex.o
 .text.LL_ADC_StartCalibration
                0x08004e30       0x32 ./Drivers/STM32L4xx_HAL_Driver/Src/stm32l4xx_hal_adc_ex.o
 .text.LL_ADC_IsCalibrationOnGoing
                0x08004e62       0x28 ./Drivers/STM32L4xx_HAL_Driver/Src/stm32l4xx_hal_adc_ex.o
 .text.LL_ADC_REG_IsConversionOngoing
                0x08004e8a       0x26 ./Drivers/STM32L4xx_HAL_Driver/Src/stm32l4xx_hal_adc_ex.o
 .text.HAL_ADCEx_Calibration_Start
                0x08004eb0       0xc0 ./Drivers/STM32L4xx_HAL_Driver/Src/stm32l4xx_hal_adc_ex.o
                0x08004eb0                HAL_ADCEx_Calibration_Start
 .text.HAL_ADCEx_InjectedConvCpltCallback
                0x08004f70       0x14 ./Drivers/STM32L4xx_HAL_Driver/Src/stm32l4xx_hal_adc_ex.o
                0x08004f70                HAL_ADCEx_InjectedConvCpltCallback
 .text.HAL_ADCEx_InjectedQueueOverflowCallback
                0x08004f84       0x14 ./Drivers/STM32L4xx_HAL_Driver/Src/stm32l4xx_hal_adc_ex.o
                0x08004f84                HAL_ADCEx_InjectedQueueOverflowCallback
 .text.HAL_ADCEx_LevelOutOfWindow2Callback
                0x08004f98       0x14 ./Drivers/STM32L4xx_HAL_Driver/Src/stm32l4xx_hal_adc_ex.o
                0x08004f98                HAL_ADCEx_LevelOutOfWindow2Callback
 .text.HAL_ADCEx_LevelOutOfWindow3Callback
                0x08004fac       0x14 ./Drivers/STM32L4xx_HAL_Driver/Src/stm32l4xx_hal_adc_ex.o
                0x08004fac                HAL_ADCEx_LevelOutOfWindow3Callback
 .text.HAL_ADCEx_EndOfSamplingCallback
                0x08004fc0       0x14 ./Drivers/STM32L4xx_HAL_Driver/Src/stm32l4xx_hal_adc_ex.o
                0x08004fc0                HAL_ADCEx_EndOfSamplingCallback
 .text.HAL_ADCEx_MultiModeConfigChannel
                0x08004fd4      0x160 ./Drivers/STM32L4xx_HAL_Driver/Src/stm32l4xx_hal_adc_ex.o
                0x08004fd4                HAL_ADCEx_MultiModeConfigChannel
 .text.__NVIC_SetPriorityGrouping
                0x08005134       0x48 ./Drivers/STM32L4xx_HAL_Driver/Src/stm32l4xx_hal_cortex.o
 .text.__NVIC_GetPriorityGrouping
                0x0800517c       0x1c ./Drivers/STM32L4xx_HAL_Driver/Src/stm32l4xx_hal_cortex.o
 .text.__NVIC_EnableIRQ
                0x08005198       0x3c ./Drivers/STM32L4xx_HAL_Driver/Src/stm32l4xx_hal_cortex.o
 .text.__NVIC_SetPriority
                0x080051d4       0x54 ./Drivers/STM32L4xx_HAL_Driver/Src/stm32l4xx_hal_cortex.o
 .text.NVIC_EncodePriority
                0x08005228       0x66 ./Drivers/STM32L4xx_HAL_Driver/Src/stm32l4xx_hal_cortex.o
 *fill*         0x0800528e        0x2 
 .text.SysTick_Config
                0x08005290       0x44 ./Drivers/STM32L4xx_HAL_Driver/Src/stm32l4xx_hal_cortex.o
 .text.HAL_NVIC_SetPriorityGrouping
                0x080052d4       0x16 ./Drivers/STM32L4xx_HAL_Driver/Src/stm32l4xx_hal_cortex.o
                0x080052d4                HAL_NVIC_SetPriorityGrouping
 .text.HAL_NVIC_SetPriority
                0x080052ea       0x38 ./Drivers/STM32L4xx_HAL_Driver/Src/stm32l4xx_hal_cortex.o
                0x080052ea                HAL_NVIC_SetPriority
 .text.HAL_NVIC_EnableIRQ
                0x08005322       0x1c ./Drivers/STM32L4xx_HAL_Driver/Src/stm32l4xx_hal_cortex.o
                0x08005322                HAL_NVIC_EnableIRQ
 .text.HAL_SYSTICK_Config
                0x0800533e       0x18 ./Drivers/STM32L4xx_HAL_Driver/Src/stm32l4xx_hal_cortex.o
                0x0800533e                HAL_SYSTICK_Config
 .text.HAL_DAC_Init
                0x08005356       0x44 ./Drivers/STM32L4xx_HAL_Driver/Src/stm32l4xx_hal_dac.o
                0x08005356                HAL_DAC_Init
 .text.HAL_DAC_Start
                0x0800539a       0x9a ./Drivers/STM32L4xx_HAL_Driver/Src/stm32l4xx_hal_dac.o
                0x0800539a                HAL_DAC_Start
 .text.HAL_DAC_Start_DMA
                0x08005434      0x198 ./Drivers/STM32L4xx_HAL_Driver/Src/stm32l4xx_hal_dac.o
                0x08005434                HAL_DAC_Start_DMA
 .text.HAL_DAC_IRQHandler
                0x080055cc       0xb4 ./Drivers/STM32L4xx_HAL_Driver/Src/stm32l4xx_hal_dac.o
                0x080055cc                HAL_DAC_IRQHandler
 .text.HAL_DAC_SetValue
                0x08005680       0x4a ./Drivers/STM32L4xx_HAL_Driver/Src/stm32l4xx_hal_dac.o
                0x08005680                HAL_DAC_SetValue
 .text.HAL_DAC_ConvCpltCallbackCh1
                0x080056ca       0x14 ./Drivers/STM32L4xx_HAL_Driver/Src/stm32l4xx_hal_dac.o
                0x080056ca                HAL_DAC_ConvCpltCallbackCh1
 .text.HAL_DAC_ConvHalfCpltCallbackCh1
                0x080056de       0x14 ./Drivers/STM32L4xx_HAL_Driver/Src/stm32l4xx_hal_dac.o
                0x080056de                HAL_DAC_ConvHalfCpltCallbackCh1
 .text.HAL_DAC_ErrorCallbackCh1
                0x080056f2       0x14 ./Drivers/STM32L4xx_HAL_Driver/Src/stm32l4xx_hal_dac.o
                0x080056f2                HAL_DAC_ErrorCallbackCh1
 .text.HAL_DAC_DMAUnderrunCallbackCh1
                0x08005706       0x14 ./Drivers/STM32L4xx_HAL_Driver/Src/stm32l4xx_hal_dac.o
                0x08005706                HAL_DAC_DMAUnderrunCallbackCh1
 .text.HAL_DAC_ConfigChannel
                0x0800571a      0x24e ./Drivers/STM32L4xx_HAL_Driver/Src/stm32l4xx_hal_dac.o
                0x0800571a                HAL_DAC_ConfigChannel
 .text.DAC_DMAConvCpltCh1
                0x08005968       0x22 ./Drivers/STM32L4xx_HAL_Driver/Src/stm32l4xx_hal_dac.o
                0x08005968                DAC_DMAConvCpltCh1
 .text.DAC_DMAHalfConvCpltCh1
                0x0800598a       0x1c ./Drivers/STM32L4xx_HAL_Driver/Src/stm32l4xx_hal_dac.o
                0x0800598a                DAC_DMAHalfConvCpltCh1
 .text.DAC_DMAErrorCh1
                0x080059a6       0x2e ./Drivers/STM32L4xx_HAL_Driver/Src/stm32l4xx_hal_dac.o
                0x080059a6                DAC_DMAErrorCh1
 .text.HAL_DACEx_ConvCpltCallbackCh2
                0x080059d4       0x14 ./Drivers/STM32L4xx_HAL_Driver/Src/stm32l4xx_hal_dac_ex.o
                0x080059d4                HAL_DACEx_ConvCpltCallbackCh2
 .text.HAL_DACEx_ConvHalfCpltCallbackCh2
                0x080059e8       0x14 ./Drivers/STM32L4xx_HAL_Driver/Src/stm32l4xx_hal_dac_ex.o
                0x080059e8                HAL_DACEx_ConvHalfCpltCallbackCh2
 .text.HAL_DACEx_ErrorCallbackCh2
                0x080059fc       0x14 ./Drivers/STM32L4xx_HAL_Driver/Src/stm32l4xx_hal_dac_ex.o
                0x080059fc                HAL_DACEx_ErrorCallbackCh2
 .text.HAL_DACEx_DMAUnderrunCallbackCh2
                0x08005a10       0x14 ./Drivers/STM32L4xx_HAL_Driver/Src/stm32l4xx_hal_dac_ex.o
                0x08005a10                HAL_DACEx_DMAUnderrunCallbackCh2
 .text.DAC_DMAConvCpltCh2
                0x08005a24       0x22 ./Drivers/STM32L4xx_HAL_Driver/Src/stm32l4xx_hal_dac_ex.o
                0x08005a24                DAC_DMAConvCpltCh2
 .text.DAC_DMAHalfConvCpltCh2
                0x08005a46       0x1c ./Drivers/STM32L4xx_HAL_Driver/Src/stm32l4xx_hal_dac_ex.o
                0x08005a46                DAC_DMAHalfConvCpltCh2
 .text.DAC_DMAErrorCh2
                0x08005a62       0x2e ./Drivers/STM32L4xx_HAL_Driver/Src/stm32l4xx_hal_dac_ex.o
                0x08005a62                DAC_DMAErrorCh2
 .text.HAL_DMA_Init
                0x08005a90      0x170 ./Drivers/STM32L4xx_HAL_Driver/Src/stm32l4xx_hal_dma.o
                0x08005a90                HAL_DMA_Init
 .text.HAL_DMA_Start_IT
                0x08005c00       0xc0 ./Drivers/STM32L4xx_HAL_Driver/Src/stm32l4xx_hal_dma.o
                0x08005c00                HAL_DMA_Start_IT
 .text.HAL_DMA_IRQHandler
                0x08005cc0      0x15e ./Drivers/STM32L4xx_HAL_Driver/Src/stm32l4xx_hal_dma.o
                0x08005cc0                HAL_DMA_IRQHandler
 .text.DMA_SetConfig
                0x08005e1e       0x60 ./Drivers/STM32L4xx_HAL_Driver/Src/stm32l4xx_hal_dma.o
 *fill*         0x08005e7e        0x2 
 .text.HAL_GPIO_Init
                0x08005e80      0x354 ./Drivers/STM32L4xx_HAL_Driver/Src/stm32l4xx_hal_gpio.o
                0x08005e80                HAL_GPIO_Init
 .text.HAL_PWREx_GetVoltageRange
                0x080061d4       0x1c ./Drivers/STM32L4xx_HAL_Driver/Src/stm32l4xx_hal_pwr_ex.o
                0x080061d4                HAL_PWREx_GetVoltageRange
 .text.HAL_PWREx_ControlVoltageScaling
                0x080061f0       0xac ./Drivers/STM32L4xx_HAL_Driver/Src/stm32l4xx_hal_pwr_ex.o
                0x080061f0                HAL_PWREx_ControlVoltageScaling
 .text.HAL_RCC_OscConfig
                0x0800629c      0x7b8 ./Drivers/STM32L4xx_HAL_Driver/Src/stm32l4xx_hal_rcc.o
                0x0800629c                HAL_RCC_OscConfig
 .text.HAL_RCC_ClockConfig
                0x08006a54      0x200 ./Drivers/STM32L4xx_HAL_Driver/Src/stm32l4xx_hal_rcc.o
                0x08006a54                HAL_RCC_ClockConfig
 .text.HAL_RCC_GetSysClockFreq
                0x08006c54      0x118 ./Drivers/STM32L4xx_HAL_Driver/Src/stm32l4xx_hal_rcc.o
                0x08006c54                HAL_RCC_GetSysClockFreq
 .text.HAL_RCC_GetHCLKFreq
                0x08006d6c       0x18 ./Drivers/STM32L4xx_HAL_Driver/Src/stm32l4xx_hal_rcc.o
                0x08006d6c                HAL_RCC_GetHCLKFreq
 .text.HAL_RCC_GetPCLK1Freq
                0x08006d84       0x2c ./Drivers/STM32L4xx_HAL_Driver/Src/stm32l4xx_hal_rcc.o
                0x08006d84                HAL_RCC_GetPCLK1Freq
 .text.HAL_RCC_GetPCLK2Freq
                0x08006db0       0x2c ./Drivers/STM32L4xx_HAL_Driver/Src/stm32l4xx_hal_rcc.o
                0x08006db0                HAL_RCC_GetPCLK2Freq
 .text.RCC_SetFlashLatencyFromMSIRange
                0x08006ddc       0xc0 ./Drivers/STM32L4xx_HAL_Driver/Src/stm32l4xx_hal_rcc.o
 .text.HAL_RCCEx_PeriphCLKConfig
                0x08006e9c      0x5d4 ./Drivers/STM32L4xx_HAL_Driver/Src/stm32l4xx_hal_rcc_ex.o
                0x08006e9c                HAL_RCCEx_PeriphCLKConfig
 .text.RCCEx_PLLSAI1_Config
                0x08007470      0x1e8 ./Drivers/STM32L4xx_HAL_Driver/Src/stm32l4xx_hal_rcc_ex.o
 .text.RCCEx_PLLSAI2_Config
                0x08007658      0x1bc ./Drivers/STM32L4xx_HAL_Driver/Src/stm32l4xx_hal_rcc_ex.o
 .text.HAL_TIM_Base_Init
                0x08007814       0xae ./Drivers/STM32L4xx_HAL_Driver/Src/stm32l4xx_hal_tim.o
                0x08007814                HAL_TIM_Base_Init
 *fill*         0x080078c2        0x2 
 .text.HAL_TIM_Base_Start
                0x080078c4       0xd0 ./Drivers/STM32L4xx_HAL_Driver/Src/stm32l4xx_hal_tim.o
                0x080078c4                HAL_TIM_Base_Start
 .text.HAL_TIM_PWM_Init
                0x08007994       0xae ./Drivers/STM32L4xx_HAL_Driver/Src/stm32l4xx_hal_tim.o
                0x08007994                HAL_TIM_PWM_Init
 .text.HAL_TIM_PWM_MspInit
                0x08007a42       0x14 ./Drivers/STM32L4xx_HAL_Driver/Src/stm32l4xx_hal_tim.o
                0x08007a42                HAL_TIM_PWM_MspInit
 *fill*         0x08007a56        0x2 
 .text.HAL_TIM_PWM_Start
                0x08007a58      0x20c ./Drivers/STM32L4xx_HAL_Driver/Src/stm32l4xx_hal_tim.o
                0x08007a58                HAL_TIM_PWM_Start
 .text.HAL_TIM_IRQHandler
                0x08007c64      0x20e ./Drivers/STM32L4xx_HAL_Driver/Src/stm32l4xx_hal_tim.o
                0x08007c64                HAL_TIM_IRQHandler
 *fill*         0x08007e72        0x2 
 .text.HAL_TIM_PWM_ConfigChannel
                0x08007e74      0x228 ./Drivers/STM32L4xx_HAL_Driver/Src/stm32l4xx_hal_tim.o
                0x08007e74                HAL_TIM_PWM_ConfigChannel
 .text.HAL_TIM_ConfigClockSource
                0x0800809c      0x192 ./Drivers/STM32L4xx_HAL_Driver/Src/stm32l4xx_hal_tim.o
                0x0800809c                HAL_TIM_ConfigClockSource
 .text.HAL_TIM_PeriodElapsedCallback
                0x0800822e       0x14 ./Drivers/STM32L4xx_HAL_Driver/Src/stm32l4xx_hal_tim.o
                0x0800822e                HAL_TIM_PeriodElapsedCallback
 .text.HAL_TIM_OC_DelayElapsedCallback
                0x08008242       0x14 ./Drivers/STM32L4xx_HAL_Driver/Src/stm32l4xx_hal_tim.o
                0x08008242                HAL_TIM_OC_DelayElapsedCallback
 .text.HAL_TIM_IC_CaptureCallback
                0x08008256       0x14 ./Drivers/STM32L4xx_HAL_Driver/Src/stm32l4xx_hal_tim.o
                0x08008256                HAL_TIM_IC_CaptureCallback
 .text.HAL_TIM_PWM_PulseFinishedCallback
                0x0800826a       0x14 ./Drivers/STM32L4xx_HAL_Driver/Src/stm32l4xx_hal_tim.o
                0x0800826a                HAL_TIM_PWM_PulseFinishedCallback
 .text.HAL_TIM_TriggerCallback
                0x0800827e       0x14 ./Drivers/STM32L4xx_HAL_Driver/Src/stm32l4xx_hal_tim.o
                0x0800827e                HAL_TIM_TriggerCallback
 *fill*         0x08008292        0x2 
 .text.TIM_Base_SetConfig
                0x08008294      0x14c ./Drivers/STM32L4xx_HAL_Driver/Src/stm32l4xx_hal_tim.o
                0x08008294                TIM_Base_SetConfig
 .text.TIM_OC1_SetConfig
                0x080083e0      0x120 ./Drivers/STM32L4xx_HAL_Driver/Src/stm32l4xx_hal_tim.o
 .text.TIM_OC2_SetConfig
                0x08008500      0x114 ./Drivers/STM32L4xx_HAL_Driver/Src/stm32l4xx_hal_tim.o
                0x08008500                TIM_OC2_SetConfig
 .text.TIM_OC3_SetConfig
                0x08008614      0x110 ./Drivers/STM32L4xx_HAL_Driver/Src/stm32l4xx_hal_tim.o
 .text.TIM_OC4_SetConfig
                0x08008724       0xd4 ./Drivers/STM32L4xx_HAL_Driver/Src/stm32l4xx_hal_tim.o
 .text.TIM_OC5_SetConfig
                0x080087f8       0xc8 ./Drivers/STM32L4xx_HAL_Driver/Src/stm32l4xx_hal_tim.o
 .text.TIM_OC6_SetConfig
                0x080088c0       0xcc ./Drivers/STM32L4xx_HAL_Driver/Src/stm32l4xx_hal_tim.o
 .text.TIM_TI1_ConfigInputStage
                0x0800898c       0x5e ./Drivers/STM32L4xx_HAL_Driver/Src/stm32l4xx_hal_tim.o
 .text.TIM_TI2_ConfigInputStage
                0x080089ea       0x60 ./Drivers/STM32L4xx_HAL_Driver/Src/stm32l4xx_hal_tim.o
 .text.TIM_ITRx_SetConfig
                0x08008a4a       0x36 ./Drivers/STM32L4xx_HAL_Driver/Src/stm32l4xx_hal_tim.o
 .text.TIM_ETR_SetConfig
                0x08008a80       0x40 ./Drivers/STM32L4xx_HAL_Driver/Src/stm32l4xx_hal_tim.o
                0x08008a80                TIM_ETR_SetConfig
 .text.TIM_CCxChannelCmd
                0x08008ac0       0x4a ./Drivers/STM32L4xx_HAL_Driver/Src/stm32l4xx_hal_tim.o
                0x08008ac0                TIM_CCxChannelCmd
 *fill*         0x08008b0a        0x2 
 .text.HAL_TIMEx_MasterConfigSynchronization
                0x08008b0c      0x110 ./Drivers/STM32L4xx_HAL_Driver/Src/stm32l4xx_hal_tim_ex.o
                0x08008b0c                HAL_TIMEx_MasterConfigSynchronization
 .text.HAL_TIMEx_CommutCallback
                0x08008c1c       0x14 ./Drivers/STM32L4xx_HAL_Driver/Src/stm32l4xx_hal_tim_ex.o
                0x08008c1c                HAL_TIMEx_CommutCallback
 .text.HAL_TIMEx_BreakCallback
                0x08008c30       0x14 ./Drivers/STM32L4xx_HAL_Driver/Src/stm32l4xx_hal_tim_ex.o
                0x08008c30                HAL_TIMEx_BreakCallback
 .text.HAL_TIMEx_Break2Callback
                0x08008c44       0x14 ./Drivers/STM32L4xx_HAL_Driver/Src/stm32l4xx_hal_tim_ex.o
                0x08008c44                HAL_TIMEx_Break2Callback
 .text.HAL_UART_Init
                0x08008c58       0x9c ./Drivers/STM32L4xx_HAL_Driver/Src/stm32l4xx_hal_uart.o
                0x08008c58                HAL_UART_Init
 .text.HAL_UART_Transmit
                0x08008cf4      0x112 ./Drivers/STM32L4xx_HAL_Driver/Src/stm32l4xx_hal_uart.o
                0x08008cf4                HAL_UART_Transmit
 *fill*         0x08008e06        0x2 
 .text.UART_SetConfig
                0x08008e08      0x570 ./Drivers/STM32L4xx_HAL_Driver/Src/stm32l4xx_hal_uart.o
                0x08008e08                UART_SetConfig
 .text.UART_AdvFeatureConfig
                0x08009378      0x144 ./Drivers/STM32L4xx_HAL_Driver/Src/stm32l4xx_hal_uart.o
                0x08009378                UART_AdvFeatureConfig
 .text.UART_CheckIdleState
                0x080094bc      0x150 ./Drivers/STM32L4xx_HAL_Driver/Src/stm32l4xx_hal_uart.o
                0x080094bc                UART_CheckIdleState
 .text.UART_WaitOnFlagUntilTimeout
                0x0800960c       0xda ./Drivers/STM32L4xx_HAL_Driver/Src/stm32l4xx_hal_uart.o
                0x0800960c                UART_WaitOnFlagUntilTimeout
 .text.UART_EndRxTransfer
                0x080096e6       0xc8 ./Drivers/STM32L4xx_HAL_Driver/Src/stm32l4xx_hal_uart.o
 *fill*         0x080097ae        0x2 
 .text.arm_rfft_fast_init_f32
                0x080097b0      0x108 C:\Users\Jens\STM32CubeIDE\workspace_1.18.0\MZMbias\pol_bias_control\lib\libarm_cortexM4l_math.a(arm_rfft_fast_init_f32.o)
                0x080097b0                arm_rfft_fast_init_f32
 .text.arm_rfft_fast_f32
                0x080098b8      0x26c C:\Users\Jens\STM32CubeIDE\workspace_1.18.0\MZMbias\pol_bias_control\lib\libarm_cortexM4l_math.a(arm_rfft_fast_f32.o)
                0x080098b8                arm_rfft_fast_f32
 .text.arm_cfft_radix8by2_f32
                0x08009b24      0x2b4 C:\Users\Jens\STM32CubeIDE\workspace_1.18.0\MZMbias\pol_bias_control\lib\libarm_cortexM4l_math.a(arm_cfft_f32.o)
                0x08009b24                arm_cfft_radix8by2_f32
 .text.arm_cfft_radix8by4_f32
                0x08009dd8      0x76c C:\Users\Jens\STM32CubeIDE\workspace_1.18.0\MZMbias\pol_bias_control\lib\libarm_cortexM4l_math.a(arm_cfft_f32.o)
                0x08009dd8                arm_cfft_radix8by4_f32
 .text.arm_cfft_f32
                0x0800a544       0xfc C:\Users\Jens\STM32CubeIDE\workspace_1.18.0\MZMbias\pol_bias_control\lib\libarm_cortexM4l_math.a(arm_cfft_f32.o)
                0x0800a544                arm_cfft_f32
 .text.arm_radix8_butterfly_f32
                0x0800a640      0x960 C:\Users\Jens\STM32CubeIDE\workspace_1.18.0\MZMbias\pol_bias_control\lib\libarm_cortexM4l_math.a(arm_cfft_radix8_f32.o)
                0x0800a640                arm_radix8_butterfly_f32
 .text.sprintf  0x0800afa0       0x44 C:/ST/STM32CubeIDE_1.18.0/STM32CubeIDE/plugins/com.st.stm32cube.ide.mcu.externaltools.gnu-tools-for-stm32.13.3.rel1.win32_1.0.0.202411081344/tools/bin/../lib/gcc/arm-none-eabi/13.3.1/../../../../arm-none-eabi/lib/thumb/v7e-m+fp/softfp\libc_nano.a(libc_a-sprintf.o)
                0x0800afa0                siprintf
                0x0800afa0                sprintf
 .text.memset   0x0800afe4       0x10 C:/ST/STM32CubeIDE_1.18.0/STM32CubeIDE/plugins/com.st.stm32cube.ide.mcu.externaltools.gnu-tools-for-stm32.13.3.rel1.win32_1.0.0.202411081344/tools/bin/../lib/gcc/arm-none-eabi/13.3.1/../../../../arm-none-eabi/lib/thumb/v7e-m+fp/softfp\libc_nano.a(libc_a-memset.o)
                0x0800afe4                memset
 .text.__errno  0x0800aff4        0xc C:/ST/STM32CubeIDE_1.18.0/STM32CubeIDE/plugins/com.st.stm32cube.ide.mcu.externaltools.gnu-tools-for-stm32.13.3.rel1.win32_1.0.0.202411081344/tools/bin/../lib/gcc/arm-none-eabi/13.3.1/../../../../arm-none-eabi/lib/thumb/v7e-m+fp/softfp\libc_nano.a(libc_a-errno.o)
                0x0800aff4                __errno
 .text.__libc_init_array
                0x0800b000       0x48 C:/ST/STM32CubeIDE_1.18.0/STM32CubeIDE/plugins/com.st.stm32cube.ide.mcu.externaltools.gnu-tools-for-stm32.13.3.rel1.win32_1.0.0.202411081344/tools/bin/../lib/gcc/arm-none-eabi/13.3.1/../../../../arm-none-eabi/lib/thumb/v7e-m+fp/softfp\libc_nano.a(libc_a-init.o)
                0x0800b000                __libc_init_array
 .text.__retarget_lock_acquire_recursive
                0x0800b048        0x2 C:/ST/STM32CubeIDE_1.18.0/STM32CubeIDE/plugins/com.st.stm32cube.ide.mcu.externaltools.gnu-tools-for-stm32.13.3.rel1.win32_1.0.0.202411081344/tools/bin/../lib/gcc/arm-none-eabi/13.3.1/../../../../arm-none-eabi/lib/thumb/v7e-m+fp/softfp\libc_nano.a(libc_a-lock.o)
                0x0800b048                __retarget_lock_acquire_recursive
 .text.__retarget_lock_release_recursive
                0x0800b04a        0x2 C:/ST/STM32CubeIDE_1.18.0/STM32CubeIDE/plugins/com.st.stm32cube.ide.mcu.externaltools.gnu-tools-for-stm32.13.3.rel1.win32_1.0.0.202411081344/tools/bin/../lib/gcc/arm-none-eabi/13.3.1/../../../../arm-none-eabi/lib/thumb/v7e-m+fp/softfp\libc_nano.a(libc_a-lock.o)
                0x0800b04a                __retarget_lock_release_recursive
 .text._free_r  0x0800b04c       0x94 C:/ST/STM32CubeIDE_1.18.0/STM32CubeIDE/plugins/com.st.stm32cube.ide.mcu.externaltools.gnu-tools-for-stm32.13.3.rel1.win32_1.0.0.202411081344/tools/bin/../lib/gcc/arm-none-eabi/13.3.1/../../../../arm-none-eabi/lib/thumb/v7e-m+fp/softfp\libc_nano.a(libc_a-freer.o)
                0x0800b04c                _free_r
 .text.sbrk_aligned
                0x0800b0e0       0x44 C:/ST/STM32CubeIDE_1.18.0/STM32CubeIDE/plugins/com.st.stm32cube.ide.mcu.externaltools.gnu-tools-for-stm32.13.3.rel1.win32_1.0.0.202411081344/tools/bin/../lib/gcc/arm-none-eabi/13.3.1/../../../../arm-none-eabi/lib/thumb/v7e-m+fp/softfp\libc_nano.a(libc_a-mallocr.o)
 .text._malloc_r
                0x0800b124      0x100 C:/ST/STM32CubeIDE_1.18.0/STM32CubeIDE/plugins/com.st.stm32cube.ide.mcu.externaltools.gnu-tools-for-stm32.13.3.rel1.win32_1.0.0.202411081344/tools/bin/../lib/gcc/arm-none-eabi/13.3.1/../../../../arm-none-eabi/lib/thumb/v7e-m+fp/softfp\libc_nano.a(libc_a-mallocr.o)
                0x0800b124                _malloc_r
 .text.__malloc_lock
                0x0800b224        0xc C:/ST/STM32CubeIDE_1.18.0/STM32CubeIDE/plugins/com.st.stm32cube.ide.mcu.externaltools.gnu-tools-for-stm32.13.3.rel1.win32_1.0.0.202411081344/tools/bin/../lib/gcc/arm-none-eabi/13.3.1/../../../../arm-none-eabi/lib/thumb/v7e-m+fp/softfp\libc_nano.a(libc_a-mlock.o)
                0x0800b224                __malloc_lock
 .text.__malloc_unlock
                0x0800b230        0xc C:/ST/STM32CubeIDE_1.18.0/STM32CubeIDE/plugins/com.st.stm32cube.ide.mcu.externaltools.gnu-tools-for-stm32.13.3.rel1.win32_1.0.0.202411081344/tools/bin/../lib/gcc/arm-none-eabi/13.3.1/../../../../arm-none-eabi/lib/thumb/v7e-m+fp/softfp\libc_nano.a(libc_a-mlock.o)
                0x0800b230                __malloc_unlock
 .text.__ssputs_r
                0x0800b23c       0xb6 C:/ST/STM32CubeIDE_1.18.0/STM32CubeIDE/plugins/com.st.stm32cube.ide.mcu.externaltools.gnu-tools-for-stm32.13.3.rel1.win32_1.0.0.202411081344/tools/bin/../lib/gcc/arm-none-eabi/13.3.1/../../../../arm-none-eabi/lib/thumb/v7e-m+fp/softfp\libc_nano.a(libc_a-nano-svfprintf.o)
                0x0800b23c                __ssputs_r
 *fill*         0x0800b2f2        0x2 
 .text._svfprintf_r
                0x0800b2f4      0x1f8 C:/ST/STM32CubeIDE_1.18.0/STM32CubeIDE/plugins/com.st.stm32cube.ide.mcu.externaltools.gnu-tools-for-stm32.13.3.rel1.win32_1.0.0.202411081344/tools/bin/../lib/gcc/arm-none-eabi/13.3.1/../../../../arm-none-eabi/lib/thumb/v7e-m+fp/softfp\libc_nano.a(libc_a-nano-svfprintf.o)
                0x0800b2f4                _svfiprintf_r
                0x0800b2f4                _svfprintf_r
 .text._printf_common
                0x0800b4ec       0xda C:/ST/STM32CubeIDE_1.18.0/STM32CubeIDE/plugins/com.st.stm32cube.ide.mcu.externaltools.gnu-tools-for-stm32.13.3.rel1.win32_1.0.0.202411081344/tools/bin/../lib/gcc/arm-none-eabi/13.3.1/../../../../arm-none-eabi/lib/thumb/v7e-m+fp/softfp\libc_nano.a(libc_a-nano-vfprintf_i.o)
                0x0800b4ec                _printf_common
 *fill*         0x0800b5c6        0x2 
 .text._printf_i
                0x0800b5c8      0x23c C:/ST/STM32CubeIDE_1.18.0/STM32CubeIDE/plugins/com.st.stm32cube.ide.mcu.externaltools.gnu-tools-for-stm32.13.3.rel1.win32_1.0.0.202411081344/tools/bin/../lib/gcc/arm-none-eabi/13.3.1/../../../../arm-none-eabi/lib/thumb/v7e-m+fp/softfp\libc_nano.a(libc_a-nano-vfprintf_i.o)
                0x0800b5c8                _printf_i
 .text.memmove  0x0800b804       0x34 C:/ST/STM32CubeIDE_1.18.0/STM32CubeIDE/plugins/com.st.stm32cube.ide.mcu.externaltools.gnu-tools-for-stm32.13.3.rel1.win32_1.0.0.202411081344/tools/bin/../lib/gcc/arm-none-eabi/13.3.1/../../../../arm-none-eabi/lib/thumb/v7e-m+fp/softfp\libc_nano.a(libc_a-memmove.o)
                0x0800b804                memmove
 .text._sbrk_r  0x0800b838       0x20 C:/ST/STM32CubeIDE_1.18.0/STM32CubeIDE/plugins/com.st.stm32cube.ide.mcu.externaltools.gnu-tools-for-stm32.13.3.rel1.win32_1.0.0.202411081344/tools/bin/../lib/gcc/arm-none-eabi/13.3.1/../../../../arm-none-eabi/lib/thumb/v7e-m+fp/softfp\libc_nano.a(libc_a-sbrkr.o)
                0x0800b838                _sbrk_r
 .text.memcpy   0x0800b858       0x1c C:/ST/STM32CubeIDE_1.18.0/STM32CubeIDE/plugins/com.st.stm32cube.ide.mcu.externaltools.gnu-tools-for-stm32.13.3.rel1.win32_1.0.0.202411081344/tools/bin/../lib/gcc/arm-none-eabi/13.3.1/../../../../arm-none-eabi/lib/thumb/v7e-m+fp/softfp\libc_nano.a(libc_a-memcpy-stub.o)
                0x0800b858                memcpy
 .text._realloc_r
                0x0800b874       0x5c C:/ST/STM32CubeIDE_1.18.0/STM32CubeIDE/plugins/com.st.stm32cube.ide.mcu.externaltools.gnu-tools-for-stm32.13.3.rel1.win32_1.0.0.202411081344/tools/bin/../lib/gcc/arm-none-eabi/13.3.1/../../../../arm-none-eabi/lib/thumb/v7e-m+fp/softfp\libc_nano.a(libc_a-reallocr.o)
                0x0800b874                _realloc_r
 .text._malloc_usable_size_r
                0x0800b8d0       0x10 C:/ST/STM32CubeIDE_1.18.0/STM32CubeIDE/plugins/com.st.stm32cube.ide.mcu.externaltools.gnu-tools-for-stm32.13.3.rel1.win32_1.0.0.202411081344/tools/bin/../lib/gcc/arm-none-eabi/13.3.1/../../../../arm-none-eabi/lib/thumb/v7e-m+fp/softfp\libc_nano.a(libc_a-msizer.o)
                0x0800b8d0                _malloc_usable_size_r
 .text.cos      0x0800b8e0       0x8c C:/ST/STM32CubeIDE_1.18.0/STM32CubeIDE/plugins/com.st.stm32cube.ide.mcu.externaltools.gnu-tools-for-stm32.13.3.rel1.win32_1.0.0.202411081344/tools/bin/../lib/gcc/arm-none-eabi/13.3.1/../../../../arm-none-eabi/lib/thumb/v7e-m+fp/softfp\libm.a(libm_a-s_cos.o)
                0x0800b8e0                cos
 .text.fabs     0x0800b96c        0x8 C:/ST/STM32CubeIDE_1.18.0/STM32CubeIDE/plugins/com.st.stm32cube.ide.mcu.externaltools.gnu-tools-for-stm32.13.3.rel1.win32_1.0.0.202411081344/tools/bin/../lib/gcc/arm-none-eabi/13.3.1/../../../../arm-none-eabi/lib/thumb/v7e-m+fp/softfp\libm.a(libm_a-s_fabs.o)
                0x0800b96c                fabs
 .text.sin      0x0800b974       0x8c C:/ST/STM32CubeIDE_1.18.0/STM32CubeIDE/plugins/com.st.stm32cube.ide.mcu.externaltools.gnu-tools-for-stm32.13.3.rel1.win32_1.0.0.202411081344/tools/bin/../lib/gcc/arm-none-eabi/13.3.1/../../../../arm-none-eabi/lib/thumb/v7e-m+fp/softfp\libm.a(libm_a-s_sin.o)
                0x0800b974                sin
 .text.atan2f   0x0800ba00        0x4 C:/ST/STM32CubeIDE_1.18.0/STM32CubeIDE/plugins/com.st.stm32cube.ide.mcu.externaltools.gnu-tools-for-stm32.13.3.rel1.win32_1.0.0.202411081344/tools/bin/../lib/gcc/arm-none-eabi/13.3.1/../../../../arm-none-eabi/lib/thumb/v7e-m+fp/softfp\libm.a(libm_a-wf_atan2.o)
                0x0800ba00                atan2f
 .text.sqrtf    0x0800ba04       0x44 C:/ST/STM32CubeIDE_1.18.0/STM32CubeIDE/plugins/com.st.stm32cube.ide.mcu.externaltools.gnu-tools-for-stm32.13.3.rel1.win32_1.0.0.202411081344/tools/bin/../lib/gcc/arm-none-eabi/13.3.1/../../../../arm-none-eabi/lib/thumb/v7e-m+fp/softfp\libm.a(libm_a-wf_sqrt.o)
                0x0800ba04                sqrtf
 .text.__ieee754_sqrtf
                0x0800ba48        0xe C:/ST/STM32CubeIDE_1.18.0/STM32CubeIDE/plugins/com.st.stm32cube.ide.mcu.externaltools.gnu-tools-for-stm32.13.3.rel1.win32_1.0.0.202411081344/tools/bin/../lib/gcc/arm-none-eabi/13.3.1/../../../../arm-none-eabi/lib/thumb/v7e-m+fp/softfp\libm.a(libm_a-ef_sqrt.o)
                0x0800ba48                __ieee754_sqrtf
 *fill*         0x0800ba56        0x2 
 .text.floor    0x0800ba58      0x100 C:/ST/STM32CubeIDE_1.18.0/STM32CubeIDE/plugins/com.st.stm32cube.ide.mcu.externaltools.gnu-tools-for-stm32.13.3.rel1.win32_1.0.0.202411081344/tools/bin/../lib/gcc/arm-none-eabi/13.3.1/../../../../arm-none-eabi/lib/thumb/v7e-m+fp/softfp\libm.a(libm_a-s_floor.o)
                0x0800ba58                floor
 .text.__kernel_cos
                0x0800bb58      0x17c C:/ST/STM32CubeIDE_1.18.0/STM32CubeIDE/plugins/com.st.stm32cube.ide.mcu.externaltools.gnu-tools-for-stm32.13.3.rel1.win32_1.0.0.202411081344/tools/bin/../lib/gcc/arm-none-eabi/13.3.1/../../../../arm-none-eabi/lib/thumb/v7e-m+fp/softfp\libm.a(libm_a-k_cos.o)
                0x0800bb58                __kernel_cos
 *fill*         0x0800bcd4        0x4 
 .text.__kernel_sin
                0x0800bcd8      0x16c C:/ST/STM32CubeIDE_1.18.0/STM32CubeIDE/plugins/com.st.stm32cube.ide.mcu.externaltools.gnu-tools-for-stm32.13.3.rel1.win32_1.0.0.202411081344/tools/bin/../lib/gcc/arm-none-eabi/13.3.1/../../../../arm-none-eabi/lib/thumb/v7e-m+fp/softfp\libm.a(libm_a-k_sin.o)
                0x0800bcd8                __kernel_sin
 *fill*         0x0800be44        0x4 
 .text.__ieee754_rem_pio2
                0x0800be48      0x3ec C:/ST/STM32CubeIDE_1.18.0/STM32CubeIDE/plugins/com.st.stm32cube.ide.mcu.externaltools.gnu-tools-for-stm32.13.3.rel1.win32_1.0.0.202411081344/tools/bin/../lib/gcc/arm-none-eabi/13.3.1/../../../../arm-none-eabi/lib/thumb/v7e-m+fp/softfp\libm.a(libm_a-e_rem_pio2.o)
                0x0800be48                __ieee754_rem_pio2
 .text.__ieee754_atan2f
                0x0800c234      0x144 C:/ST/STM32CubeIDE_1.18.0/STM32CubeIDE/plugins/com.st.stm32cube.ide.mcu.externaltools.gnu-tools-for-stm32.13.3.rel1.win32_1.0.0.202411081344/tools/bin/../lib/gcc/arm-none-eabi/13.3.1/../../../../arm-none-eabi/lib/thumb/v7e-m+fp/softfp\libm.a(libm_a-ef_atan2.o)
                0x0800c234                __ieee754_atan2f
 .text.atanf    0x0800c378      0x1ac C:/ST/STM32CubeIDE_1.18.0/STM32CubeIDE/plugins/com.st.stm32cube.ide.mcu.externaltools.gnu-tools-for-stm32.13.3.rel1.win32_1.0.0.202411081344/tools/bin/../lib/gcc/arm-none-eabi/13.3.1/../../../../arm-none-eabi/lib/thumb/v7e-m+fp/softfp\libm.a(libm_a-sf_atan.o)
                0x0800c378                atanf
 .text.fabsf    0x0800c524        0x6 C:/ST/STM32CubeIDE_1.18.0/STM32CubeIDE/plugins/com.st.stm32cube.ide.mcu.externaltools.gnu-tools-for-stm32.13.3.rel1.win32_1.0.0.202411081344/tools/bin/../lib/gcc/arm-none-eabi/13.3.1/../../../../arm-none-eabi/lib/thumb/v7e-m+fp/softfp\libm.a(libm_a-sf_fabs.o)
                0x0800c524                fabsf
 *fill*         0x0800c52a        0x6 
 .text.scalbn   0x0800c530       0xec C:/ST/STM32CubeIDE_1.18.0/STM32CubeIDE/plugins/com.st.stm32cube.ide.mcu.externaltools.gnu-tools-for-stm32.13.3.rel1.win32_1.0.0.202411081344/tools/bin/../lib/gcc/arm-none-eabi/13.3.1/../../../../arm-none-eabi/lib/thumb/v7e-m+fp/softfp\libm.a(libm_a-s_scalbn.o)
                0x0800c530                scalbn
 *fill*         0x0800c61c        0x4 
 .text.__kernel_rem_pio2
                0x0800c620      0x670 C:/ST/STM32CubeIDE_1.18.0/STM32CubeIDE/plugins/com.st.stm32cube.ide.mcu.externaltools.gnu-tools-for-stm32.13.3.rel1.win32_1.0.0.202411081344/tools/bin/../lib/gcc/arm-none-eabi/13.3.1/../../../../arm-none-eabi/lib/thumb/v7e-m+fp/softfp\libm.a(libm_a-k_rem_pio2.o)
                0x0800c620                __kernel_rem_pio2
 *(.glue_7)
 .glue_7        0x0800cc90        0x0 linker stubs
 *(.glue_7t)
 .glue_7t       0x0800cc90        0x0 linker stubs
 *(.eh_frame)
 .eh_frame      0x0800cc90        0x0 C:/ST/STM32CubeIDE_1.18.0/STM32CubeIDE/plugins/com.st.stm32cube.ide.mcu.externaltools.gnu-tools-for-stm32.13.3.rel1.win32_1.0.0.202411081344/tools/bin/../lib/gcc/arm-none-eabi/13.3.1/thumb/v7e-m+fp/softfp/crtbegin.o
 *(.init)
 .init          0x0800cc90        0x4 C:/ST/STM32CubeIDE_1.18.0/STM32CubeIDE/plugins/com.st.stm32cube.ide.mcu.externaltools.gnu-tools-for-stm32.13.3.rel1.win32_1.0.0.202411081344/tools/bin/../lib/gcc/arm-none-eabi/13.3.1/thumb/v7e-m+fp/softfp/crti.o
                0x0800cc90                _init
 .init          0x0800cc94        0x8 C:/ST/STM32CubeIDE_1.18.0/STM32CubeIDE/plugins/com.st.stm32cube.ide.mcu.externaltools.gnu-tools-for-stm32.13.3.rel1.win32_1.0.0.202411081344/tools/bin/../lib/gcc/arm-none-eabi/13.3.1/thumb/v7e-m+fp/softfp/crtn.o
 *(.fini)
 .fini          0x0800cc9c        0x4 C:/ST/STM32CubeIDE_1.18.0/STM32CubeIDE/plugins/com.st.stm32cube.ide.mcu.externaltools.gnu-tools-for-stm32.13.3.rel1.win32_1.0.0.202411081344/tools/bin/../lib/gcc/arm-none-eabi/13.3.1/thumb/v7e-m+fp/softfp/crti.o
                0x0800cc9c                _fini
 .fini          0x0800cca0        0x8 C:/ST/STM32CubeIDE_1.18.0/STM32CubeIDE/plugins/com.st.stm32cube.ide.mcu.externaltools.gnu-tools-for-stm32.13.3.rel1.win32_1.0.0.202411081344/tools/bin/../lib/gcc/arm-none-eabi/13.3.1/thumb/v7e-m+fp/softfp/crtn.o
                0x0800cca8                        . = ALIGN (0x4)
                0x0800cca8                        _etext = .

.vfp11_veneer   0x0800cca8        0x0
 .vfp11_veneer  0x0800cca8        0x0 linker stubs

.v4_bx          0x0800cca8        0x0
 .v4_bx         0x0800cca8        0x0 linker stubs

.iplt           0x0800cca8        0x0
 .iplt          0x0800cca8        0x0 C:/ST/STM32CubeIDE_1.18.0/STM32CubeIDE/plugins/com.st.stm32cube.ide.mcu.externaltools.gnu-tools-for-stm32.13.3.rel1.win32_1.0.0.202411081344/tools/bin/../lib/gcc/arm-none-eabi/13.3.1/thumb/v7e-m+fp/softfp/crtbegin.o

.rodata         0x0800cca8    0x137a8
                0x0800cca8                        . = ALIGN (0x4)
 *(.rodata)
 .rodata        0x0800cca8       0xc4 ./Core/Src/main.o
 *(.rodata*)
 .rodata.AHBPrescTable
                0x0800cd6c       0x10 ./Core/Src/system_stm32l4xx.o
                0x0800cd6c                AHBPrescTable
 .rodata.APBPrescTable
                0x0800cd7c        0x8 ./Core/Src/system_stm32l4xx.o
                0x0800cd7c                APBPrescTable
 .rodata.MSIRangeTable
                0x0800cd84       0x30 ./Core/Src/system_stm32l4xx.o
                0x0800cd84                MSIRangeTable
 .rodata.twiddleCoef_2048
                0x0800cdb4     0x4000 C:\Users\Jens\STM32CubeIDE\workspace_1.18.0\MZMbias\pol_bias_control\lib\libarm_cortexM4l_math.a(arm_common_tables.o)
                0x0800cdb4                twiddleCoef_2048
 .rodata.twiddleCoef_rfft_64
                0x08010db4      0x100 C:\Users\Jens\STM32CubeIDE\workspace_1.18.0\MZMbias\pol_bias_control\lib\libarm_cortexM4l_math.a(arm_common_tables.o)
                0x08010db4                twiddleCoef_rfft_64
 .rodata.armBitRevIndexTable64
                0x08010eb4       0x70 C:\Users\Jens\STM32CubeIDE\workspace_1.18.0\MZMbias\pol_bias_control\lib\libarm_cortexM4l_math.a(arm_common_tables.o)
                0x08010eb4                armBitRevIndexTable64
 .rodata.twiddleCoef_rfft_2048
                0x08010f24     0x2000 C:\Users\Jens\STM32CubeIDE\workspace_1.18.0\MZMbias\pol_bias_control\lib\libarm_cortexM4l_math.a(arm_common_tables.o)
                0x08010f24                twiddleCoef_rfft_2048
 .rodata.twiddleCoef_rfft_4096
                0x08012f24     0x4000 C:\Users\Jens\STM32CubeIDE\workspace_1.18.0\MZMbias\pol_bias_control\lib\libarm_cortexM4l_math.a(arm_common_tables.o)
                0x08012f24                twiddleCoef_rfft_4096
 .rodata.twiddleCoef_256
                0x08016f24      0x800 C:\Users\Jens\STM32CubeIDE\workspace_1.18.0\MZMbias\pol_bias_control\lib\libarm_cortexM4l_math.a(arm_common_tables.o)
                0x08016f24                twiddleCoef_256
 .rodata.twiddleCoef_16
                0x08017724       0x80 C:\Users\Jens\STM32CubeIDE\workspace_1.18.0\MZMbias\pol_bias_control\lib\libarm_cortexM4l_math.a(arm_common_tables.o)
                0x08017724                twiddleCoef_16
 .rodata.twiddleCoef_1024
                0x080177a4     0x2000 C:\Users\Jens\STM32CubeIDE\workspace_1.18.0\MZMbias\pol_bias_control\lib\libarm_cortexM4l_math.a(arm_common_tables.o)
                0x080177a4                twiddleCoef_1024
 .rodata.twiddleCoef_32
                0x080197a4      0x100 C:\Users\Jens\STM32CubeIDE\workspace_1.18.0\MZMbias\pol_bias_control\lib\libarm_cortexM4l_math.a(arm_common_tables.o)
                0x080197a4                twiddleCoef_32
 .rodata.armBitRevIndexTable1024
                0x080198a4      0xe10 C:\Users\Jens\STM32CubeIDE\workspace_1.18.0\MZMbias\pol_bias_control\lib\libarm_cortexM4l_math.a(arm_common_tables.o)
                0x080198a4                armBitRevIndexTable1024
 .rodata.armBitRevIndexTable16
                0x0801a6b4       0x28 C:\Users\Jens\STM32CubeIDE\workspace_1.18.0\MZMbias\pol_bias_control\lib\libarm_cortexM4l_math.a(arm_common_tables.o)
                0x0801a6b4                armBitRevIndexTable16
 .rodata.twiddleCoef_rfft_32
                0x0801a6dc       0x80 C:\Users\Jens\STM32CubeIDE\workspace_1.18.0\MZMbias\pol_bias_control\lib\libarm_cortexM4l_math.a(arm_common_tables.o)
                0x0801a6dc                twiddleCoef_rfft_32
 .rodata.armBitRevIndexTable32
                0x0801a75c       0x60 C:\Users\Jens\STM32CubeIDE\workspace_1.18.0\MZMbias\pol_bias_control\lib\libarm_cortexM4l_math.a(arm_common_tables.o)
                0x0801a75c                armBitRevIndexTable32
 .rodata.twiddleCoef_128
                0x0801a7bc      0x400 C:\Users\Jens\STM32CubeIDE\workspace_1.18.0\MZMbias\pol_bias_control\lib\libarm_cortexM4l_math.a(arm_common_tables.o)
                0x0801a7bc                twiddleCoef_128
 .rodata.twiddleCoef_512
                0x0801abbc     0x1000 C:\Users\Jens\STM32CubeIDE\workspace_1.18.0\MZMbias\pol_bias_control\lib\libarm_cortexM4l_math.a(arm_common_tables.o)
                0x0801abbc                twiddleCoef_512
 .rodata.armBitRevIndexTable2048
                0x0801bbbc     0x1dc0 C:\Users\Jens\STM32CubeIDE\workspace_1.18.0\MZMbias\pol_bias_control\lib\libarm_cortexM4l_math.a(arm_common_tables.o)
                0x0801bbbc                armBitRevIndexTable2048
 .rodata.twiddleCoef_64
                0x0801d97c      0x200 C:\Users\Jens\STM32CubeIDE\workspace_1.18.0\MZMbias\pol_bias_control\lib\libarm_cortexM4l_math.a(arm_common_tables.o)
                0x0801d97c                twiddleCoef_64
 .rodata.twiddleCoef_rfft_512
                0x0801db7c      0x800 C:\Users\Jens\STM32CubeIDE\workspace_1.18.0\MZMbias\pol_bias_control\lib\libarm_cortexM4l_math.a(arm_common_tables.o)
                0x0801db7c                twiddleCoef_rfft_512
 .rodata.armBitRevIndexTable512
                0x0801e37c      0x380 C:\Users\Jens\STM32CubeIDE\workspace_1.18.0\MZMbias\pol_bias_control\lib\libarm_cortexM4l_math.a(arm_common_tables.o)
                0x0801e37c                armBitRevIndexTable512
 .rodata.twiddleCoef_rfft_1024
                0x0801e6fc     0x1000 C:\Users\Jens\STM32CubeIDE\workspace_1.18.0\MZMbias\pol_bias_control\lib\libarm_cortexM4l_math.a(arm_common_tables.o)
                0x0801e6fc                twiddleCoef_rfft_1024
 .rodata.twiddleCoef_rfft_256
                0x0801f6fc      0x400 C:\Users\Jens\STM32CubeIDE\workspace_1.18.0\MZMbias\pol_bias_control\lib\libarm_cortexM4l_math.a(arm_common_tables.o)
                0x0801f6fc                twiddleCoef_rfft_256
 .rodata.armBitRevIndexTable256
                0x0801fafc      0x370 C:\Users\Jens\STM32CubeIDE\workspace_1.18.0\MZMbias\pol_bias_control\lib\libarm_cortexM4l_math.a(arm_common_tables.o)
                0x0801fafc                armBitRevIndexTable256
 .rodata.twiddleCoef_rfft_128
                0x0801fe6c      0x200 C:\Users\Jens\STM32CubeIDE\workspace_1.18.0\MZMbias\pol_bias_control\lib\libarm_cortexM4l_math.a(arm_common_tables.o)
                0x0801fe6c                twiddleCoef_rfft_128
 .rodata.armBitRevIndexTable128
                0x0802006c      0x1a0 C:\Users\Jens\STM32CubeIDE\workspace_1.18.0\MZMbias\pol_bias_control\lib\libarm_cortexM4l_math.a(arm_common_tables.o)
                0x0802006c                armBitRevIndexTable128
 .rodata._svfprintf_r.str1.1
                0x0802020c       0x33 C:/ST/STM32CubeIDE_1.18.0/STM32CubeIDE/plugins/com.st.stm32cube.ide.mcu.externaltools.gnu-tools-for-stm32.13.3.rel1.win32_1.0.0.202411081344/tools/bin/../lib/gcc/arm-none-eabi/13.3.1/../../../../arm-none-eabi/lib/thumb/v7e-m+fp/softfp\libc_nano.a(libc_a-nano-svfprintf.o)
                                 0x11 (size before relaxing)
 .rodata._printf_i.str1.1
                0x0802023f       0x22 C:/ST/STM32CubeIDE_1.18.0/STM32CubeIDE/plugins/com.st.stm32cube.ide.mcu.externaltools.gnu-tools-for-stm32.13.3.rel1.win32_1.0.0.202411081344/tools/bin/../lib/gcc/arm-none-eabi/13.3.1/../../../../arm-none-eabi/lib/thumb/v7e-m+fp/softfp\libc_nano.a(libc_a-nano-vfprintf_i.o)
 *fill*         0x0802023f        0x1 
 .rodata.npio2_hw
                0x08020240       0x80 C:/ST/STM32CubeIDE_1.18.0/STM32CubeIDE/plugins/com.st.stm32cube.ide.mcu.externaltools.gnu-tools-for-stm32.13.3.rel1.win32_1.0.0.202411081344/tools/bin/../lib/gcc/arm-none-eabi/13.3.1/../../../../arm-none-eabi/lib/thumb/v7e-m+fp/softfp\libm.a(libm_a-e_rem_pio2.o)
 .rodata.two_over_pi
                0x080202c0      0x108 C:/ST/STM32CubeIDE_1.18.0/STM32CubeIDE/plugins/com.st.stm32cube.ide.mcu.externaltools.gnu-tools-for-stm32.13.3.rel1.win32_1.0.0.202411081344/tools/bin/../lib/gcc/arm-none-eabi/13.3.1/../../../../arm-none-eabi/lib/thumb/v7e-m+fp/softfp\libm.a(libm_a-e_rem_pio2.o)
 .rodata.CSWTCH.9
                0x080203c8        0xc C:/ST/STM32CubeIDE_1.18.0/STM32CubeIDE/plugins/com.st.stm32cube.ide.mcu.externaltools.gnu-tools-for-stm32.13.3.rel1.win32_1.0.0.202411081344/tools/bin/../lib/gcc/arm-none-eabi/13.3.1/../../../../arm-none-eabi/lib/thumb/v7e-m+fp/softfp\libm.a(libm_a-ef_atan2.o)
 .rodata.CSWTCH.8
                0x080203d4        0xc C:/ST/STM32CubeIDE_1.18.0/STM32CubeIDE/plugins/com.st.stm32cube.ide.mcu.externaltools.gnu-tools-for-stm32.13.3.rel1.win32_1.0.0.202411081344/tools/bin/../lib/gcc/arm-none-eabi/13.3.1/../../../../arm-none-eabi/lib/thumb/v7e-m+fp/softfp\libm.a(libm_a-ef_atan2.o)
 .rodata.atanlo
                0x080203e0       0x10 C:/ST/STM32CubeIDE_1.18.0/STM32CubeIDE/plugins/com.st.stm32cube.ide.mcu.externaltools.gnu-tools-for-stm32.13.3.rel1.win32_1.0.0.202411081344/tools/bin/../lib/gcc/arm-none-eabi/13.3.1/../../../../arm-none-eabi/lib/thumb/v7e-m+fp/softfp\libm.a(libm_a-sf_atan.o)
 .rodata.atanhi
                0x080203f0       0x10 C:/ST/STM32CubeIDE_1.18.0/STM32CubeIDE/plugins/com.st.stm32cube.ide.mcu.externaltools.gnu-tools-for-stm32.13.3.rel1.win32_1.0.0.202411081344/tools/bin/../lib/gcc/arm-none-eabi/13.3.1/../../../../arm-none-eabi/lib/thumb/v7e-m+fp/softfp\libm.a(libm_a-sf_atan.o)
 .rodata.PIo2   0x08020400       0x40 C:/ST/STM32CubeIDE_1.18.0/STM32CubeIDE/plugins/com.st.stm32cube.ide.mcu.externaltools.gnu-tools-for-stm32.13.3.rel1.win32_1.0.0.202411081344/tools/bin/../lib/gcc/arm-none-eabi/13.3.1/../../../../arm-none-eabi/lib/thumb/v7e-m+fp/softfp\libm.a(libm_a-k_rem_pio2.o)
 .rodata.init_jk
                0x08020440       0x10 C:/ST/STM32CubeIDE_1.18.0/STM32CubeIDE/plugins/com.st.stm32cube.ide.mcu.externaltools.gnu-tools-for-stm32.13.3.rel1.win32_1.0.0.202411081344/tools/bin/../lib/gcc/arm-none-eabi/13.3.1/../../../../arm-none-eabi/lib/thumb/v7e-m+fp/softfp\libm.a(libm_a-k_rem_pio2.o)
                0x08020450                        . = ALIGN (0x4)

.ARM.extab      0x08020450        0x0
                0x08020450                        . = ALIGN (0x4)
 *(.ARM.extab* .gnu.linkonce.armextab.*)
                0x08020450                        . = ALIGN (0x4)

.ARM            0x08020450        0x8
                0x08020450                        . = ALIGN (0x4)
                0x08020450                        __exidx_start = .
 *(.ARM.exidx*)
 .ARM.exidx     0x08020450        0x8 C:/ST/STM32CubeIDE_1.18.0/STM32CubeIDE/plugins/com.st.stm32cube.ide.mcu.externaltools.gnu-tools-for-stm32.13.3.rel1.win32_1.0.0.202411081344/tools/bin/../lib/gcc/arm-none-eabi/13.3.1/../../../../arm-none-eabi/lib/thumb/v7e-m+fp/softfp\libc_nano.a(libc_a-strlen.o)
 .ARM.exidx     0x08020458        0x0 C:/ST/STM32CubeIDE_1.18.0/STM32CubeIDE/plugins/com.st.stm32cube.ide.mcu.externaltools.gnu-tools-for-stm32.13.3.rel1.win32_1.0.0.202411081344/tools/bin/../lib/gcc/arm-none-eabi/13.3.1/../../../../arm-none-eabi/lib/thumb/v7e-m+fp/softfp\libc_nano.a(libc_a-memchr.o)
                                  0x8 (size before relaxing)
 .ARM.exidx     0x08020458        0x0 C:/ST/STM32CubeIDE_1.18.0/STM32CubeIDE/plugins/com.st.stm32cube.ide.mcu.externaltools.gnu-tools-for-stm32.13.3.rel1.win32_1.0.0.202411081344/tools/bin/../lib/gcc/arm-none-eabi/13.3.1/thumb/v7e-m+fp/softfp\libgcc.a(_udivmoddi4.o)
                                  0x8 (size before relaxing)
                0x08020458                        __exidx_end = .
                0x08020458                        . = ALIGN (0x4)

.preinit_array  0x08020458        0x0
                0x08020458                        . = ALIGN (0x4)
                0x08020458                        PROVIDE (__preinit_array_start = .)
 *(.preinit_array*)
                0x08020458                        PROVIDE (__preinit_array_end = .)
                0x08020458                        . = ALIGN (0x4)

.init_array     0x08020458        0x4
                0x08020458                        . = ALIGN (0x4)
                0x08020458                        PROVIDE (__init_array_start = .)
 *(SORT_BY_NAME(.init_array.*))
 *(.init_array*)
 .init_array    0x08020458        0x4 C:/ST/STM32CubeIDE_1.18.0/STM32CubeIDE/plugins/com.st.stm32cube.ide.mcu.externaltools.gnu-tools-for-stm32.13.3.rel1.win32_1.0.0.202411081344/tools/bin/../lib/gcc/arm-none-eabi/13.3.1/thumb/v7e-m+fp/softfp/crtbegin.o
                0x0802045c                        PROVIDE (__init_array_end = .)
                0x0802045c                        . = ALIGN (0x4)

.fini_array     0x0802045c        0x4
                0x0802045c                        . = ALIGN (0x4)
                [!provide]                        PROVIDE (__fini_array_start = .)
 *(SORT_BY_NAME(.fini_array.*))
 *(.fini_array*)
 .fini_array    0x0802045c        0x4 C:/ST/STM32CubeIDE_1.18.0/STM32CubeIDE/plugins/com.st.stm32cube.ide.mcu.externaltools.gnu-tools-for-stm32.13.3.rel1.win32_1.0.0.202411081344/tools/bin/../lib/gcc/arm-none-eabi/13.3.1/thumb/v7e-m+fp/softfp/crtbegin.o
                [!provide]                        PROVIDE (__fini_array_end = .)
                0x08020460                        . = ALIGN (0x4)
                0x08020460                        _sidata = LOADADDR (.data)

.rel.dyn        0x08020460        0x0
 .rel.iplt      0x08020460        0x0 C:/ST/STM32CubeIDE_1.18.0/STM32CubeIDE/plugins/com.st.stm32cube.ide.mcu.externaltools.gnu-tools-for-stm32.13.3.rel1.win32_1.0.0.202411081344/tools/bin/../lib/gcc/arm-none-eabi/13.3.1/thumb/v7e-m+fp/softfp/crtbegin.o

.data           0x20000000       0x78 load address 0x08020460
                0x20000000                        . = ALIGN (0x4)
                0x20000000                        _sdata = .
 *(.data)
 *(.data*)
 .data.sample_count_1khz
                0x20000000        0x2 ./Core/Src/main.o
                0x20000000                sample_count_1khz
 *fill*         0x20000002        0x2 
 .data.htim_array
                0x20000004        0xc ./Core/Src/main.o
                0x20000004                htim_array
 .data.pwm_channels
                0x20000010        0xc ./Core/Src/main.o
                0x20000010                pwm_channels
 .data.SystemCoreClock
                0x2000001c        0x4 ./Core/Src/system_stm32l4xx.o
                0x2000001c                SystemCoreClock
 .data.uwTickPrio
                0x20000020        0x4 ./Drivers/STM32L4xx_HAL_Driver/Src/stm32l4xx_hal.o
                0x20000020                uwTickPrio
 .data.uwTickFreq
                0x20000024        0x1 ./Drivers/STM32L4xx_HAL_Driver/Src/stm32l4xx_hal.o
                0x20000024                uwTickFreq
 *fill*         0x20000025        0x3 
 .data._impure_ptr
                0x20000028        0x4 C:/ST/STM32CubeIDE_1.18.0/STM32CubeIDE/plugins/com.st.stm32cube.ide.mcu.externaltools.gnu-tools-for-stm32.13.3.rel1.win32_1.0.0.202411081344/tools/bin/../lib/gcc/arm-none-eabi/13.3.1/../../../../arm-none-eabi/lib/thumb/v7e-m+fp/softfp\libc_nano.a(libc_a-impure.o)
                0x20000028                _impure_ptr
 .data._impure_data
                0x2000002c       0x4c C:/ST/STM32CubeIDE_1.18.0/STM32CubeIDE/plugins/com.st.stm32cube.ide.mcu.externaltools.gnu-tools-for-stm32.13.3.rel1.win32_1.0.0.202411081344/tools/bin/../lib/gcc/arm-none-eabi/13.3.1/../../../../arm-none-eabi/lib/thumb/v7e-m+fp/softfp\libc_nano.a(libc_a-impure.o)
                0x2000002c                _impure_data
 *(.RamFunc)
 *(.RamFunc*)
                0x20000078                        . = ALIGN (0x4)
                0x20000078                        _edata = .

.igot.plt       0x20000078        0x0 load address 0x080204d8
 .igot.plt      0x20000078        0x0 C:/ST/STM32CubeIDE_1.18.0/STM32CubeIDE/plugins/com.st.stm32cube.ide.mcu.externaltools.gnu-tools-for-stm32.13.3.rel1.win32_1.0.0.202411081344/tools/bin/../lib/gcc/arm-none-eabi/13.3.1/thumb/v7e-m+fp/softfp/crtbegin.o
                0x20000078                        . = ALIGN (0x4)

.bss            0x20000078     0x761c load address 0x080204d8
                0x20000078                        _sbss = .
                0x20000078                        __bss_start__ = _sbss
 *(.bss)
 .bss           0x20000078       0x1c C:/ST/STM32CubeIDE_1.18.0/STM32CubeIDE/plugins/com.st.stm32cube.ide.mcu.externaltools.gnu-tools-for-stm32.13.3.rel1.win32_1.0.0.202411081344/tools/bin/../lib/gcc/arm-none-eabi/13.3.1/thumb/v7e-m+fp/softfp/crtbegin.o
 *(.bss*)
 .bss.hadc1     0x20000094       0x64 ./Core/Src/main.o
                0x20000094                hadc1
 .bss.hdma_adc1
                0x200000f8       0x48 ./Core/Src/main.o
                0x200000f8                hdma_adc1
 .bss.hdac1     0x20000140       0x14 ./Core/Src/main.o
                0x20000140                hdac1
 .bss.hdma_dac_ch2
                0x20000154       0x48 ./Core/Src/main.o
                0x20000154                hdma_dac_ch2
 .bss.htim1     0x2000019c       0x4c ./Core/Src/main.o
                0x2000019c                htim1
 .bss.htim2     0x200001e8       0x4c ./Core/Src/main.o
                0x200001e8                htim2
 .bss.htim3     0x20000234       0x4c ./Core/Src/main.o
                0x20000234                htim3
 .bss.htim6     0x20000280       0x4c ./Core/Src/main.o
                0x20000280                htim6
 .bss.huart2    0x200002cc       0x88 ./Core/Src/main.o
                0x200002cc                huart2
 .bss.sine_val  0x20000354      0x190 ./Core/Src/main.o
                0x20000354                sine_val
 .bss.hanning_array
                0x200004e4     0x1000 ./Core/Src/main.o
                0x200004e4                hanning_array
 .bss.fftHandler
                0x200014e4       0x18 ./Core/Src/main.o
                0x200014e4                fftHandler
 .bss.ADC_val   0x200014fc     0x2000 ./Core/Src/main.o
                0x200014fc                ADC_val
 .bss.fftBufIn  0x200034fc     0x2000 ./Core/Src/main.o
                0x200034fc                fftBufIn
 .bss.fftBufOut
                0x200054fc     0x2000 ./Core/Src/main.o
                0x200054fc                fftBufOut
 .bss.data      0x200074fc       0x32 ./Core/Src/main.o
                0x200074fc                data
 .bss.fft_count
                0x2000752e        0x2 ./Core/Src/main.o
                0x2000752e                fft_count
 .bss.avg       0x20007530        0x4 ./Core/Src/main.o
                0x20007530                avg
 .bss.freq_mag  0x20007534        0xc ./Core/Src/main.o
                0x20007534                freq_mag
 .bss.avgPhaseShift
                0x20007540        0x4 ./Core/Src/main.o
                0x20007540                avgPhaseShift
 .bss.__sbrk_heap_end
                0x20007544        0x4 ./Core/Src/sysmem.o
 .bss.uwTick    0x20007548        0x4 ./Drivers/STM32L4xx_HAL_Driver/Src/stm32l4xx_hal.o
                0x20007548                uwTick
 .bss.__sf      0x2000754c      0x138 C:/ST/STM32CubeIDE_1.18.0/STM32CubeIDE/plugins/com.st.stm32cube.ide.mcu.externaltools.gnu-tools-for-stm32.13.3.rel1.win32_1.0.0.202411081344/tools/bin/../lib/gcc/arm-none-eabi/13.3.1/../../../../arm-none-eabi/lib/thumb/v7e-m+fp/softfp\libc_nano.a(libc_a-findfp.o)
                0x2000754c                __sf
 .bss.errno     0x20007684        0x4 C:/ST/STM32CubeIDE_1.18.0/STM32CubeIDE/plugins/com.st.stm32cube.ide.mcu.externaltools.gnu-tools-for-stm32.13.3.rel1.win32_1.0.0.202411081344/tools/bin/../lib/gcc/arm-none-eabi/13.3.1/../../../../arm-none-eabi/lib/thumb/v7e-m+fp/softfp\libc_nano.a(libc_a-reent.o)
                0x20007684                errno
 .bss.__lock___malloc_recursive_mutex
                0x20007688        0x1 C:/ST/STM32CubeIDE_1.18.0/STM32CubeIDE/plugins/com.st.stm32cube.ide.mcu.externaltools.gnu-tools-for-stm32.13.3.rel1.win32_1.0.0.202411081344/tools/bin/../lib/gcc/arm-none-eabi/13.3.1/../../../../arm-none-eabi/lib/thumb/v7e-m+fp/softfp\libc_nano.a(libc_a-lock.o)
                0x20007688                __lock___malloc_recursive_mutex
 *fill*         0x20007689        0x3 
 .bss.__malloc_sbrk_start
                0x2000768c        0x4 C:/ST/STM32CubeIDE_1.18.0/STM32CubeIDE/plugins/com.st.stm32cube.ide.mcu.externaltools.gnu-tools-for-stm32.13.3.rel1.win32_1.0.0.202411081344/tools/bin/../lib/gcc/arm-none-eabi/13.3.1/../../../../arm-none-eabi/lib/thumb/v7e-m+fp/softfp\libc_nano.a(libc_a-mallocr.o)
                0x2000768c                __malloc_sbrk_start
 .bss.__malloc_free_list
                0x20007690        0x4 C:/ST/STM32CubeIDE_1.18.0/STM32CubeIDE/plugins/com.st.stm32cube.ide.mcu.externaltools.gnu-tools-for-stm32.13.3.rel1.win32_1.0.0.202411081344/tools/bin/../lib/gcc/arm-none-eabi/13.3.1/../../../../arm-none-eabi/lib/thumb/v7e-m+fp/softfp\libc_nano.a(libc_a-mallocr.o)
                0x20007690                __malloc_free_list
 *(COMMON)
                0x20007694                        . = ALIGN (0x4)
                0x20007694                        _ebss = .
                0x20007694                        __bss_end__ = _ebss

._user_heap_stack
                0x20007694      0x604 load address 0x080204d8
                0x20007698                        . = ALIGN (0x8)
 *fill*         0x20007694        0x4 
                [!provide]                        PROVIDE (end = .)
                0x20007698                        PROVIDE (_end = .)
                0x20007898                        . = (. + _Min_Heap_Size)
 *fill*         0x20007698      0x200 
                0x20007c98                        . = (. + _Min_Stack_Size)
 *fill*         0x20007898      0x400 
                0x20007c98                        . = ALIGN (0x8)

/DISCARD/
 libc.a(*)
 libm.a(*)
 libgcc.a(*)

.ARM.attributes
                0x00000000       0x2e
 *(.ARM.attributes)
 .ARM.attributes
                0x00000000       0x22 C:/ST/STM32CubeIDE_1.18.0/STM32CubeIDE/plugins/com.st.stm32cube.ide.mcu.externaltools.gnu-tools-for-stm32.13.3.rel1.win32_1.0.0.202411081344/tools/bin/../lib/gcc/arm-none-eabi/13.3.1/thumb/v7e-m+fp/softfp/crti.o
 .ARM.attributes
                0x00000022       0x32 C:/ST/STM32CubeIDE_1.18.0/STM32CubeIDE/plugins/com.st.stm32cube.ide.mcu.externaltools.gnu-tools-for-stm32.13.3.rel1.win32_1.0.0.202411081344/tools/bin/../lib/gcc/arm-none-eabi/13.3.1/thumb/v7e-m+fp/softfp/crtbegin.o
 .ARM.attributes
                0x00000054       0x32 ./Core/Src/main.o
 .ARM.attributes
                0x00000086       0x32 ./Core/Src/stm32l4xx_hal_msp.o
 .ARM.attributes
                0x000000b8       0x32 ./Core/Src/stm32l4xx_it.o
 .ARM.attributes
                0x000000ea       0x32 ./Core/Src/sysmem.o
 .ARM.attributes
                0x0000011c       0x32 ./Core/Src/system_stm32l4xx.o
 .ARM.attributes
                0x0000014e       0x21 ./Core/Startup/startup_stm32l476rgtx.o
 .ARM.attributes
                0x0000016f       0x32 ./Drivers/STM32L4xx_HAL_Driver/Src/stm32l4xx_hal.o
 .ARM.attributes
                0x000001a1       0x32 ./Drivers/STM32L4xx_HAL_Driver/Src/stm32l4xx_hal_adc.o
 .ARM.attributes
                0x000001d3       0x32 ./Drivers/STM32L4xx_HAL_Driver/Src/stm32l4xx_hal_adc_ex.o
 .ARM.attributes
                0x00000205       0x32 ./Drivers/STM32L4xx_HAL_Driver/Src/stm32l4xx_hal_cortex.o
 .ARM.attributes
                0x00000237       0x32 ./Drivers/STM32L4xx_HAL_Driver/Src/stm32l4xx_hal_dac.o
 .ARM.attributes
                0x00000269       0x32 ./Drivers/STM32L4xx_HAL_Driver/Src/stm32l4xx_hal_dac_ex.o
 .ARM.attributes
                0x0000029b       0x32 ./Drivers/STM32L4xx_HAL_Driver/Src/stm32l4xx_hal_dma.o
 .ARM.attributes
                0x000002cd       0x32 ./Drivers/STM32L4xx_HAL_Driver/Src/stm32l4xx_hal_gpio.o
 .ARM.attributes
                0x000002ff       0x32 ./Drivers/STM32L4xx_HAL_Driver/Src/stm32l4xx_hal_pwr_ex.o
 .ARM.attributes
                0x00000331       0x32 ./Drivers/STM32L4xx_HAL_Driver/Src/stm32l4xx_hal_rcc.o
 .ARM.attributes
                0x00000363       0x32 ./Drivers/STM32L4xx_HAL_Driver/Src/stm32l4xx_hal_rcc_ex.o
 .ARM.attributes
                0x00000395       0x32 ./Drivers/STM32L4xx_HAL_Driver/Src/stm32l4xx_hal_tim.o
 .ARM.attributes
                0x000003c7       0x32 ./Drivers/STM32L4xx_HAL_Driver/Src/stm32l4xx_hal_tim_ex.o
 .ARM.attributes
                0x000003f9       0x32 ./Drivers/STM32L4xx_HAL_Driver/Src/stm32l4xx_hal_uart.o
 .ARM.attributes
                0x0000042b       0x33 C:\Users\Jens\STM32CubeIDE\workspace_1.18.0\MZMbias\pol_bias_control\lib\libarm_cortexM4l_math.a(arm_rfft_fast_init_f32.o)
 .ARM.attributes
                0x0000045e       0x33 C:\Users\Jens\STM32CubeIDE\workspace_1.18.0\MZMbias\pol_bias_control\lib\libarm_cortexM4l_math.a(arm_rfft_fast_f32.o)
 .ARM.attributes
                0x00000491       0x33 C:\Users\Jens\STM32CubeIDE\workspace_1.18.0\MZMbias\pol_bias_control\lib\libarm_cortexM4l_math.a(arm_cfft_f32.o)
 .ARM.attributes
                0x000004c4       0x33 C:\Users\Jens\STM32CubeIDE\workspace_1.18.0\MZMbias\pol_bias_control\lib\libarm_cortexM4l_math.a(arm_common_tables.o)
 .ARM.attributes
                0x000004f7       0x21 C:\Users\Jens\STM32CubeIDE\workspace_1.18.0\MZMbias\pol_bias_control\lib\libarm_cortexM4l_math.a(arm_bitreversal2.o)
 .ARM.attributes
                0x00000518       0x33 C:\Users\Jens\STM32CubeIDE\workspace_1.18.0\MZMbias\pol_bias_control\lib\libarm_cortexM4l_math.a(arm_cfft_radix8_f32.o)
 .ARM.attributes
                0x0000054b       0x32 C:/ST/STM32CubeIDE_1.18.0/STM32CubeIDE/plugins/com.st.stm32cube.ide.mcu.externaltools.gnu-tools-for-stm32.13.3.rel1.win32_1.0.0.202411081344/tools/bin/../lib/gcc/arm-none-eabi/13.3.1/../../../../arm-none-eabi/lib/thumb/v7e-m+fp/softfp\libc_nano.a(libc_a-findfp.o)
 .ARM.attributes
                0x0000057d       0x32 C:/ST/STM32CubeIDE_1.18.0/STM32CubeIDE/plugins/com.st.stm32cube.ide.mcu.externaltools.gnu-tools-for-stm32.13.3.rel1.win32_1.0.0.202411081344/tools/bin/../lib/gcc/arm-none-eabi/13.3.1/../../../../arm-none-eabi/lib/thumb/v7e-m+fp/softfp\libc_nano.a(libc_a-sprintf.o)
 .ARM.attributes
                0x000005af       0x32 C:/ST/STM32CubeIDE_1.18.0/STM32CubeIDE/plugins/com.st.stm32cube.ide.mcu.externaltools.gnu-tools-for-stm32.13.3.rel1.win32_1.0.0.202411081344/tools/bin/../lib/gcc/arm-none-eabi/13.3.1/../../../../arm-none-eabi/lib/thumb/v7e-m+fp/softfp\libc_nano.a(libc_a-memset.o)
 .ARM.attributes
                0x000005e1       0x32 C:/ST/STM32CubeIDE_1.18.0/STM32CubeIDE/plugins/com.st.stm32cube.ide.mcu.externaltools.gnu-tools-for-stm32.13.3.rel1.win32_1.0.0.202411081344/tools/bin/../lib/gcc/arm-none-eabi/13.3.1/../../../../arm-none-eabi/lib/thumb/v7e-m+fp/softfp\libc_nano.a(libc_a-reent.o)
 .ARM.attributes
                0x00000613       0x32 C:/ST/STM32CubeIDE_1.18.0/STM32CubeIDE/plugins/com.st.stm32cube.ide.mcu.externaltools.gnu-tools-for-stm32.13.3.rel1.win32_1.0.0.202411081344/tools/bin/../lib/gcc/arm-none-eabi/13.3.1/../../../../arm-none-eabi/lib/thumb/v7e-m+fp/softfp\libc_nano.a(libc_a-impure.o)
 .ARM.attributes
                0x00000645       0x32 C:/ST/STM32CubeIDE_1.18.0/STM32CubeIDE/plugins/com.st.stm32cube.ide.mcu.externaltools.gnu-tools-for-stm32.13.3.rel1.win32_1.0.0.202411081344/tools/bin/../lib/gcc/arm-none-eabi/13.3.1/../../../../arm-none-eabi/lib/thumb/v7e-m+fp/softfp\libc_nano.a(libc_a-errno.o)
 .ARM.attributes
                0x00000677       0x32 C:/ST/STM32CubeIDE_1.18.0/STM32CubeIDE/plugins/com.st.stm32cube.ide.mcu.externaltools.gnu-tools-for-stm32.13.3.rel1.win32_1.0.0.202411081344/tools/bin/../lib/gcc/arm-none-eabi/13.3.1/../../../../arm-none-eabi/lib/thumb/v7e-m+fp/softfp\libc_nano.a(libc_a-init.o)
 .ARM.attributes
                0x000006a9       0x32 C:/ST/STM32CubeIDE_1.18.0/STM32CubeIDE/plugins/com.st.stm32cube.ide.mcu.externaltools.gnu-tools-for-stm32.13.3.rel1.win32_1.0.0.202411081344/tools/bin/../lib/gcc/arm-none-eabi/13.3.1/../../../../arm-none-eabi/lib/thumb/v7e-m+fp/softfp\libc_nano.a(libc_a-lock.o)
 .ARM.attributes
                0x000006db       0x17 C:/ST/STM32CubeIDE_1.18.0/STM32CubeIDE/plugins/com.st.stm32cube.ide.mcu.externaltools.gnu-tools-for-stm32.13.3.rel1.win32_1.0.0.202411081344/tools/bin/../lib/gcc/arm-none-eabi/13.3.1/../../../../arm-none-eabi/lib/thumb/v7e-m+fp/softfp\libc_nano.a(libc_a-strlen.o)
 .ARM.attributes
                0x000006f2       0x32 C:/ST/STM32CubeIDE_1.18.0/STM32CubeIDE/plugins/com.st.stm32cube.ide.mcu.externaltools.gnu-tools-for-stm32.13.3.rel1.win32_1.0.0.202411081344/tools/bin/../lib/gcc/arm-none-eabi/13.3.1/../../../../arm-none-eabi/lib/thumb/v7e-m+fp/softfp\libc_nano.a(libc_a-freer.o)
 .ARM.attributes
                0x00000724       0x32 C:/ST/STM32CubeIDE_1.18.0/STM32CubeIDE/plugins/com.st.stm32cube.ide.mcu.externaltools.gnu-tools-for-stm32.13.3.rel1.win32_1.0.0.202411081344/tools/bin/../lib/gcc/arm-none-eabi/13.3.1/../../../../arm-none-eabi/lib/thumb/v7e-m+fp/softfp\libc_nano.a(libc_a-mallocr.o)
 .ARM.attributes
                0x00000756       0x32 C:/ST/STM32CubeIDE_1.18.0/STM32CubeIDE/plugins/com.st.stm32cube.ide.mcu.externaltools.gnu-tools-for-stm32.13.3.rel1.win32_1.0.0.202411081344/tools/bin/../lib/gcc/arm-none-eabi/13.3.1/../../../../arm-none-eabi/lib/thumb/v7e-m+fp/softfp\libc_nano.a(libc_a-mlock.o)
 .ARM.attributes
                0x00000788       0x32 C:/ST/STM32CubeIDE_1.18.0/STM32CubeIDE/plugins/com.st.stm32cube.ide.mcu.externaltools.gnu-tools-for-stm32.13.3.rel1.win32_1.0.0.202411081344/tools/bin/../lib/gcc/arm-none-eabi/13.3.1/../../../../arm-none-eabi/lib/thumb/v7e-m+fp/softfp\libc_nano.a(libc_a-nano-svfprintf.o)
 .ARM.attributes
                0x000007ba       0x32 C:/ST/STM32CubeIDE_1.18.0/STM32CubeIDE/plugins/com.st.stm32cube.ide.mcu.externaltools.gnu-tools-for-stm32.13.3.rel1.win32_1.0.0.202411081344/tools/bin/../lib/gcc/arm-none-eabi/13.3.1/../../../../arm-none-eabi/lib/thumb/v7e-m+fp/softfp\libc_nano.a(libc_a-nano-vfprintf_i.o)
 .ARM.attributes